 MHPServer

 Timestamp is 68068eee (Mon Apr 21 20:31:10 2025)

 Preferred load address is 00400000

 Start         Length     Name                   Class
 0001:00000000 00013f3cH .text                   CODE
 0001:00013f40 00000cfdH .text$x                 CODE
 0001:00014c40 000002a8H .text$yc                CODE
 0001:00014ef0 000004f3H .text$yd                CODE
 0002:00000000 00000570H .idata$5                DATA
 0002:00000570 00000004H .CRT$XCA                DATA
 0002:00000574 00000004H .CRT$XCAA               DATA
 0002:00000578 00000018H .CRT$XCL                DATA
 0002:00000590 0000003cH .CRT$XCU                DATA
 0002:000005cc 00000004H .CRT$XCZ                DATA
 0002:000005d0 00000004H .CRT$XIA                DATA
 0002:000005d4 00000004H .CRT$XIAA               DATA
 0002:000005d8 00000004H .CRT$XIC                DATA
 0002:000005dc 00000004H .CRT$XIY                DATA
 0002:000005e0 00000004H .CRT$XIZ                DATA
 0002:000005f0 00001c10H .rdata                  DATA
 0002:00002200 00000064H .rdata$debug            DATA
 0002:00002264 00000ab0H .rdata$r                DATA
 0002:00002d20 00000100H .rdata$sxdata           DATA
 0002:00002e20 00000004H .rtc$IAA                DATA
 0002:00002e24 00000004H .rtc$IZZ                DATA
 0002:00002e28 00000004H .rtc$TAA                DATA
 0002:00002e2c 00000004H .rtc$TZZ                DATA
 0002:00002e30 00001188H .xdata$x                DATA
 0002:00003fb8 00000000H ATL$__a                 DATA
 0002:00003fb8 00000000H ATL$__z                 DATA
 0002:00003fb8 00000118H .idata$2                DATA
 0002:000040d0 00000014H .idata$3                DATA
 0002:000040e4 00000570H .idata$4                DATA
 0002:00004654 00001e3aH .idata$6                DATA
 0002:0000648e 00000000H .edata                  DATA
 0003:00000000 00005470H .data                   DATA
 0003:00005470 0018518cH .bss                    DATA
 0004:00000000 00000394H .rsrc$01                DATA
 0004:000003a0 00003730H .rsrc$02                DATA

  Address         Publics by Value              Rva+Base       Lib:Object

 0000:00000000       __except_list              00000000     <absolute>
 0000:00000040       ___safe_se_handler_count   00000040     <absolute>
 0000:00009876       __ldused                   00009876     <absolute>
 0000:00009876       __fltused                  00009876     <absolute>
 0000:00000000       ___ImageBase               00400000     <linker-defined>
 0001:00000000       ??1bad_alloc@std@@UAE@XZ   00401000 f i pugixml.obj
 0001:00000010       ??_Ebad_alloc@std@@UAEPAXI@Z 00401010 f i  CIL library: CIL module
 0001:00000010       ??_Gbad_alloc@std@@UAEPAXI@Z 00401010 f i pugixml.obj
 0001:00000040       ??3@YAXPAX0@Z              00401040 f i pugixml.obj
 0001:00000050       ?assign@?$basic_string@DU?$char_traits@D@std@@V?$allocator@D@2@@std@@QAEAAV12@$$QAV12@@Z 00401050 f i pugixml.obj
 0001:000000c0       ?assign@?$basic_string@DU?$char_traits@D@std@@V?$allocator@D@2@@std@@QAEAAV12@ABV12@II@Z 004010c0 f i pugixml.obj
 0001:00000160       ?assign@?$basic_string@DU?$char_traits@D@std@@V?$allocator@D@2@@std@@QAEAAV12@PBDI@Z 00401160 f i pugixml.obj
 0001:00000230       ?erase@?$basic_string@DU?$char_traits@D@std@@V?$allocator@D@2@@std@@QAEAAV12@II@Z 00401230 f i pugixml.obj
 0001:000002b0       ?_Grow@?$basic_string@DU?$char_traits@D@std@@V?$allocator@D@2@@std@@QAE_NI_N@Z 004012b0 f i pugixml.obj
 0001:00000300       ?_Copy@?$basic_string@DU?$char_traits@D@std@@V?$allocator@D@2@@std@@QAEXII@Z 00401300 f i pugixml.obj
 0001:00000470       ?allocate@?$allocator@E@std@@QAEPAEI@Z 00401470 f i ScreenShot.obj
 0001:00000470       ?allocate@?$allocator@D@std@@QAEPADI@Z 00401470 f i pugixml.obj
 0001:000004c0       ??0bad_alloc@std@@QAE@ABV01@@Z 004014c0 f i pugixml.obj
 0001:000004e0       ??_ECAuthenticate@@UAEPAXI@Z 004014e0 f i  CIL library: CIL module
 0001:000004e0       ??_GCAuthenticate@@UAEPAXI@Z 004014e0 f i Authenticate.obj
 0001:00000530       ??_GCBlackList@@UAEPAXI@Z  00401530 f i BlackList.obj
 0001:00000530       ??_ECBlackList@@UAEPAXI@Z  00401530 f i  CIL library: CIL module
 0001:00000590       ?SetList@CBlackList@@QAEXPAD@Z 00401590 f   BlackList.obj
 0001:00000750       ?CheckIpAddress@CBlackList@@QAE_NPAD@Z 00401750 f   BlackList.obj
 0001:000007e0       ?CheckHardwareId@CBlackList@@QAE_NPAD@Z 004017e0 f   BlackList.obj
 0001:00000870       ?WriteNewBlackList@CBlackList@@QAEXPAD@Z 00401870 f   BlackList.obj
 0001:00000bd0       ??_D?$basic_ofstream@DU?$char_traits@D@std@@@std@@QAEXXZ 00401bd0 f i BlackList.obj
 0001:00000c50       ?push_back@?$vector@UBLACKLIST_IPADDR_INFO@@V?$allocator@UBLACKLIST_IPADDR_INFO@@@std@@@std@@QAEXABUBLACKLIST_IPADDR_INFO@@@Z 00401c50 f i BlackList.obj
 0001:00000cf0       ?clear@?$vector@UBLACKLIST_IPADDR_INFO@@V?$allocator@UBLACKLIST_IPADDR_INFO@@@std@@@std@@QAEXXZ 00401cf0 f i BlackList.obj
 0001:00000d30       ?push_back@?$vector@UBLACKLIST_HARDID_INFO@@V?$allocator@UBLACKLIST_HARDID_INFO@@@std@@@std@@QAEXABUBLACKLIST_HARDID_INFO@@@Z 00401d30 f i BlackList.obj
 0001:00000d90       ??0?$basic_ofstream@DU?$char_traits@D@std@@@std@@QAE@XZ 00401d90 f i BlackList.obj
 0001:00000e50       ??1?$basic_filebuf@DU?$char_traits@D@std@@@std@@UAE@XZ 00401e50 f i BlackList.obj
 0001:00000f10       ?_Lock@?$basic_filebuf@DU?$char_traits@D@std@@@std@@UAEXXZ 00401f10 f i BlackList.obj
 0001:00000f20       ?_Unlock@?$basic_filebuf@DU?$char_traits@D@std@@@std@@UAEXXZ 00401f20 f i BlackList.obj
 0001:00000f30       ?overflow@?$basic_filebuf@DU?$char_traits@D@std@@@std@@MAEHH@Z 00401f30 f i BlackList.obj
 0001:00001170       ?pbackfail@?$basic_filebuf@DU?$char_traits@D@std@@@std@@MAEHH@Z 00402170 f i BlackList.obj
 0001:00001200       ?underflow@?$basic_filebuf@DU?$char_traits@D@std@@@std@@MAEHXZ 00402200 f i BlackList.obj
 0001:00001250       ?uflow@?$basic_filebuf@DU?$char_traits@D@std@@@std@@MAEHXZ 00402250 f i BlackList.obj
 0001:000014f0       ?seekoff@?$basic_filebuf@DU?$char_traits@D@std@@@std@@MAE?AV?$fpos@H@2@_JHH@Z 004024f0 f i BlackList.obj
 0001:000015f0       ?seekpos@?$basic_filebuf@DU?$char_traits@D@std@@@std@@MAE?AV?$fpos@H@2@V32@H@Z 004025f0 f i BlackList.obj
 0001:000016e0       ?setbuf@?$basic_filebuf@DU?$char_traits@D@std@@@std@@MAEPAV?$basic_streambuf@DU?$char_traits@D@std@@@2@PAD_J@Z 004026e0 f i BlackList.obj
 0001:00001770       ?sync@?$basic_filebuf@DU?$char_traits@D@std@@@std@@MAEHXZ 00402770 f i BlackList.obj
 0001:000017b0       ?imbue@?$basic_filebuf@DU?$char_traits@D@std@@@std@@MAEXABVlocale@2@@Z 004027b0 f i BlackList.obj
 0001:000017f0       ??_E?$basic_ofstream@DU?$char_traits@D@std@@@std@@UAEPAXI@Z 004027f0 f i  CIL library: CIL module
 0001:000017f0       ??_G?$basic_ofstream@DU?$char_traits@D@std@@@std@@UAEPAXI@Z 004027f0 f i BlackList.obj
 0001:00001880       ??_E?$basic_filebuf@DU?$char_traits@D@std@@@std@@UAEPAXI@Z 00402880 f i  CIL library: CIL module
 0001:00001880       ??_G?$basic_filebuf@DU?$char_traits@D@std@@@std@@UAEPAXI@Z 00402880 f i BlackList.obj
 0001:000018b0       ?_Reserve@?$vector@UBLACKLIST_IPADDR_INFO@@V?$allocator@UBLACKLIST_IPADDR_INFO@@@std@@@std@@IAEXI@Z 004028b0 f i BlackList.obj
 0001:00001920       ?_Reserve@?$vector@UBLACKLIST_HARDID_INFO@@V?$allocator@UBLACKLIST_HARDID_INFO@@@std@@@std@@IAEXI@Z 00402920 f i BlackList.obj
 0001:00001990       ?open@?$basic_filebuf@DU?$char_traits@D@std@@@std@@QAEPAV12@PBDHH@Z 00402990 f i BlackList.obj
 0001:00001a90       ?_Endwrite@?$basic_filebuf@DU?$char_traits@D@std@@@std@@IAE_NXZ 00402a90 f i BlackList.obj
 0001:00001c20       ?_Reset_back@?$basic_filebuf@DU?$char_traits@D@std@@@std@@AAEXXZ 00402c20 f i BlackList.obj
 0001:00001c50       ?_Set_back@?$basic_filebuf@DU?$char_traits@D@std@@@std@@AAEXXZ 00402c50 f i BlackList.obj
 0001:00001c90       ?reserve@?$vector@UBLACKLIST_IPADDR_INFO@@V?$allocator@UBLACKLIST_IPADDR_INFO@@@std@@@std@@QAEXI@Z 00402c90 f i BlackList.obj
 0001:00001d80       ?reserve@?$vector@UBLACKLIST_HARDID_INFO@@V?$allocator@UBLACKLIST_HARDID_INFO@@@std@@@std@@QAEXI@Z 00402d80 f i BlackList.obj
 0001:00001e70       ?allocate@?$allocator@UBLACKLIST_IPADDR_INFO@@@std@@QAEPAUBLACKLIST_IPADDR_INFO@@I@Z 00402e70 f i BlackList.obj
 0001:00001ed0       ?allocate@?$allocator@UBLACKLIST_HARDID_INFO@@@std@@QAEPAUBLACKLIST_HARDID_INFO@@I@Z 00402ed0 f i BlackList.obj
 0001:00001f30       ??$?6U?$char_traits@D@std@@@std@@YAAAV?$basic_ostream@DU?$char_traits@D@std@@@0@AAV10@PBD@Z 00402f30 f i BlackList.obj
 0001:00002180       ??$use_facet@V?$codecvt@DDH@std@@@std@@YAABV?$codecvt@DDH@0@ABVlocale@0@@Z 00403180 f i BlackList.obj
 0001:00002280       ??$_Uninit_move@PAUBLACKLIST_IPADDR_INFO@@PAU1@V?$allocator@UBLACKLIST_IPADDR_INFO@@@std@@U1@@std@@YAPAUBLACKLIST_IPADDR_INFO@@PAU1@00AAV?$allocator@UBLACKLIST_IPADDR_INFO@@@0@0U_Nonscalar_ptr_iterator_tag@0@@Z 00403280 f i BlackList.obj
 0001:000022b0       ??$_Uninit_move@PAUBLACKLIST_HARDID_INFO@@PAU1@V?$allocator@UBLACKLIST_HARDID_INFO@@@std@@U1@@std@@YAPAUBLACKLIST_HARDID_INFO@@PAU1@00AAV?$allocator@UBLACKLIST_HARDID_INFO@@@0@0U_Nonscalar_ptr_iterator_tag@0@@Z 004032b0 f i BlackList.obj
 0001:000022e0       ??0?$basic_string@DU?$char_traits@D@std@@V?$allocator@D@2@@std@@QAE@ID@Z 004032e0 f i BlackList.obj
 0001:00002340       ??1locale@std@@QAE@XZ      00403340 f i BlackList.obj
 0001:00002360       ??1_Sentry_base@?$basic_ostream@DU?$char_traits@D@std@@@std@@QAE@XZ 00403360 f i BlackList.obj
 0001:00002380       ??1sentry@?$basic_ostream@DU?$char_traits@D@std@@@std@@QAE@XZ 00403380 f i BlackList.obj
 0001:000023f0       ?Initialize@CCRC32@@QAEXXZ 004033f0 f   CCRC32.obj
 0001:00002530       ?FileCRC@CCRC32@@QAE_NPBDPAKK@Z 00403530 f   CCRC32.obj
 0001:00002620       ??0CClientManager@@QAE@XZ  00403620 f   ClientManager.obj
 0001:00002660       ??_GCClientManager@@UAEPAXI@Z 00403660 f i ClientManager.obj
 0001:00002660       ??_ECClientManager@@UAEPAXI@Z 00403660 f i  CIL library: CIL module
 0001:00002690       ??1CClientManager@@UAE@XZ  00403690 f   ClientManager.obj
 0001:000026a0       ?AddClient@CClientManager@@QAEXHPADI@Z 004036a0 f   ClientManager.obj
 0001:000027f0       ?DelClient@CClientManager@@QAEXXZ 004037f0 f   ClientManager.obj
 0001:00002880       ?SetClientInfo@CClientManager@@QAEXPAD@Z 00403880 f   ClientManager.obj
 0001:000028b0       ??_D?$basic_stringstream@DU?$char_traits@D@std@@V?$allocator@D@2@@std@@QAEXXZ 004038b0 f i computerHash.obj
 0001:00002920       ?substr@?$basic_string@DU?$char_traits@D@std@@V?$allocator@D@2@@std@@QBE?AV12@II@Z 00403920 f i computerHash.obj
 0001:00002950       ??0?$basic_stringstream@DU?$char_traits@D@std@@V?$allocator@D@2@@std@@QAE@H@Z 00403950 f i computerHash.obj
 0001:000029f0       ?str@?$basic_stringstream@DU?$char_traits@D@std@@V?$allocator@D@2@@std@@QBE?AV?$basic_string@DU?$char_traits@D@std@@V?$allocator@D@2@@2@XZ 004039f0 f i computerHash.obj
 0001:00002a10       ??1?$basic_stringbuf@DU?$char_traits@D@std@@V?$allocator@D@2@@std@@UAE@XZ 00403a10 f i computerHash.obj
 0001:00002a80       ?overflow@?$basic_stringbuf@DU?$char_traits@D@std@@V?$allocator@D@2@@std@@MAEHH@Z 00403a80 f i computerHash.obj
 0001:00002c50       ?pbackfail@?$basic_stringbuf@DU?$char_traits@D@std@@V?$allocator@D@2@@std@@MAEHH@Z 00403c50 f i computerHash.obj
 0001:00002ca0       ?underflow@?$basic_stringbuf@DU?$char_traits@D@std@@V?$allocator@D@2@@std@@MAEHXZ 00403ca0 f i computerHash.obj
 0001:00002d10       ?seekoff@?$basic_stringbuf@DU?$char_traits@D@std@@V?$allocator@D@2@@std@@MAE?AV?$fpos@H@2@_JHH@Z 00403d10 f i computerHash.obj
 0001:00002ec0       ?seekpos@?$basic_stringbuf@DU?$char_traits@D@std@@V?$allocator@D@2@@std@@MAE?AV?$fpos@H@2@V32@H@Z 00403ec0 f i computerHash.obj
 0001:00002ff0       ??_E?$basic_stringstream@DU?$char_traits@D@std@@V?$allocator@D@2@@std@@UAEPAXI@Z 00403ff0 f i  CIL library: CIL module
 0001:00002ff0       ??_G?$basic_stringstream@DU?$char_traits@D@std@@V?$allocator@D@2@@std@@UAEPAXI@Z 00403ff0 f i computerHash.obj
 0001:00003080       ??_E?$basic_stringbuf@DU?$char_traits@D@std@@V?$allocator@D@2@@std@@UAEPAXI@Z 00404080 f i  CIL library: CIL module
 0001:00003080       ??_G?$basic_stringbuf@DU?$char_traits@D@std@@V?$allocator@D@2@@std@@UAEPAXI@Z 00404080 f i computerHash.obj
 0001:000030b0       ?str@?$basic_stringbuf@DU?$char_traits@D@std@@V?$allocator@D@2@@std@@QBE?AV?$basic_string@DU?$char_traits@D@std@@V?$allocator@D@2@@2@XZ 004040b0 f i computerHash.obj
 0001:000031e0       ??_GCCriticalSection@@UAEPAXI@Z 004041e0 f i CriticalSection.obj
 0001:000031e0       ??_ECCriticalSection@@UAEPAXI@Z 004041e0 f i  CIL library: CIL module
 0001:00003210       ??1CCriticalSection@@UAE@XZ 00404210 f   CriticalSection.obj
 0001:00003230       ?httpGet@@YAHPADH0@Z       00404230 f   FileDownloadHTTP.obj
 0001:00003470       ?recvLine@@YAHHPADH@Z      00404470 f   FileDownloadHTTP.obj
 0001:000034c0       ??$sprintf_s@$0PPPP@@@YAHAAY0PPPP@DPBDZZ 004044c0 f i FileDownloadHTTP.obj
 0001:000034e0       ?breakUrl@@YAXPBDPAUURLPARTS_T@@@Z 004044e0 f   FileDownloadURL.obj
 0001:00003640       _WinMain@16                00404640 f   HackServer.obj
 0001:00003870       ?MyRegisterClass@@YAGPAUHINSTANCE__@@@Z 00404870 f   HackServer.obj
 0001:000038f0       ?InitInstance@@YAHPAUHINSTANCE__@@H@Z 004048f0 f   HackServer.obj
 0001:00003960       ?wnd_proc@@YGJPAUHWND__@@IIJ@Z 00404960 f   HackServer.obj
 0001:00003bd0       ?About@@YGJPAUHWND__@@IIJ@Z 00404bd0 f   HackServer.obj
 0001:00003c10       ?PlayersList@@YGJPAUHWND__@@IIJ@Z 00404c10 f   HackServer.obj
 0001:00003d90       ?Banned@@YGJPAUHWND__@@IIJ@Z 00404d90 f   HackServer.obj
 0001:00003e80       ?Screen@@YGJPAUHWND__@@IIJ@Z 00404e80 f   HackServer.obj
 0001:00004060       ?SetListViewColumns@@YAHPAUHWND__@@HHPAPADPAH@Z 00405060 f   HackServer.obj
 0001:000040e0       ?CreateListView@@YAPAUHWND__@@PAU1@I@Z 004050e0 f   HackServer.obj
 0001:00004180       ?ProcessList@@YGJPAUHWND__@@IIJ@Z 00405180 f   HackServer.obj
 0001:000043a0       ?HackServerProtocolCore@@YAXHEPAEH@Z 004053a0 f   HackServerProtocol.obj
 0001:00004530       ?CHClientInfoRecv@@YAXPAUSDHP_CLIENT_INFO_RECV@@H@Z 00405530 f   HackServerProtocol.obj
 0001:00004870       ?CHConnectionStatusRecv@@YAXPAUSDHP_CONNECTION_STATUS_RECV@@H@Z 00405870 f   HackServerProtocol.obj
 0001:000048c0       ?CHClientDisconnectRecv@@YAXPAUSDHP_CLIENT_DISCONNECT_RECV@@H@Z 004058c0 f   HackServerProtocol.obj
 0001:00004b50       ?CGAccountInfoRecv@@YAXPAUSDHP_CLIENT_ACCOUNT_INFO_RECV@@H@Z 00405b50 f   HackServerProtocol.obj
 0001:00004ba0       ?HCDumpListSend@@YAXH@Z    00405ba0 f   HackServerProtocol.obj
 0001:00004d30       ?HCChecksumListSend@@YAXH@Z 00405d30 f   HackServerProtocol.obj
 0001:00004ea0       ?HCInternalListSend@@YAXH@Z 00405ea0 f   HackServerProtocol.obj
 0001:00005010       ?HCWindowListSend@@YAXH@Z  00406010 f   HackServerProtocol.obj
 0001:00005170       ?HCClientDisconnectSend@@YAXHH@Z 00406170 f   HackServerProtocol.obj
 0001:000051c0       ?init_dialog@CHelperPlayers@@QAEXQAUHWND__@@@Z 004061c0 f   HelperPlayers.obj
 0001:00005210       ?close_client@CHelperPlayers@@QAEXXZ 00406210 f   HelperPlayers.obj
 0001:000052b0       ?search_ip@CHelperPlayers@@QAEXXZ 004062b0 f   HelperPlayers.obj
 0001:00005520       ?ban_ip@CHelperPlayers@@QAEXXZ 00406520 f   HelperPlayers.obj
 0001:000055e0       ?ban_hwid@CHelperPlayers@@QAEXXZ 004065e0 f   HelperPlayers.obj
 0001:000056f0       ?reset_pc@CHelperPlayers@@QAEXXZ 004066f0 f   HelperPlayers.obj
 0001:00005790       ?list_ip@CHelperPlayers@@QAEXI@Z 00406790 f   HelperPlayers.obj
 0001:00005920       ?list_hwid@CHelperPlayers@@QAEXI@Z 00406920 f   HelperPlayers.obj
 0001:000059f0       ?make_screen_shot@CHelperPlayers@@QAEXXZ 004069f0 f   HelperPlayers.obj
 0001:00005a80       ?reload@CHelperPlayers@@QAEXXZ 00406a80 f   HelperPlayers.obj
 0001:00005ba0       ?process_list@CHelperPlayers@@QAEXXZ 00406ba0 f   HelperPlayers.obj
 0001:00005c40       ?screen_show@CHelperPlayers@@QAEXXZ 00406c40 f   HelperPlayers.obj
 0001:00005d70       ?set_account_info@CHelperPlayers@@QAEXH@Z 00406d70 f   HelperPlayers.obj
 0001:00005e30       ??0CHidManager@@QAE@XZ     00406e30 f   HidManager.obj
 0001:00005f10       ??_GCHidManager@@UAEPAXI@Z 00406f10 f i HidManager.obj
 0001:00005f10       ??_ECHidManager@@UAEPAXI@Z 00406f10 f i  CIL library: CIL module
 0001:00005fc0       ?CheckHardwareId@CHidManager@@QAE_NQAD@Z 00406fc0 f   HidManager.obj
 0001:00006040       ?InsertHardwareId@CHidManager@@QAEXQAD@Z 00407040 f   HidManager.obj
 0001:00006110       ?ClearHardwareId@CHidManager@@QAEXXZ 00407110 f   HidManager.obj
 0001:00006180       ?DeleteAllHardwareId@CHidManager@@QAEXXZ 00407180 f   HidManager.obj
 0001:00006200       ?CheckHwidConnectionLimit@CHidManager@@QAE_NPAD@Z 00407200 f   HidManager.obj
 0001:000062f0       ?IncrementHwidCount@CHidManager@@QAEXPAD@Z 004072f0 f   HidManager.obj
 0001:000063b0       ?DecrementHwidCount@CHidManager@@QAEXPAD@Z 004073b0 f   HidManager.obj
 0001:00006490       ??1?$vector@UHARDWARE_ID_INFO@@V?$allocator@UHARDWARE_ID_INFO@@@std@@@std@@QAE@XZ 00407490 f i HidManager.obj
 0001:000064c0       ??A?$map@V?$basic_string@DU?$char_traits@D@std@@V?$allocator@D@2@@std@@HU?$less@V?$basic_string@DU?$char_traits@D@std@@V?$allocator@D@2@@std@@@2@V?$allocator@U?$pair@$$CBV?$basic_string@DU?$char_traits@D@std@@V?$allocator@D@2@@std@@H@std@@@2@@std@@QAEAAHABV?$basic_string@DU?$char_traits@D@std@@V?$allocator@D@2@@1@@Z 004074c0 f i HidManager.obj
 0001:000065d0       ?erase@?$_Tree@V?$_Tmap_traits@V?$basic_string@DU?$char_traits@D@std@@V?$allocator@D@2@@std@@HU?$less@V?$basic_string@DU?$char_traits@D@std@@V?$allocator@D@2@@std@@@2@V?$allocator@U?$pair@$$CBV?$basic_string@DU?$char_traits@D@std@@V?$allocator@D@2@@std@@H@std@@@2@$0A@@std@@@std@@QAE?AV?$_Tree_iterator@V?$_Tree_val@V?$_Tmap_traits@V?$basic_string@DU?$char_traits@D@std@@V?$allocator@D@2@@std@@HU?$less@V?$basic_string@DU?$char_traits@D@std@@V?$allocator@D@2@@std@@@2@V?$allocator@U?$pair@$$CBV?$basic_string@DU?$char_traits@D@std@@V?$allocator@D@2@@std@@H@std@@@2@$0A@@std@@@std@@@2@V?$_Tree_const_iterator@V?$_Tree_val@V?$_Tmap_traits@V?$basic_string@DU?$char_traits@D@std@@V?$allocator@D@2@@std@@HU?$less@V?$basic_string@DU?$char_traits@D@std@@V?$allocator@D@2@@std@@@2@V?$allocator@U?$pair@$$CBV?$basic_string@DU?$char_traits@D@std@@V?$allocator@D@2@@std@@H@std@@@2@$0A@@std@@@std@@@2@@Z 004075d0 f i HidManager.obj
 0001:00006860       ?find@?$_Tree@V?$_Tmap_traits@V?$basic_string@DU?$char_traits@D@std@@V?$allocator@D@2@@std@@HU?$less@V?$basic_string@DU?$char_traits@D@std@@V?$allocator@D@2@@std@@@2@V?$allocator@U?$pair@$$CBV?$basic_string@DU?$char_traits@D@std@@V?$allocator@D@2@@std@@H@std@@@2@$0A@@std@@@std@@QAE?AV?$_Tree_iterator@V?$_Tree_val@V?$_Tmap_traits@V?$basic_string@DU?$char_traits@D@std@@V?$allocator@D@2@@std@@HU?$less@V?$basic_string@DU?$char_traits@D@std@@V?$allocator@D@2@@std@@@2@V?$allocator@U?$pair@$$CBV?$basic_string@DU?$char_traits@D@std@@V?$allocator@D@2@@std@@H@std@@@2@$0A@@std@@@std@@@2@ABV?$basic_string@DU?$char_traits@D@std@@V?$allocator@D@2@@2@@Z 00407860 f i HidManager.obj
 0001:000068f0       ?_Reserve@?$vector@UHARDWARE_ID_INFO@@V?$allocator@UHARDWARE_ID_INFO@@@std@@@std@@IAEXI@Z 004078f0 f i HidManager.obj
 0001:00006960       ?_Lrotate@?$_Tree@V?$_Tmap_traits@V?$basic_string@DU?$char_traits@D@std@@V?$allocator@D@2@@std@@HU?$less@V?$basic_string@DU?$char_traits@D@std@@V?$allocator@D@2@@std@@@2@V?$allocator@U?$pair@$$CBV?$basic_string@DU?$char_traits@D@std@@V?$allocator@D@2@@std@@H@std@@@2@$0A@@std@@@std@@IAEXPAU_Node@?$_Tree_nod@V?$_Tmap_traits@V?$basic_string@DU?$char_traits@D@std@@V?$allocator@D@2@@std@@HU?$less@V?$basic_string@DU?$char_traits@D@std@@V?$allocator@D@2@@std@@@2@V?$allocator@U?$pair@$$CBV?$basic_string@DU?$char_traits@D@std@@V?$allocator@D@2@@std@@H@std@@@2@$0A@@std@@@2@@Z 00407960 f i HidManager.obj
 0001:000069c0       ?_Rrotate@?$_Tree@V?$_Tmap_traits@V?$basic_string@DU?$char_traits@D@std@@V?$allocator@D@2@@std@@HU?$less@V?$basic_string@DU?$char_traits@D@std@@V?$allocator@D@2@@std@@@2@V?$allocator@U?$pair@$$CBV?$basic_string@DU?$char_traits@D@std@@V?$allocator@D@2@@std@@H@std@@@2@$0A@@std@@@std@@IAEXPAU_Node@?$_Tree_nod@V?$_Tmap_traits@V?$basic_string@DU?$char_traits@D@std@@V?$allocator@D@2@@std@@HU?$less@V?$basic_string@DU?$char_traits@D@std@@V?$allocator@D@2@@std@@@2@V?$allocator@U?$pair@$$CBV?$basic_string@DU?$char_traits@D@std@@V?$allocator@D@2@@std@@H@std@@@2@$0A@@std@@@2@@Z 004079c0 f i HidManager.obj
 0001:00006a20       ?_Max@?$_Tree_val@V?$_Tmap_traits@V?$basic_string@DU?$char_traits@D@std@@V?$allocator@D@2@@std@@HU?$less@V?$basic_string@DU?$char_traits@D@std@@V?$allocator@D@2@@std@@@2@V?$allocator@U?$pair@$$CBV?$basic_string@DU?$char_traits@D@std@@V?$allocator@D@2@@std@@H@std@@@2@$0A@@std@@@std@@SAPAU_Node@?$_Tree_nod@V?$_Tmap_traits@V?$basic_string@DU?$char_traits@D@std@@V?$allocator@D@2@@std@@HU?$less@V?$basic_string@DU?$char_traits@D@std@@V?$allocator@D@2@@std@@@2@V?$allocator@U?$pair@$$CBV?$basic_string@DU?$char_traits@D@std@@V?$allocator@D@2@@std@@H@std@@@2@$0A@@std@@@2@PAU342@@Z 00407a20 f i HidManager.obj
 0001:00006a40       ??R?$less@V?$basic_string@DU?$char_traits@D@std@@V?$allocator@D@2@@std@@@std@@QBE_NABV?$basic_string@DU?$char_traits@D@std@@V?$allocator@D@2@@1@0@Z 00407a40 f i HidManager.obj
 0001:00006a90       ?reserve@?$vector@UHARDWARE_ID_INFO@@V?$allocator@UHARDWARE_ID_INFO@@@std@@@std@@QAEXI@Z 00407a90 f i HidManager.obj
 0001:00006b80       ?erase@?$_Tree@V?$_Tmap_traits@V?$basic_string@DU?$char_traits@D@std@@V?$allocator@D@2@@std@@HU?$less@V?$basic_string@DU?$char_traits@D@std@@V?$allocator@D@2@@std@@@2@V?$allocator@U?$pair@$$CBV?$basic_string@DU?$char_traits@D@std@@V?$allocator@D@2@@std@@H@std@@@2@$0A@@std@@@std@@QAE?AV?$_Tree_iterator@V?$_Tree_val@V?$_Tmap_traits@V?$basic_string@DU?$char_traits@D@std@@V?$allocator@D@2@@std@@HU?$less@V?$basic_string@DU?$char_traits@D@std@@V?$allocator@D@2@@std@@@2@V?$allocator@U?$pair@$$CBV?$basic_string@DU?$char_traits@D@std@@V?$allocator@D@2@@std@@H@std@@@2@$0A@@std@@@std@@@2@V?$_Tree_const_iterator@V?$_Tree_val@V?$_Tmap_traits@V?$basic_string@DU?$char_traits@D@std@@V?$allocator@D@2@@std@@HU?$less@V?$basic_string@DU?$char_traits@D@std@@V?$allocator@D@2@@std@@@2@V?$allocator@U?$pair@$$CBV?$basic_string@DU?$char_traits@D@std@@V?$allocator@D@2@@std@@H@std@@@2@$0A@@std@@@std@@@2@0@Z 00407b80 f i HidManager.obj
 0001:00006c40       ?_Lbound@?$_Tree@V?$_Tmap_traits@V?$basic_string@DU?$char_traits@D@std@@V?$allocator@D@2@@std@@HU?$less@V?$basic_string@DU?$char_traits@D@std@@V?$allocator@D@2@@std@@@2@V?$allocator@U?$pair@$$CBV?$basic_string@DU?$char_traits@D@std@@V?$allocator@D@2@@std@@H@std@@@2@$0A@@std@@@std@@IAEPAU_Node@?$_Tree_nod@V?$_Tmap_traits@V?$basic_string@DU?$char_traits@D@std@@V?$allocator@D@2@@std@@HU?$less@V?$basic_string@DU?$char_traits@D@std@@V?$allocator@D@2@@std@@@2@V?$allocator@U?$pair@$$CBV?$basic_string@DU?$char_traits@D@std@@V?$allocator@D@2@@std@@H@std@@@2@$0A@@std@@@2@ABV?$basic_string@DU?$char_traits@D@std@@V?$allocator@D@2@@2@@Z 00407c40 f i HidManager.obj
 0001:00006cc0       ??E?$_Tree_unchecked_const_iterator@V?$_Tree_val@V?$_Tmap_traits@V?$basic_string@DU?$char_traits@D@std@@V?$allocator@D@2@@std@@HU?$less@V?$basic_string@DU?$char_traits@D@std@@V?$allocator@D@2@@std@@@2@V?$allocator@U?$pair@$$CBV?$basic_string@DU?$char_traits@D@std@@V?$allocator@D@2@@std@@H@std@@@2@$0A@@std@@@std@@U_Iterator_base0@2@@std@@QAEAAV01@XZ 00407cc0 f i HidManager.obj
 0001:00006d10       ?allocate@?$allocator@UHARDWARE_ID_INFO@@@std@@QAEPAUHARDWARE_ID_INFO@@I@Z 00407d10 f i HidManager.obj
 0001:00006d70       ?_Erase@?$_Tree@V?$_Tmap_traits@V?$basic_string@DU?$char_traits@D@std@@V?$allocator@D@2@@std@@HU?$less@V?$basic_string@DU?$char_traits@D@std@@V?$allocator@D@2@@std@@@2@V?$allocator@U?$pair@$$CBV?$basic_string@DU?$char_traits@D@std@@V?$allocator@D@2@@std@@H@std@@@2@$0A@@std@@@std@@IAEXPAU_Node@?$_Tree_nod@V?$_Tmap_traits@V?$basic_string@DU?$char_traits@D@std@@V?$allocator@D@2@@std@@HU?$less@V?$basic_string@DU?$char_traits@D@std@@V?$allocator@D@2@@std@@@2@V?$allocator@U?$pair@$$CBV?$basic_string@DU?$char_traits@D@std@@V?$allocator@D@2@@std@@H@std@@@2@$0A@@std@@@2@@Z 00407d70 f i HidManager.obj
 0001:00006de0       ?_Insert@?$_Tree@V?$_Tmap_traits@V?$basic_string@DU?$char_traits@D@std@@V?$allocator@D@2@@std@@HU?$less@V?$basic_string@DU?$char_traits@D@std@@V?$allocator@D@2@@std@@@2@V?$allocator@U?$pair@$$CBV?$basic_string@DU?$char_traits@D@std@@V?$allocator@D@2@@std@@H@std@@@2@$0A@@std@@@std@@QAE?AV?$_Tree_iterator@V?$_Tree_val@V?$_Tmap_traits@V?$basic_string@DU?$char_traits@D@std@@V?$allocator@D@2@@std@@HU?$less@V?$basic_string@DU?$char_traits@D@std@@V?$allocator@D@2@@std@@@2@V?$allocator@U?$pair@$$CBV?$basic_string@DU?$char_traits@D@std@@V?$allocator@D@2@@std@@H@std@@@2@$0A@@std@@@std@@@2@V?$_Tree_const_iterator@V?$_Tree_val@V?$_Tmap_traits@V?$basic_string@DU?$char_traits@D@std@@V?$allocator@D@2@@std@@HU?$less@V?$basic_string@DU?$char_traits@D@std@@V?$allocator@D@2@@std@@@2@V?$allocator@U?$pair@$$CBV?$basic_string@DU?$char_traits@D@std@@V?$allocator@D@2@@std@@H@std@@@2@$0A@@std@@@std@@@2@PAU_Node@?$_Tree_nod@V?$_Tmap_traits@V?$basic_string@DU?$char_traits@D@std@@V?$allocator@D@2@@std@@HU?$less@V?$basic_string@DU?$char_traits@D@std@@V?$allocator@D@2@@std@@@2@V?$allocator@U?$pair@$$CBV?$basic_string@DU?$char_traits@D@std@@V?$allocator@D@2@@std@@H@std@@@2@$0A@@std@@@2@@Z 00407de0 f i HidManager.obj
 0001:00006f50       ?_Linsert@?$_Tree@V?$_Tmap_traits@V?$basic_string@DU?$char_traits@D@std@@V?$allocator@D@2@@std@@HU?$less@V?$basic_string@DU?$char_traits@D@std@@V?$allocator@D@2@@std@@@2@V?$allocator@U?$pair@$$CBV?$basic_string@DU?$char_traits@D@std@@V?$allocator@D@2@@std@@H@std@@@2@$0A@@std@@@std@@QAE?AU?$pair@V?$_Tree_iterator@V?$_Tree_val@V?$_Tmap_traits@V?$basic_string@DU?$char_traits@D@std@@V?$allocator@D@2@@std@@HU?$less@V?$basic_string@DU?$char_traits@D@std@@V?$allocator@D@2@@std@@@2@V?$allocator@U?$pair@$$CBV?$basic_string@DU?$char_traits@D@std@@V?$allocator@D@2@@std@@H@std@@@2@$0A@@std@@@std@@@std@@_N@2@PAU_Node@?$_Tree_nod@V?$_Tmap_traits@V?$basic_string@DU?$char_traits@D@std@@V?$allocator@D@2@@std@@HU?$less@V?$basic_string@DU?$char_traits@D@std@@V?$allocator@D@2@@std@@@2@V?$allocator@U?$pair@$$CBV?$basic_string@DU?$char_traits@D@std@@V?$allocator@D@2@@std@@H@std@@@2@$0A@@std@@@2@_N@Z 00407f50 f i HidManager.obj
 0001:000070f0       ?_Insert@?$_Tree@V?$_Tmap_traits@V?$basic_string@DU?$char_traits@D@std@@V?$allocator@D@2@@std@@HU?$less@V?$basic_string@DU?$char_traits@D@std@@V?$allocator@D@2@@std@@@2@V?$allocator@U?$pair@$$CBV?$basic_string@DU?$char_traits@D@std@@V?$allocator@D@2@@std@@H@std@@@2@$0A@@std@@@std@@IAE?AV?$_Tree_iterator@V?$_Tree_val@V?$_Tmap_traits@V?$basic_string@DU?$char_traits@D@std@@V?$allocator@D@2@@std@@HU?$less@V?$basic_string@DU?$char_traits@D@std@@V?$allocator@D@2@@std@@@2@V?$allocator@U?$pair@$$CBV?$basic_string@DU?$char_traits@D@std@@V?$allocator@D@2@@std@@H@std@@@2@$0A@@std@@@std@@@2@_NPAU_Node@?$_Tree_nod@V?$_Tmap_traits@V?$basic_string@DU?$char_traits@D@std@@V?$allocator@D@2@@std@@HU?$less@V?$basic_string@DU?$char_traits@D@std@@V?$allocator@D@2@@std@@@2@V?$allocator@U?$pair@$$CBV?$basic_string@DU?$char_traits@D@std@@V?$allocator@D@2@@std@@H@std@@@2@$0A@@std@@@2@1@Z 004080f0 f i HidManager.obj
 0001:00007320       ??F?$_Tree_unchecked_const_iterator@V?$_Tree_val@V?$_Tmap_traits@V?$basic_string@DU?$char_traits@D@std@@V?$allocator@D@2@@std@@HU?$less@V?$basic_string@DU?$char_traits@D@std@@V?$allocator@D@2@@std@@@2@V?$allocator@U?$pair@$$CBV?$basic_string@DU?$char_traits@D@std@@V?$allocator@D@2@@std@@H@std@@@2@$0A@@std@@@std@@U_Iterator_base0@2@@std@@QAEAAV01@XZ 00408320 f i HidManager.obj
 0001:00007380       ??$_Buynode@U?$pair@$$CBV?$basic_string@DU?$char_traits@D@std@@V?$allocator@D@2@@std@@H@std@@@?$_Tree_val@V?$_Tmap_traits@V?$basic_string@DU?$char_traits@D@std@@V?$allocator@D@2@@std@@HU?$less@V?$basic_string@DU?$char_traits@D@std@@V?$allocator@D@2@@std@@@2@V?$allocator@U?$pair@$$CBV?$basic_string@DU?$char_traits@D@std@@V?$allocator@D@2@@std@@H@std@@@2@$0A@@std@@@std@@QAEPAU_Node@?$_Tree_nod@V?$_Tmap_traits@V?$basic_string@DU?$char_traits@D@std@@V?$allocator@D@2@@std@@HU?$less@V?$basic_string@DU?$char_traits@D@std@@V?$allocator@D@2@@std@@@2@V?$allocator@U?$pair@$$CBV?$basic_string@DU?$char_traits@D@std@@V?$allocator@D@2@@std@@H@std@@@2@$0A@@std@@@1@$$QAU?$pair@$$CBV?$basic_string@DU?$char_traits@D@std@@V?$allocator@D@2@@std@@H@1@@Z 00408380 f i HidManager.obj
 0001:00007460       ??$_Uninit_move@PAUHARDWARE_ID_INFO@@PAU1@V?$allocator@UHARDWARE_ID_INFO@@@std@@U1@@std@@YAPAUHARDWARE_ID_INFO@@PAU1@00AAV?$allocator@UHARDWARE_ID_INFO@@@0@0U_Nonscalar_ptr_iterator_tag@0@@Z 00408460 f i HidManager.obj
 0001:00007490       ?compare@?$char_traits@D@std@@SAHPBD0I@Z 00408490 f i HidManager.obj
 0001:00007510       ??_GCIpManager@@UAEPAXI@Z  00408510 f i IpManager.obj
 0001:00007510       ??_ECIpManager@@UAEPAXI@Z  00408510 f i  CIL library: CIL module
 0001:00007590       ?CheckIpAddress@CIpManager@@QAE_NPAD@Z 00408590 f   IpManager.obj
 0001:00007660       ?InsertIpAddress@CIpManager@@QAEXPAD@Z 00408660 f   IpManager.obj
 0001:00007810       ??1?$pair@$$CBV?$basic_string@DU?$char_traits@D@std@@V?$allocator@D@2@@std@@H@std@@QAE@XZ 00408810 f i HidManager.obj
 0001:00007810       ??1?$pair@V?$basic_string@DU?$char_traits@D@std@@V?$allocator@D@2@@std@@UIP_ADDRESS_INFO@@@std@@QAE@XZ 00408810 f i IpManager.obj
 0001:00007810       ??1?$basic_string@DU?$char_traits@D@std@@V?$allocator@D@2@@std@@QAE@XZ 00408810 f i pugixml.obj
 0001:00007840       ?RemoveIpAddress@CIpManager@@QAEXPAD@Z 00408840 f   IpManager.obj
 0001:00007910       ?erase@?$_Tree@V?$_Tmap_traits@V?$basic_string@DU?$char_traits@D@std@@V?$allocator@D@2@@std@@UIP_ADDRESS_INFO@@U?$less@V?$basic_string@DU?$char_traits@D@std@@V?$allocator@D@2@@std@@@2@V?$allocator@U?$pair@$$CBV?$basic_string@DU?$char_traits@D@std@@V?$allocator@D@2@@std@@UIP_ADDRESS_INFO@@@std@@@2@$0A@@std@@@std@@QAE?AV?$_Tree_iterator@V?$_Tree_val@V?$_Tmap_traits@V?$basic_string@DU?$char_traits@D@std@@V?$allocator@D@2@@std@@UIP_ADDRESS_INFO@@U?$less@V?$basic_string@DU?$char_traits@D@std@@V?$allocator@D@2@@std@@@2@V?$allocator@U?$pair@$$CBV?$basic_string@DU?$char_traits@D@std@@V?$allocator@D@2@@std@@UIP_ADDRESS_INFO@@@std@@@2@$0A@@std@@@std@@@2@V?$_Tree_const_iterator@V?$_Tree_val@V?$_Tmap_traits@V?$basic_string@DU?$char_traits@D@std@@V?$allocator@D@2@@std@@UIP_ADDRESS_INFO@@U?$less@V?$basic_string@DU?$char_traits@D@std@@V?$allocator@D@2@@std@@@2@V?$allocator@U?$pair@$$CBV?$basic_string@DU?$char_traits@D@std@@V?$allocator@D@2@@std@@UIP_ADDRESS_INFO@@@std@@@2@$0A@@std@@@std@@@2@@Z 00408910 f i IpManager.obj
 0001:00007ba0       ?find@?$_Tree@V?$_Tmap_traits@V?$basic_string@DU?$char_traits@D@std@@V?$allocator@D@2@@std@@UIP_ADDRESS_INFO@@U?$less@V?$basic_string@DU?$char_traits@D@std@@V?$allocator@D@2@@std@@@2@V?$allocator@U?$pair@$$CBV?$basic_string@DU?$char_traits@D@std@@V?$allocator@D@2@@std@@UIP_ADDRESS_INFO@@@std@@@2@$0A@@std@@@std@@QAE?AV?$_Tree_iterator@V?$_Tree_val@V?$_Tmap_traits@V?$basic_string@DU?$char_traits@D@std@@V?$allocator@D@2@@std@@UIP_ADDRESS_INFO@@U?$less@V?$basic_string@DU?$char_traits@D@std@@V?$allocator@D@2@@std@@@2@V?$allocator@U?$pair@$$CBV?$basic_string@DU?$char_traits@D@std@@V?$allocator@D@2@@std@@UIP_ADDRESS_INFO@@@std@@@2@$0A@@std@@@std@@@2@ABV?$basic_string@DU?$char_traits@D@std@@V?$allocator@D@2@@2@@Z 00408ba0 f i IpManager.obj
 0001:00007c30       ?_Lrotate@?$_Tree@V?$_Tmap_traits@V?$basic_string@DU?$char_traits@D@std@@V?$allocator@D@2@@std@@UIP_ADDRESS_INFO@@U?$less@V?$basic_string@DU?$char_traits@D@std@@V?$allocator@D@2@@std@@@2@V?$allocator@U?$pair@$$CBV?$basic_string@DU?$char_traits@D@std@@V?$allocator@D@2@@std@@UIP_ADDRESS_INFO@@@std@@@2@$0A@@std@@@std@@IAEXPAU_Node@?$_Tree_nod@V?$_Tmap_traits@V?$basic_string@DU?$char_traits@D@std@@V?$allocator@D@2@@std@@UIP_ADDRESS_INFO@@U?$less@V?$basic_string@DU?$char_traits@D@std@@V?$allocator@D@2@@std@@@2@V?$allocator@U?$pair@$$CBV?$basic_string@DU?$char_traits@D@std@@V?$allocator@D@2@@std@@UIP_ADDRESS_INFO@@@std@@@2@$0A@@std@@@2@@Z 00408c30 f i IpManager.obj
 0001:00007c90       ?_Rrotate@?$_Tree@V?$_Tmap_traits@V?$basic_string@DU?$char_traits@D@std@@V?$allocator@D@2@@std@@UIP_ADDRESS_INFO@@U?$less@V?$basic_string@DU?$char_traits@D@std@@V?$allocator@D@2@@std@@@2@V?$allocator@U?$pair@$$CBV?$basic_string@DU?$char_traits@D@std@@V?$allocator@D@2@@std@@UIP_ADDRESS_INFO@@@std@@@2@$0A@@std@@@std@@IAEXPAU_Node@?$_Tree_nod@V?$_Tmap_traits@V?$basic_string@DU?$char_traits@D@std@@V?$allocator@D@2@@std@@UIP_ADDRESS_INFO@@U?$less@V?$basic_string@DU?$char_traits@D@std@@V?$allocator@D@2@@std@@@2@V?$allocator@U?$pair@$$CBV?$basic_string@DU?$char_traits@D@std@@V?$allocator@D@2@@std@@UIP_ADDRESS_INFO@@@std@@@2@$0A@@std@@@2@@Z 00408c90 f i IpManager.obj
 0001:00007cf0       ??1?$_Tree_val@V?$_Tmap_traits@H_NU?$less@H@std@@V?$allocator@U?$pair@$$CBH_N@std@@@2@$0A@@std@@@std@@QAE@XZ 00408cf0 f i Protection.obj
 0001:00007cf0       ??1?$_Tree_val@V?$_Tmap_traits@V?$basic_string@DU?$char_traits@D@std@@V?$allocator@D@2@@std@@UIP_ADDRESS_INFO@@U?$less@V?$basic_string@DU?$char_traits@D@std@@V?$allocator@D@2@@std@@@2@V?$allocator@U?$pair@$$CBV?$basic_string@DU?$char_traits@D@std@@V?$allocator@D@2@@std@@UIP_ADDRESS_INFO@@@std@@@2@$0A@@std@@@std@@QAE@XZ 00408cf0 f i IpManager.obj
 0001:00007cf0       ??1?$_Tree_val@V?$_Tmap_traits@KUPROCESS_CACHE_INFO@@U?$less@K@std@@V?$allocator@U?$pair@$$CBKUPROCESS_CACHE_INFO@@@std@@@3@$0A@@std@@@std@@QAE@XZ 00408cf0 f i ProcessManager.obj
 0001:00007cf0       ??1?$_Tree_val@V?$_Tmap_traits@V?$basic_string@DU?$char_traits@D@std@@V?$allocator@D@2@@std@@HU?$less@V?$basic_string@DU?$char_traits@D@std@@V?$allocator@D@2@@std@@@2@V?$allocator@U?$pair@$$CBV?$basic_string@DU?$char_traits@D@std@@V?$allocator@D@2@@std@@H@std@@@2@$0A@@std@@@std@@QAE@XZ 00408cf0 f i HidManager.obj
 0001:00007d00       ?_Max@?$_Tree_val@V?$_Tmap_traits@V?$basic_string@DU?$char_traits@D@std@@V?$allocator@D@2@@std@@UIP_ADDRESS_INFO@@U?$less@V?$basic_string@DU?$char_traits@D@std@@V?$allocator@D@2@@std@@@2@V?$allocator@U?$pair@$$CBV?$basic_string@DU?$char_traits@D@std@@V?$allocator@D@2@@std@@UIP_ADDRESS_INFO@@@std@@@2@$0A@@std@@@std@@SAPAU_Node@?$_Tree_nod@V?$_Tmap_traits@V?$basic_string@DU?$char_traits@D@std@@V?$allocator@D@2@@std@@UIP_ADDRESS_INFO@@U?$less@V?$basic_string@DU?$char_traits@D@std@@V?$allocator@D@2@@std@@@2@V?$allocator@U?$pair@$$CBV?$basic_string@DU?$char_traits@D@std@@V?$allocator@D@2@@std@@UIP_ADDRESS_INFO@@@std@@@2@$0A@@std@@@2@PAU342@@Z 00408d00 f i IpManager.obj
 0001:00007d20       ?erase@?$_Tree@V?$_Tmap_traits@V?$basic_string@DU?$char_traits@D@std@@V?$allocator@D@2@@std@@UIP_ADDRESS_INFO@@U?$less@V?$basic_string@DU?$char_traits@D@std@@V?$allocator@D@2@@std@@@2@V?$allocator@U?$pair@$$CBV?$basic_string@DU?$char_traits@D@std@@V?$allocator@D@2@@std@@UIP_ADDRESS_INFO@@@std@@@2@$0A@@std@@@std@@QAE?AV?$_Tree_iterator@V?$_Tree_val@V?$_Tmap_traits@V?$basic_string@DU?$char_traits@D@std@@V?$allocator@D@2@@std@@UIP_ADDRESS_INFO@@U?$less@V?$basic_string@DU?$char_traits@D@std@@V?$allocator@D@2@@std@@@2@V?$allocator@U?$pair@$$CBV?$basic_string@DU?$char_traits@D@std@@V?$allocator@D@2@@std@@UIP_ADDRESS_INFO@@@std@@@2@$0A@@std@@@std@@@2@V?$_Tree_const_iterator@V?$_Tree_val@V?$_Tmap_traits@V?$basic_string@DU?$char_traits@D@std@@V?$allocator@D@2@@std@@UIP_ADDRESS_INFO@@U?$less@V?$basic_string@DU?$char_traits@D@std@@V?$allocator@D@2@@std@@@2@V?$allocator@U?$pair@$$CBV?$basic_string@DU?$char_traits@D@std@@V?$allocator@D@2@@std@@UIP_ADDRESS_INFO@@@std@@@2@$0A@@std@@@std@@@2@0@Z 00408d20 f i IpManager.obj
 0001:00007de0       ?_Lbound@?$_Tree@V?$_Tmap_traits@V?$basic_string@DU?$char_traits@D@std@@V?$allocator@D@2@@std@@UIP_ADDRESS_INFO@@U?$less@V?$basic_string@DU?$char_traits@D@std@@V?$allocator@D@2@@std@@@2@V?$allocator@U?$pair@$$CBV?$basic_string@DU?$char_traits@D@std@@V?$allocator@D@2@@std@@UIP_ADDRESS_INFO@@@std@@@2@$0A@@std@@@std@@IAEPAU_Node@?$_Tree_nod@V?$_Tmap_traits@V?$basic_string@DU?$char_traits@D@std@@V?$allocator@D@2@@std@@UIP_ADDRESS_INFO@@U?$less@V?$basic_string@DU?$char_traits@D@std@@V?$allocator@D@2@@std@@@2@V?$allocator@U?$pair@$$CBV?$basic_string@DU?$char_traits@D@std@@V?$allocator@D@2@@std@@UIP_ADDRESS_INFO@@@std@@@2@$0A@@std@@@2@ABV?$basic_string@DU?$char_traits@D@std@@V?$allocator@D@2@@2@@Z 00408de0 f i IpManager.obj
 0001:00007e60       ??E?$_Tree_unchecked_const_iterator@V?$_Tree_val@V?$_Tmap_traits@V?$basic_string@DU?$char_traits@D@std@@V?$allocator@D@2@@std@@UIP_ADDRESS_INFO@@U?$less@V?$basic_string@DU?$char_traits@D@std@@V?$allocator@D@2@@std@@@2@V?$allocator@U?$pair@$$CBV?$basic_string@DU?$char_traits@D@std@@V?$allocator@D@2@@std@@UIP_ADDRESS_INFO@@@std@@@2@$0A@@std@@@std@@U_Iterator_base0@2@@std@@QAEAAV01@XZ 00408e60 f i IpManager.obj
 0001:00007eb0       ?_Erase@?$_Tree@V?$_Tmap_traits@V?$basic_string@DU?$char_traits@D@std@@V?$allocator@D@2@@std@@UIP_ADDRESS_INFO@@U?$less@V?$basic_string@DU?$char_traits@D@std@@V?$allocator@D@2@@std@@@2@V?$allocator@U?$pair@$$CBV?$basic_string@DU?$char_traits@D@std@@V?$allocator@D@2@@std@@UIP_ADDRESS_INFO@@@std@@@2@$0A@@std@@@std@@IAEXPAU_Node@?$_Tree_nod@V?$_Tmap_traits@V?$basic_string@DU?$char_traits@D@std@@V?$allocator@D@2@@std@@UIP_ADDRESS_INFO@@U?$less@V?$basic_string@DU?$char_traits@D@std@@V?$allocator@D@2@@std@@@2@V?$allocator@U?$pair@$$CBV?$basic_string@DU?$char_traits@D@std@@V?$allocator@D@2@@std@@UIP_ADDRESS_INFO@@@std@@@2@$0A@@std@@@2@@Z 00408eb0 f i IpManager.obj
 0001:00007f20       ?_Linsert@?$_Tree@V?$_Tmap_traits@V?$basic_string@DU?$char_traits@D@std@@V?$allocator@D@2@@std@@UIP_ADDRESS_INFO@@U?$less@V?$basic_string@DU?$char_traits@D@std@@V?$allocator@D@2@@std@@@2@V?$allocator@U?$pair@$$CBV?$basic_string@DU?$char_traits@D@std@@V?$allocator@D@2@@std@@UIP_ADDRESS_INFO@@@std@@@2@$0A@@std@@@std@@QAE?AU?$pair@V?$_Tree_iterator@V?$_Tree_val@V?$_Tmap_traits@V?$basic_string@DU?$char_traits@D@std@@V?$allocator@D@2@@std@@UIP_ADDRESS_INFO@@U?$less@V?$basic_string@DU?$char_traits@D@std@@V?$allocator@D@2@@std@@@2@V?$allocator@U?$pair@$$CBV?$basic_string@DU?$char_traits@D@std@@V?$allocator@D@2@@std@@UIP_ADDRESS_INFO@@@std@@@2@$0A@@std@@@std@@@std@@_N@2@PAU_Node@?$_Tree_nod@V?$_Tmap_traits@V?$basic_string@DU?$char_traits@D@std@@V?$allocator@D@2@@std@@UIP_ADDRESS_INFO@@U?$less@V?$basic_string@DU?$char_traits@D@std@@V?$allocator@D@2@@std@@@2@V?$allocator@U?$pair@$$CBV?$basic_string@DU?$char_traits@D@std@@V?$allocator@D@2@@std@@UIP_ADDRESS_INFO@@@std@@@2@$0A@@std@@@2@_N@Z 00408f20 f i IpManager.obj
 0001:000080c0       ?_Insert@?$_Tree@V?$_Tmap_traits@V?$basic_string@DU?$char_traits@D@std@@V?$allocator@D@2@@std@@UIP_ADDRESS_INFO@@U?$less@V?$basic_string@DU?$char_traits@D@std@@V?$allocator@D@2@@std@@@2@V?$allocator@U?$pair@$$CBV?$basic_string@DU?$char_traits@D@std@@V?$allocator@D@2@@std@@UIP_ADDRESS_INFO@@@std@@@2@$0A@@std@@@std@@IAE?AV?$_Tree_iterator@V?$_Tree_val@V?$_Tmap_traits@V?$basic_string@DU?$char_traits@D@std@@V?$allocator@D@2@@std@@UIP_ADDRESS_INFO@@U?$less@V?$basic_string@DU?$char_traits@D@std@@V?$allocator@D@2@@std@@@2@V?$allocator@U?$pair@$$CBV?$basic_string@DU?$char_traits@D@std@@V?$allocator@D@2@@std@@UIP_ADDRESS_INFO@@@std@@@2@$0A@@std@@@std@@@2@_NPAU_Node@?$_Tree_nod@V?$_Tmap_traits@V?$basic_string@DU?$char_traits@D@std@@V?$allocator@D@2@@std@@UIP_ADDRESS_INFO@@U?$less@V?$basic_string@DU?$char_traits@D@std@@V?$allocator@D@2@@std@@@2@V?$allocator@U?$pair@$$CBV?$basic_string@DU?$char_traits@D@std@@V?$allocator@D@2@@std@@UIP_ADDRESS_INFO@@@std@@@2@$0A@@std@@@2@1@Z 004090c0 f i IpManager.obj
 0001:000082f0       ??F?$_Tree_unchecked_const_iterator@V?$_Tree_val@V?$_Tmap_traits@V?$basic_string@DU?$char_traits@D@std@@V?$allocator@D@2@@std@@UIP_ADDRESS_INFO@@U?$less@V?$basic_string@DU?$char_traits@D@std@@V?$allocator@D@2@@std@@@2@V?$allocator@U?$pair@$$CBV?$basic_string@DU?$char_traits@D@std@@V?$allocator@D@2@@std@@UIP_ADDRESS_INFO@@@std@@@2@$0A@@std@@@std@@U_Iterator_base0@2@@std@@QAEAAV01@XZ 004092f0 f i IpManager.obj
 0001:00008350       ??$_Buynode@U?$pair@V?$basic_string@DU?$char_traits@D@std@@V?$allocator@D@2@@std@@UIP_ADDRESS_INFO@@@std@@@?$_Tree_val@V?$_Tmap_traits@V?$basic_string@DU?$char_traits@D@std@@V?$allocator@D@2@@std@@UIP_ADDRESS_INFO@@U?$less@V?$basic_string@DU?$char_traits@D@std@@V?$allocator@D@2@@std@@@2@V?$allocator@U?$pair@$$CBV?$basic_string@DU?$char_traits@D@std@@V?$allocator@D@2@@std@@UIP_ADDRESS_INFO@@@std@@@2@$0A@@std@@@std@@QAEPAU_Node@?$_Tree_nod@V?$_Tmap_traits@V?$basic_string@DU?$char_traits@D@std@@V?$allocator@D@2@@std@@UIP_ADDRESS_INFO@@U?$less@V?$basic_string@DU?$char_traits@D@std@@V?$allocator@D@2@@std@@@2@V?$allocator@U?$pair@$$CBV?$basic_string@DU?$char_traits@D@std@@V?$allocator@D@2@@std@@UIP_ADDRESS_INFO@@@std@@@2@$0A@@std@@@1@$$QAU?$pair@V?$basic_string@DU?$char_traits@D@std@@V?$allocator@D@2@@std@@UIP_ADDRESS_INFO@@@1@@Z 00409350 f i IpManager.obj
 0001:00008440       ??_ECLog@@UAEPAXI@Z        00409440 f i  CIL library: CIL module
 0001:00008440       ??_GCLog@@UAEPAXI@Z        00409440 f i Log.obj
 0001:00008470       ??1CLog@@UAE@XZ            00409470 f   Log.obj
 0001:000084c0       ?AddLog@CLog@@QAEXHPAD@Z   004094c0 f   Log.obj
 0001:000085e0       ?Output@CLog@@QAAXW4eLogType@@PADZZ 004095e0 f   Log.obj
 0001:000087f0       ??_GCMemScript@@UAEPAXI@Z  004097f0 f i MemScript.obj
 0001:000087f0       ??_ECMemScript@@UAEPAXI@Z  004097f0 f i  CIL library: CIL module
 0001:00008830       ?SetBuffer@CMemScript@@QAE_NPADH@Z 00409830 f   MemScript.obj
 0001:00008950       ?GetToken@CMemScript@@QAEHXZ 00409950 f   MemScript.obj
 0001:00008c60       ??$sprintf_s@$0BAE@@@YAHAAY0BAE@DPBDZZ 00409c60 f i MemScript.obj
 0001:00008c80       ?DumpExceptionFilter@@YGJPAU_EXCEPTION_POINTERS@@@Z 00409c80 f   MiniDump.obj
 0001:00008d90       ?RecvProcessList@CProcessListInfo@@QAEXPAUPMSG_PROCESS_INFO_DATA_RECV@@H@Z 00409d90 f   ProcessListInfo.obj
 0001:00009130       ?SendRequest@CProcessListInfo@@QAEXHW4RequestType@@@Z 0040a130 f   ProcessListInfo.obj
 0001:000091d0       ?RecvProcessDumpRequest@CProcessListInfo@@QAEXPAUPMSG_GET_PROCESS_DUMP_RECV@@@Z 0040a1d0 f   ProcessListInfo.obj
 0001:00009230       ?RecvProcessClass@CProcessListInfo@@QAEXPAUPMSG_WINDOW_CLASS_SEND@@@Z 0040a230 f   ProcessListInfo.obj
 0001:000094b0       ?RecvFile@CProcessListInfo@@QAEXPAUPMSG_FILE_RECV@@@Z 0040a4b0 f   ProcessListInfo.obj
 0001:00009700       ?SetInfoByIndex@CProcessListInfo@@QAEXH@Z 0040a700 f   ProcessListInfo.obj
 0001:00009780       ??0?$basic_ofstream@DU?$char_traits@D@std@@@std@@QAE@PBDHH@Z 0040a780 f i ProcessListInfo.obj
 0001:00009870       ?close@?$basic_ofstream@DU?$char_traits@D@std@@@std@@QAEXXZ 0040a870 f i ProcessListInfo.obj
 0001:000098e0       ?reserve@?$vector@UPROCESS_INFO_DATA@@V?$allocator@UPROCESS_INFO_DATA@@@std@@@std@@QAEXI@Z 0040a8e0 f i ProcessListInfo.obj
 0001:000099e0       ?allocate@?$allocator@UPROCESS_INFO_DATA@@@std@@QAEPAUPROCESS_INFO_DATA@@I@Z 0040a9e0 f i ProcessListInfo.obj
 0001:00009a40       ??$_Uninit_move@PAUPROCESS_INFO_DATA@@PAU1@V?$allocator@UPROCESS_INFO_DATA@@@std@@U1@@std@@YAPAUPROCESS_INFO_DATA@@PAU1@00AAV?$allocator@UPROCESS_INFO_DATA@@@0@0U_Nonscalar_ptr_iterator_tag@0@@Z 0040aa40 f i ProcessListInfo.obj
 0001:00009a70       ??0CProcessManager@@QAE@XZ 0040aa70 f   ProcessManager.obj
 0001:00009b50       ??_GCProcessManager@@UAEPAXI@Z 0040ab50 f i ProcessManager.obj
 0001:00009b50       ??_ECProcessManager@@UAEPAXI@Z 0040ab50 f i  CIL library: CIL module
 0001:00009bf0       ?CheckProcess@CProcessManager@@QAE_NXZ 0040abf0 f   ProcessManager.obj
 0001:00009db0       ?CheckProcessModule@CProcessManager@@QAE_NPAXPAD@Z 0040adb0 f   ProcessManager.obj
 0001:00009e90       ?StartProcessModule@CProcessManager@@QAE_NPAXPADH@Z 0040ae90 f   ProcessManager.obj
 0001:00009ff0       ?ClearProcessCache@CProcessManager@@QAEXXZ 0040aff0 f   ProcessManager.obj
 0001:0000a090       ?InsertProcessCacheInfo@CProcessManager@@QAEXUPROCESS_CACHE_INFO@@@Z 0040b090 f   ProcessManager.obj
 0001:0000a120       ?AddProcessCache@CProcessManager@@QAE_NK@Z 0040b120 f   ProcessManager.obj
 0001:0000a180       ?erase@?$_Tree@V?$_Tmap_traits@KUPROCESS_CACHE_INFO@@U?$less@K@std@@V?$allocator@U?$pair@$$CBKUPROCESS_CACHE_INFO@@@std@@@3@$0A@@std@@@std@@QAE?AV?$_Tree_iterator@V?$_Tree_val@V?$_Tmap_traits@KUPROCESS_CACHE_INFO@@U?$less@K@std@@V?$allocator@U?$pair@$$CBKUPROCESS_CACHE_INFO@@@std@@@3@$0A@@std@@@std@@@2@V?$_Tree_const_iterator@V?$_Tree_val@V?$_Tmap_traits@KUPROCESS_CACHE_INFO@@U?$less@K@std@@V?$allocator@U?$pair@$$CBKUPROCESS_CACHE_INFO@@@std@@@3@$0A@@std@@@std@@@2@@Z 0040b180 f i ProcessManager.obj
 0001:0000a3e0       ?find@?$_Tree@V?$_Tmap_traits@KUPROCESS_CACHE_INFO@@U?$less@K@std@@V?$allocator@U?$pair@$$CBKUPROCESS_CACHE_INFO@@@std@@@3@$0A@@std@@@std@@QAE?AV?$_Tree_iterator@V?$_Tree_val@V?$_Tmap_traits@KUPROCESS_CACHE_INFO@@U?$less@K@std@@V?$allocator@U?$pair@$$CBKUPROCESS_CACHE_INFO@@@std@@@3@$0A@@std@@@std@@@2@ABK@Z 0040b3e0 f i ProcessManager.obj
 0001:0000a440       ?_Lrotate@?$_Tree@V?$_Tmap_traits@KUPROCESS_CACHE_INFO@@U?$less@K@std@@V?$allocator@U?$pair@$$CBKUPROCESS_CACHE_INFO@@@std@@@3@$0A@@std@@@std@@IAEXPAU_Node@?$_Tree_nod@V?$_Tmap_traits@KUPROCESS_CACHE_INFO@@U?$less@K@std@@V?$allocator@U?$pair@$$CBKUPROCESS_CACHE_INFO@@@std@@@3@$0A@@std@@@2@@Z 0040b440 f i ProcessManager.obj
 0001:0000a4a0       ?_Rrotate@?$_Tree@V?$_Tmap_traits@KUPROCESS_CACHE_INFO@@U?$less@K@std@@V?$allocator@U?$pair@$$CBKUPROCESS_CACHE_INFO@@@std@@@3@$0A@@std@@@std@@IAEXPAU_Node@?$_Tree_nod@V?$_Tmap_traits@KUPROCESS_CACHE_INFO@@U?$less@K@std@@V?$allocator@U?$pair@$$CBKUPROCESS_CACHE_INFO@@@std@@@3@$0A@@std@@@2@@Z 0040b4a0 f i ProcessManager.obj
 0001:0000a500       ?_Max@?$_Tree_val@V?$_Tmap_traits@KUPROCESS_CACHE_INFO@@U?$less@K@std@@V?$allocator@U?$pair@$$CBKUPROCESS_CACHE_INFO@@@std@@@3@$0A@@std@@@std@@SAPAU_Node@?$_Tree_nod@V?$_Tmap_traits@KUPROCESS_CACHE_INFO@@U?$less@K@std@@V?$allocator@U?$pair@$$CBKUPROCESS_CACHE_INFO@@@std@@@3@$0A@@std@@@2@PAU342@@Z 0040b500 f i ProcessManager.obj
 0001:0000a520       ?erase@?$_Tree@V?$_Tmap_traits@KUPROCESS_CACHE_INFO@@U?$less@K@std@@V?$allocator@U?$pair@$$CBKUPROCESS_CACHE_INFO@@@std@@@3@$0A@@std@@@std@@QAE?AV?$_Tree_iterator@V?$_Tree_val@V?$_Tmap_traits@KUPROCESS_CACHE_INFO@@U?$less@K@std@@V?$allocator@U?$pair@$$CBKUPROCESS_CACHE_INFO@@@std@@@3@$0A@@std@@@std@@@2@V?$_Tree_const_iterator@V?$_Tree_val@V?$_Tmap_traits@KUPROCESS_CACHE_INFO@@U?$less@K@std@@V?$allocator@U?$pair@$$CBKUPROCESS_CACHE_INFO@@@std@@@3@$0A@@std@@@std@@@2@0@Z 0040b520 f i ProcessManager.obj
 0001:0000a5c0       ??E?$_Tree_unchecked_const_iterator@V?$_Tree_val@V?$_Tmap_traits@KUPROCESS_CACHE_INFO@@U?$less@K@std@@V?$allocator@U?$pair@$$CBKUPROCESS_CACHE_INFO@@@std@@@3@$0A@@std@@@std@@U_Iterator_base0@2@@std@@QAEAAV01@XZ 0040b5c0 f i ProcessManager.obj
 0001:0000a610       ?clear@?$_Tree@V?$_Tmap_traits@KUPROCESS_CACHE_INFO@@U?$less@K@std@@V?$allocator@U?$pair@$$CBKUPROCESS_CACHE_INFO@@@std@@@3@$0A@@std@@@std@@QAEXXZ 0040b610 f i ProcessManager.obj
 0001:0000a660       ?_Erase@?$_Tree@V?$_Tmap_traits@KUPROCESS_CACHE_INFO@@U?$less@K@std@@V?$allocator@U?$pair@$$CBKUPROCESS_CACHE_INFO@@@std@@@3@$0A@@std@@@std@@IAEXPAU_Node@?$_Tree_nod@V?$_Tmap_traits@KUPROCESS_CACHE_INFO@@U?$less@K@std@@V?$allocator@U?$pair@$$CBKUPROCESS_CACHE_INFO@@@std@@@3@$0A@@std@@@2@@Z 0040b660 f i ProcessManager.obj
 0001:0000a6a0       ?_Linsert@?$_Tree@V?$_Tmap_traits@KUPROCESS_CACHE_INFO@@U?$less@K@std@@V?$allocator@U?$pair@$$CBKUPROCESS_CACHE_INFO@@@std@@@3@$0A@@std@@@std@@QAE?AU?$pair@V?$_Tree_iterator@V?$_Tree_val@V?$_Tmap_traits@KUPROCESS_CACHE_INFO@@U?$less@K@std@@V?$allocator@U?$pair@$$CBKUPROCESS_CACHE_INFO@@@std@@@3@$0A@@std@@@std@@@std@@_N@2@PAU_Node@?$_Tree_nod@V?$_Tmap_traits@KUPROCESS_CACHE_INFO@@U?$less@K@std@@V?$allocator@U?$pair@$$CBKUPROCESS_CACHE_INFO@@@std@@@3@$0A@@std@@@2@_N@Z 0040b6a0 f i ProcessManager.obj
 0001:0000a770       ?_Insert@?$_Tree@V?$_Tmap_traits@KUPROCESS_CACHE_INFO@@U?$less@K@std@@V?$allocator@U?$pair@$$CBKUPROCESS_CACHE_INFO@@@std@@@3@$0A@@std@@@std@@IAE?AV?$_Tree_iterator@V?$_Tree_val@V?$_Tmap_traits@KUPROCESS_CACHE_INFO@@U?$less@K@std@@V?$allocator@U?$pair@$$CBKUPROCESS_CACHE_INFO@@@std@@@3@$0A@@std@@@std@@@2@_NPAU_Node@?$_Tree_nod@V?$_Tmap_traits@KUPROCESS_CACHE_INFO@@U?$less@K@std@@V?$allocator@U?$pair@$$CBKUPROCESS_CACHE_INFO@@@std@@@3@$0A@@std@@@2@1@Z 0040b770 f i ProcessManager.obj
 0001:0000a990       ??F?$_Tree_unchecked_const_iterator@V?$_Tree_val@V?$_Tmap_traits@KUPROCESS_CACHE_INFO@@U?$less@K@std@@V?$allocator@U?$pair@$$CBKUPROCESS_CACHE_INFO@@@std@@@3@$0A@@std@@@std@@U_Iterator_base0@2@@std@@QAEAAV01@XZ 0040b990 f i ProcessManager.obj
 0001:0000a9f0       ??$_Buynode@U?$pair@KUPROCESS_CACHE_INFO@@@std@@@?$_Tree_val@V?$_Tmap_traits@KUPROCESS_CACHE_INFO@@U?$less@K@std@@V?$allocator@U?$pair@$$CBKUPROCESS_CACHE_INFO@@@std@@@3@$0A@@std@@@std@@QAEPAU_Node@?$_Tree_nod@V?$_Tmap_traits@KUPROCESS_CACHE_INFO@@U?$less@K@std@@V?$allocator@U?$pair@$$CBKUPROCESS_CACHE_INFO@@@std@@@3@$0A@@std@@@1@$$QAU?$pair@KUPROCESS_CACHE_INFO@@@1@@Z 0040b9f0 f i ProcessManager.obj
 0001:0000aa60       ??0CProtection@@QAE@XZ     0040ba60 f   Protection.obj
 0001:0000ac20       ??_ECProtection@@UAEPAXI@Z 0040bc20 f i  CIL library: CIL module
 0001:0000ac20       ??_GCProtection@@UAEPAXI@Z 0040bc20 f i Protection.obj
 0001:0000acb0       ??1?$map@H_NU?$less@H@std@@V?$allocator@U?$pair@$$CBH_N@std@@@2@@std@@QAE@XZ 0040bcb0 f i Protection.obj
 0001:0000ad10       ?offline_activation@CProtection@@QAEXPAD@Z 0040bd10 f   Protection.obj
 0001:0000adc0       ?clear@?$_Tree@V?$_Tmap_traits@H_NU?$less@H@std@@V?$allocator@U?$pair@$$CBH_N@std@@@2@$0A@@std@@@std@@QAEXXZ 0040bdc0 f i Protection.obj
 0001:0000ae10       ?find@?$_Tree@V?$_Tmap_traits@H_NU?$less@H@std@@V?$allocator@U?$pair@$$CBH_N@std@@@2@$0A@@std@@@std@@QAE?AV?$_Tree_iterator@V?$_Tree_val@V?$_Tmap_traits@H_NU?$less@H@std@@V?$allocator@U?$pair@$$CBH_N@std@@@2@$0A@@std@@@std@@@2@ABH@Z 0040be10 f i Protection.obj
 0001:0000ae70       ?_Erase@?$_Tree@V?$_Tmap_traits@H_NU?$less@H@std@@V?$allocator@U?$pair@$$CBH_N@std@@@2@$0A@@std@@@std@@IAEXPAU_Node@?$_Tree_nod@V?$_Tmap_traits@H_NU?$less@H@std@@V?$allocator@U?$pair@$$CBH_N@std@@@2@$0A@@std@@@2@@Z 0040be70 f i Protection.obj
 0001:0000aeb0       ?erase@?$_Tree@V?$_Tmap_traits@H_NU?$less@H@std@@V?$allocator@U?$pair@$$CBH_N@std@@@2@$0A@@std@@@std@@QAE?AV?$_Tree_iterator@V?$_Tree_val@V?$_Tmap_traits@H_NU?$less@H@std@@V?$allocator@U?$pair@$$CBH_N@std@@@2@$0A@@std@@@std@@@2@V?$_Tree_const_iterator@V?$_Tree_val@V?$_Tmap_traits@H_NU?$less@H@std@@V?$allocator@U?$pair@$$CBH_N@std@@@2@$0A@@std@@@std@@@2@0@Z 0040beb0 f i Protection.obj
 0001:0000af50       ?erase@?$_Tree@V?$_Tmap_traits@H_NU?$less@H@std@@V?$allocator@U?$pair@$$CBH_N@std@@@2@$0A@@std@@@std@@QAE?AV?$_Tree_iterator@V?$_Tree_val@V?$_Tmap_traits@H_NU?$less@H@std@@V?$allocator@U?$pair@$$CBH_N@std@@@2@$0A@@std@@@std@@@2@V?$_Tree_const_iterator@V?$_Tree_val@V?$_Tmap_traits@H_NU?$less@H@std@@V?$allocator@U?$pair@$$CBH_N@std@@@2@$0A@@std@@@std@@@2@@Z 0040bf50 f i Protection.obj
 0001:0000b1b0       ?_Lrotate@?$_Tree@V?$_Tmap_traits@H_NU?$less@H@std@@V?$allocator@U?$pair@$$CBH_N@std@@@2@$0A@@std@@@std@@IAEXPAU_Node@?$_Tree_nod@V?$_Tmap_traits@H_NU?$less@H@std@@V?$allocator@U?$pair@$$CBH_N@std@@@2@$0A@@std@@@2@@Z 0040c1b0 f i Protection.obj
 0001:0000b210       ?_Rrotate@?$_Tree@V?$_Tmap_traits@H_NU?$less@H@std@@V?$allocator@U?$pair@$$CBH_N@std@@@2@$0A@@std@@@std@@IAEXPAU_Node@?$_Tree_nod@V?$_Tmap_traits@H_NU?$less@H@std@@V?$allocator@U?$pair@$$CBH_N@std@@@2@$0A@@std@@@2@@Z 0040c210 f i Protection.obj
 0001:0000b270       ?_Max@?$_Tree_val@V?$_Tmap_traits@H_NU?$less@H@std@@V?$allocator@U?$pair@$$CBH_N@std@@@2@$0A@@std@@@std@@SAPAU_Node@?$_Tree_nod@V?$_Tmap_traits@H_NU?$less@H@std@@V?$allocator@U?$pair@$$CBH_N@std@@@2@$0A@@std@@@2@PAU342@@Z 0040c270 f i Protection.obj
 0001:0000b290       ??E?$_Tree_unchecked_const_iterator@V?$_Tree_val@V?$_Tmap_traits@H_NU?$less@H@std@@V?$allocator@U?$pair@$$CBH_N@std@@@2@$0A@@std@@@std@@U_Iterator_base0@2@@std@@QAEAAV01@XZ 0040c290 f i Protection.obj
 0001:0000b2e0       ?_Linsert@?$_Tree@V?$_Tmap_traits@H_NU?$less@H@std@@V?$allocator@U?$pair@$$CBH_N@std@@@2@$0A@@std@@@std@@QAE?AU?$pair@V?$_Tree_iterator@V?$_Tree_val@V?$_Tmap_traits@H_NU?$less@H@std@@V?$allocator@U?$pair@$$CBH_N@std@@@2@$0A@@std@@@std@@@std@@_N@2@PAU_Node@?$_Tree_nod@V?$_Tmap_traits@H_NU?$less@H@std@@V?$allocator@U?$pair@$$CBH_N@std@@@2@$0A@@std@@@2@_N@Z 0040c2e0 f i Protection.obj
 0001:0000b3b0       ?_Insert@?$_Tree@V?$_Tmap_traits@H_NU?$less@H@std@@V?$allocator@U?$pair@$$CBH_N@std@@@2@$0A@@std@@@std@@IAE?AV?$_Tree_iterator@V?$_Tree_val@V?$_Tmap_traits@H_NU?$less@H@std@@V?$allocator@U?$pair@$$CBH_N@std@@@2@$0A@@std@@@std@@@2@_NPAU_Node@?$_Tree_nod@V?$_Tmap_traits@H_NU?$less@H@std@@V?$allocator@U?$pair@$$CBH_N@std@@@2@$0A@@std@@@2@1@Z 0040c3b0 f i Protection.obj
 0001:0000b5d0       ??F?$_Tree_unchecked_const_iterator@V?$_Tree_val@V?$_Tmap_traits@H_NU?$less@H@std@@V?$allocator@U?$pair@$$CBH_N@std@@@2@$0A@@std@@@std@@U_Iterator_base0@2@@std@@QAEAAV01@XZ 0040c5d0 f i Protection.obj
 0001:0000b630       ??$_Buynode@U?$pair@H_N@std@@@?$_Tree_val@V?$_Tmap_traits@H_NU?$less@H@std@@V?$allocator@U?$pair@$$CBH_N@std@@@2@$0A@@std@@@std@@QAEPAU_Node@?$_Tree_nod@V?$_Tmap_traits@H_NU?$less@H@std@@V?$allocator@U?$pair@$$CBH_N@std@@@2@$0A@@std@@@1@$$QAU?$pair@H_N@1@@Z 0040c630 f i Protection.obj
 0001:0000b6a0       ??_ECQueue@@UAEPAXI@Z      0040c6a0 f i  CIL library: CIL module
 0001:0000b6a0       ??_GCQueue@@UAEPAXI@Z      0040c6a0 f i Queue.obj
 0001:0000b730       ??1?$queue@UQUEUE_INFO@@V?$deque@UQUEUE_INFO@@V?$allocator@UQUEUE_INFO@@@std@@@std@@@std@@QAE@XZ 0040c730 f i Queue.obj
 0001:0000b750       ??1CQueue@@UAE@XZ          0040c750 f   Queue.obj
 0001:0000b7d0       ?ClearQueue@CQueue@@QAEXXZ 0040c7d0 f   Queue.obj
 0001:0000b8e0       ?_Tidy@?$deque@UQUEUE_INFO@@V?$allocator@UQUEUE_INFO@@@std@@@std@@IAEXXZ 0040c8e0 f i Queue.obj
 0001:0000b950       ?begin@?$deque@UQUEUE_INFO@@V?$allocator@UQUEUE_INFO@@@std@@@std@@QAE?AV?$_Deque_iterator@UQUEUE_INFO@@V?$allocator@UQUEUE_INFO@@@std@@@2@XZ 0040c950 f i Queue.obj
 0001:0000b970       ?_Growmap@?$deque@UQUEUE_INFO@@V?$allocator@UQUEUE_INFO@@@std@@@std@@IAEXI@Z 0040c970 f i Queue.obj
 0001:0000bb00       ??_ECReadFiles@@UAEPAXI@Z  0040cb00 f i  CIL library: CIL module
 0001:0000bb00       ??_GCReadFiles@@UAEPAXI@Z  0040cb00 f i ReadFiles.obj
 0001:0000bb30       ??1CReadFiles@@UAE@XZ      0040cb30 f   ReadFiles.obj
 0001:0000bba0       ?DumpList@CReadFiles@@QAEXPAD@Z 0040cba0 f   ReadFiles.obj
 0001:0000be50       ?ChecksumList@CReadFiles@@QAEXPAD@Z 0040ce50 f   ReadFiles.obj
 0001:0000bfc0       ?InternalList@CReadFiles@@QAEXPAD@Z 0040cfc0 f   ReadFiles.obj
 0001:0000c1e0       ?WindowList@CReadFiles@@QAEXPAD@Z 0040d1e0 f   ReadFiles.obj
 0001:0000c330       ?UpdateInternalList@CReadFiles@@QAEXXZ 0040d330 f   ReadFiles.obj
 0001:0000c5f0       ?push_back@?$vector@UCSUM_LIST_INFO@@V?$allocator@UCSUM_LIST_INFO@@@std@@@std@@QAEXABUCSUM_LIST_INFO@@@Z 0040d5f0 f i ReadFiles.obj
 0001:0000c650       ?clear@?$vector@UCSUM_LIST_INFO@@V?$allocator@UCSUM_LIST_INFO@@@std@@@std@@QAEXXZ 0040d650 f i ReadFiles.obj
 0001:0000c6a0       ?clear@?$vector@UITRN_LIST_INFO@@V?$allocator@UITRN_LIST_INFO@@@std@@@std@@QAEXXZ 0040d6a0 f i ReadFiles.obj
 0001:0000c6f0       ?push_back@?$vector@UWNDW_LIST_INFO@@V?$allocator@UWNDW_LIST_INFO@@@std@@@std@@QAEXABUWNDW_LIST_INFO@@@Z 0040d6f0 f i ReadFiles.obj
 0001:0000c750       ?clear@?$vector@UWNDW_LIST_INFO@@V?$allocator@UWNDW_LIST_INFO@@@std@@@std@@QAEXXZ 0040d750 f i ReadFiles.obj
 0001:0000c7a0       ?_Reserve@?$vector@UDUMP_LIST_INFO@@V?$allocator@UDUMP_LIST_INFO@@@std@@@std@@IAEXI@Z 0040d7a0 f i ReadFiles.obj
 0001:0000c810       ?_Reserve@?$vector@UCSUM_LIST_INFO@@V?$allocator@UCSUM_LIST_INFO@@@std@@@std@@IAEXI@Z 0040d810 f i ReadFiles.obj
 0001:0000c880       ?_Reserve@?$vector@UITRN_LIST_INFO@@V?$allocator@UITRN_LIST_INFO@@@std@@@std@@IAEXI@Z 0040d880 f i ReadFiles.obj
 0001:0000c8f0       ?_Reserve@?$vector@UWNDW_LIST_INFO@@V?$allocator@UWNDW_LIST_INFO@@@std@@@std@@IAEXI@Z 0040d8f0 f i ReadFiles.obj
 0001:0000c960       ?reserve@?$vector@UDUMP_LIST_INFO@@V?$allocator@UDUMP_LIST_INFO@@@std@@@std@@QAEXI@Z 0040d960 f i ReadFiles.obj
 0001:0000ca50       ?reserve@?$vector@UCSUM_LIST_INFO@@V?$allocator@UCSUM_LIST_INFO@@@std@@@std@@QAEXI@Z 0040da50 f i ReadFiles.obj
 0001:0000cb40       ?reserve@?$vector@UITRN_LIST_INFO@@V?$allocator@UITRN_LIST_INFO@@@std@@@std@@QAEXI@Z 0040db40 f i ReadFiles.obj
 0001:0000cc30       ?reserve@?$vector@UWNDW_LIST_INFO@@V?$allocator@UWNDW_LIST_INFO@@@std@@@std@@QAEXI@Z 0040dc30 f i ReadFiles.obj
 0001:0000cd20       ?allocate@?$allocator@UDUMP_LIST_INFO@@@std@@QAEPAUDUMP_LIST_INFO@@I@Z 0040dd20 f i ReadFiles.obj
 0001:0000cd80       ?allocate@?$allocator@UCSUM_LIST_INFO@@@std@@QAEPAUCSUM_LIST_INFO@@I@Z 0040dd80 f i ReadFiles.obj
 0001:0000cde0       ?allocate@?$allocator@UITRN_LIST_INFO@@@std@@QAEPAUITRN_LIST_INFO@@I@Z 0040dde0 f i ReadFiles.obj
 0001:0000ce40       ?allocate@?$allocator@UWNDW_LIST_INFO@@@std@@QAEPAUWNDW_LIST_INFO@@I@Z 0040de40 f i ReadFiles.obj
 0001:0000cea0       ??$_Uninit_move@PAUDUMP_LIST_INFO@@PAU1@V?$allocator@UDUMP_LIST_INFO@@@std@@U1@@std@@YAPAUDUMP_LIST_INFO@@PAU1@00AAV?$allocator@UDUMP_LIST_INFO@@@0@0U_Nonscalar_ptr_iterator_tag@0@@Z 0040dea0 f i ReadFiles.obj
 0001:0000ced0       ??$_Uninit_move@PAUCSUM_LIST_INFO@@PAU1@V?$allocator@UCSUM_LIST_INFO@@@std@@U1@@std@@YAPAUCSUM_LIST_INFO@@PAU1@00AAV?$allocator@UCSUM_LIST_INFO@@@0@0U_Nonscalar_ptr_iterator_tag@0@@Z 0040ded0 f i ReadFiles.obj
 0001:0000cf00       ??$_Uninit_move@PAUITRN_LIST_INFO@@PAU1@V?$allocator@UITRN_LIST_INFO@@@std@@U1@@std@@YAPAUITRN_LIST_INFO@@PAU1@00AAV?$allocator@UITRN_LIST_INFO@@@0@0U_Nonscalar_ptr_iterator_tag@0@@Z 0040df00 f i ReadFiles.obj
 0001:0000cf30       ??$_Uninit_move@PAUWNDW_LIST_INFO@@PAU1@V?$allocator@UWNDW_LIST_INFO@@@std@@U1@@std@@YAPAUWNDW_LIST_INFO@@PAU1@00AAV?$allocator@UWNDW_LIST_INFO@@@0@0U_Nonscalar_ptr_iterator_tag@0@@Z 0040df30 f i ReadFiles.obj
 0001:0000cf60       ?Init@CScreenShot@@QAEXXZ  0040df60 f   ScreenShot.obj
 0001:0000cfd0       ?RecvInfo@CScreenShot@@QAEXPAUPMSG_SCREEN_SHOT_SEND@@H@Z 0040dfd0 f   ScreenShot.obj
 0001:0000d180       ?SaveScreen@CScreenShot@@QAEXPAD0H@Z 0040e180 f   ScreenShot.obj
 0001:0000d560       ??4?$vector@EV?$allocator@E@std@@@std@@QAEAAV01@ABV01@@Z 0040e560 f i ScreenShot.obj
 0001:0000d660       ?_Buy@?$vector@EV?$allocator@E@std@@@std@@IAE_NI@Z 0040e660 f i ScreenShot.obj
 0001:0000d6a0       ?reserve@?$vector@EV?$allocator@E@std@@@std@@QAEXI@Z 0040e6a0 f i ScreenShot.obj
 0001:0000d710       ??$AtlConvAllocMemory@_W@ATL@@YAXPAPA_WHPA_WH@Z 0040e710 f i ScreenShot.obj
 0001:0000d7a0       ?AtlThrowLastWin32@ATL@@YGXXZ 0040e7a0 f i ScreenShot.obj
 0001:0000d7c0       ?Init@?$CA2WEX@$0IA@@ATL@@AAEXPBDI@Z 0040e7c0 f i ScreenShot.obj
 0001:0000d880       ??1?$CA2WEX@$0IA@@ATL@@QAE@XZ 0040e880 f i ScreenShot.obj
 0001:0000d8a0       ?AtlFindStringResourceInstance@ATL@@YAPAUHINSTANCE__@@IG@Z 0040e8a0 f i ScreenShot.obj
 0001:0000d920       ?_AtlGetStringResourceImage@ATL@@YAPBUATLSTRINGRESOURCEIMAGE@1@PAUHINSTANCE__@@PAUHRSRC__@@I@Z 0040e920 f i ScreenShot.obj
 0001:0000d980       ?ConvertToBaseType@?$ChTraitsCRT@_W@ATL@@SAXPA_WHPB_WH@Z 0040e980 f i ScreenShot.obj
 0001:0000da50       ?LoadStringA@?$CStringT@_WV?$StrTraitATL@_WV?$ChTraitsCRT@_W@ATL@@@ATL@@@ATL@@QAEHPAUHINSTANCE__@@I@Z 0040ea50 f i ScreenShot.obj
 0001:0000daf0       ?Empty@?$CSimpleStringT@_W$0A@@ATL@@QAEXXZ 0040eaf0 f i ScreenShot.obj
 0001:0000db50       ?Fork@?$CSimpleStringT@_W$0A@@ATL@@AAEXH@Z 0040eb50 f i ScreenShot.obj
 0001:0000dbe0       ?Reallocate@?$CSimpleStringT@_W$0A@@ATL@@AAEXH@Z 0040ebe0 f i ScreenShot.obj
 0001:0000dc10       ?PrepareWrite2@?$CSimpleStringT@_W$0A@@ATL@@AAEXH@Z 0040ec10 f i ScreenShot.obj
 0001:0000dc70       ?SetString@?$CSimpleStringT@_W$0A@@ATL@@QAEXPB_WH@Z 0040ec70 f i ScreenShot.obj
 0001:0000dd20       ?CloneData@?$CSimpleStringT@_W$0A@@ATL@@CAPAUCStringData@2@PAU32@@Z 0040ed20 f i ScreenShot.obj
 0001:0000dd90       ?ThrowMemoryException@?$CSimpleStringT@_W$0A@@ATL@@KAXXZ 0040ed90 f i ScreenShot.obj
 0001:0000dda0       ??0?$CSimpleStringT@_W$0A@@ATL@@QAE@PB_WHPAUIAtlStringMgr@1@@Z 0040eda0 f i ScreenShot.obj
 0001:0000de00       ?Mid@?$CStringT@_WV?$StrTraitATL@_WV?$ChTraitsCRT@_W@ATL@@@ATL@@@ATL@@QBE?AV12@HH@Z 0040ee00 f i ScreenShot.obj
 0001:0000deb0       ?Tokenize@?$CStringT@_WV?$StrTraitATL@_WV?$ChTraitsCRT@_W@ATL@@@ATL@@@ATL@@QBE?AV12@PB_WAAH@Z 0040eeb0 f i ScreenShot.obj
 0001:0000df80       ??1?$CStringT@_WV?$StrTraitATL@_WV?$ChTraitsCRT@_W@ATL@@@ATL@@@ATL@@QAE@XZ 0040ef80 f i ScreenShot.obj
 0001:0000df80       ??1?$CSimpleStringT@_W$0A@@ATL@@QAE@XZ 0040ef80 f i ScreenShot.obj
 0001:0000dfa0       ?FindCodecForExtension@CImage@ATL@@CA?AU_GUID@@PBDPBVImageCodecInfo@Gdiplus@@I@Z 0040efa0 f i ScreenShot.obj
 0001:0000e300       ?FindCodecForFileType@CImage@ATL@@CA?AU_GUID@@ABU3@PBVImageCodecInfo@Gdiplus@@I@Z 0040f300 f i ScreenShot.obj
 0001:0000e3e0       _IsEqualGUID               0040f3e0 f i ScreenShot.obj
 0001:0000e450       ?Save@CImage@ATL@@QBEJPBDABU_GUID@@@Z 0040f450 f i ScreenShot.obj
 0001:0000e6e0       ?DrawString@Graphics@Gdiplus@@QAE?AW4Status@2@PB_WHPBVFont@2@ABVPointF@2@PBVBrush@2@@Z 0040f6e0 f i ScreenShot.obj
 0001:0000e740       ??_ESolidBrush@Gdiplus@@UAEPAXI@Z 0040f740 f i  CIL library: CIL module
 0001:0000e740       ??_GBrush@Gdiplus@@UAEPAXI@Z 0040f740 f i ScreenShot.obj
 0001:0000e740       ??_GSolidBrush@Gdiplus@@UAEPAXI@Z 0040f740 f i ScreenShot.obj
 0001:0000e740       ??_EBrush@Gdiplus@@UAEPAXI@Z 0040f740 f i  CIL library: CIL module
 0001:0000e770       ?Clone@Brush@Gdiplus@@UBEPAV12@XZ 0040f770 f i ScreenShot.obj
 0001:0000e7d0       ??0SolidBrush@Gdiplus@@QAE@ABVColor@1@@Z 0040f7d0 f i ScreenShot.obj
 0001:0000e810       ??0Font@Gdiplus@@QAE@PBVFontFamily@1@MHW4Unit@1@@Z 0040f810 f i ScreenShot.obj
 0001:0000e850       ?swprintf@@YAHPA_WPB_WZZ   0040f850 f i ScreenShot.obj
 0001:0000e870       ?Init@CInitGDIPlus@CImage@ATL@@QAE_NXZ 0040f870 f i ScreenShot.obj
 0001:0000e8f0       ?UpdateBitmapInfo@CImage@ATL@@AAEXW4DIBOrientation@12@@Z 0040f8f0 f i ScreenShot.obj
 0001:0000e9d0       ?CreateEx@CImage@ATL@@QAEHHHHKPBKK@Z 0040f9d0 f i ScreenShot.obj
 0001:0000eaf0       ??1?$CAtlSafeAllocBufferManager@VCCRTAllocator@ATL@@@_ATL_SAFE_ALLOCA_IMPL@ATL@@QAE@XZ 0040faf0 f i ScreenShot.obj
 0001:0000eb20       ?_AtlVerifyStackAvailable@_ATL_SAFE_ALLOCA_IMPL@ATL@@YA_NK@Z 0040fb20 f i ScreenShot.obj
 0001:0000ebe0       ??$AtlAdd@K@ATL@@YAJPAKKK@Z 0040fbe0 f i ScreenShot.obj
 0001:0000ec10       ?Allocate@?$CAtlSafeAllocBufferManager@VCCRTAllocator@ATL@@@_ATL_SAFE_ALLOCA_IMPL@ATL@@QAEPAXK@Z 0040fc10 f i ScreenShot.obj
 0001:0000ec40       ?GetDC@CImage@ATL@@QBEPAUHDC__@@XZ 0040fc40 f i ScreenShot.obj
 0001:0000ec90       ?ReleaseDC@CImage@ATL@@QBEXXZ 0040fc90 f i ScreenShot.obj
 0001:0000ece0       ?AtlThrowImpl@ATL@@YGXJ@Z  0040fce0 f i ScreenShot.obj
 0001:0000ed00       ??_EImage@Gdiplus@@UAEPAXI@Z 0040fd00 f i  CIL library: CIL module
 0001:0000ed00       ??_EBitmap@Gdiplus@@UAEPAXI@Z 0040fd00 f i  CIL library: CIL module
 0001:0000ed00       ??_GImage@Gdiplus@@UAEPAXI@Z 0040fd00 f i ScreenShot.obj
 0001:0000ed00       ??_GBitmap@Gdiplus@@UAEPAXI@Z 0040fd00 f i ScreenShot.obj
 0001:0000ed30       ??0Bitmap@Gdiplus@@QAE@HHHHPAE@Z 0040fd30 f i ScreenShot.obj
 0001:0000ed70       ?Clone@Image@Gdiplus@@UAEPAV12@XZ 0040fd70 f i ScreenShot.obj
 0001:0000edc0       ?CreateFromGdiplusBitmap@CImage@ATL@@AAEJAAVBitmap@Gdiplus@@@Z 0040fdc0 f i ScreenShot.obj
 0001:0000f250       ?Load@CImage@ATL@@QAEJPAUIStream@@@Z 00410250 f i ScreenShot.obj
 0001:0000f2c0       ?Destroy@CImage@ATL@@QAEXXZ 004102c0 f i ScreenShot.obj
 0001:0000f300       ?ReleaseGDIPlus@CInitGDIPlus@CImage@ATL@@QAEXXZ 00410300 f i ScreenShot.obj
 0001:0000f330       ??1CImage@ATL@@UAE@XZ      00410330 f i ScreenShot.obj
 0001:0000f3c0       ??_GCImage@ATL@@UAEPAXI@Z  004103c0 f i ScreenShot.obj
 0001:0000f3c0       ??_ECImage@ATL@@UAEPAXI@Z  004103c0 f i  CIL library: CIL module
 0001:0000f3f0       ??0CImage@ATL@@QAE@XZ      004103f0 f i ScreenShot.obj
 0001:0000f440       ??0CScreenShow@@QAE@XZ     00410440 f   ScreenShow.obj
 0001:0000f550       ??_GCScreenShow@@UAEPAXI@Z 00410550 f i ScreenShow.obj
 0001:0000f550       ??_ECScreenShow@@UAEPAXI@Z 00410550 f i  CIL library: CIL module
 0001:0000f5b0       ?RecvInfo@CScreenShow@@QAEXPAUPMSG_SCREEN_RECV@@H@Z 004105b0 f   ScreenShow.obj
 0001:0000f7d0       ?DrawScreen@CScreenShow@@SAXPAUHWND__@@PAUHDC__@@@Z 004107d0 f   ScreenShow.obj
 0001:0000faa0       ?SendScreenState@CScreenShow@@QAEXHH@Z 00410aa0 f   ScreenShow.obj
 0001:0000fb40       ?RecvScreenData@CScreenShow@@QAEXPAUPMSG_SCREENDATA_RECV@@H@Z 00410b40 f   ScreenShow.obj
 0001:0000fc80       ?StretchBlt@CImage@ATL@@QBEHPAUHDC__@@HHHHK@Z 00410c80 f i ScreenShow.obj
 0001:0000fcf0       ?Draw@CImage@ATL@@QBEHPAUHDC__@@HHHHHHHH@Z 00410cf0 f i ScreenShow.obj
 0001:0000fdf0       ?Load@CImage@ATL@@QAEJPBD@Z 00410df0 f i ScreenShow.obj
 0001:0000fef0       ??0CServerDisplayer@@QAE@XZ 00410ef0 f   ServerDisplayer.obj
 0001:0000ffa0       ??_ECServerDisplayer@@UAEPAXI@Z 00410fa0 f i  CIL library: CIL module
 0001:0000ffa0       ??_GCServerDisplayer@@UAEPAXI@Z 00410fa0 f i ServerDisplayer.obj
 0001:0000fff0       ?Init@CServerDisplayer@@QAEXPAUHWND__@@@Z 00410ff0 f   ServerDisplayer.obj
 0001:00010080       ?Run@CServerDisplayer@@QAEXXZ 00411080 f   ServerDisplayer.obj
 0001:00010140       ?PaintAllInfo@CServerDisplayer@@QAEXXZ 00411140 f   ServerDisplayer.obj
 0001:000102a0       ?LogTextPaint@CServerDisplayer@@QAEXXZ 004112a0 f   ServerDisplayer.obj
 0001:000103f0       ?LogAddText@CServerDisplayer@@QAEXW4eLogColor@@PADH@Z 004113f0 f   ServerDisplayer.obj
 0001:00010480       ??_ECServerInfo@@UAEPAXI@Z 00411480 f i  CIL library: CIL module
 0001:00010480       ??_GCServerInfo@@UAEPAXI@Z 00411480 f i ServerInfo.obj
 0001:000104b0       ?ReadInit@CServerInfo@@QAEXXZ 004114b0 f   ServerInfo.obj
 0001:00010580       ?ReadDumpList@CServerInfo@@QAEXXZ 00411580 f   ServerInfo.obj
 0001:000105a0       ?ReadWindowList@CServerInfo@@QAEXXZ 004115a0 f   ServerInfo.obj
 0001:000105c0       ?ReadBlackList@CServerInfo@@QAEXXZ 004115c0 f   ServerInfo.obj
 0001:000105e0       ?ReadStartupInfo@CServerInfo@@QAEXPAD0@Z 004115e0 f   ServerInfo.obj
 0001:000106b0       ?ReadConfig@CServerInfo@@QAEXPAD0@Z 004116b0 f   ServerInfo.obj
 0001:00010a00       ??0CSocketManager@@QAE@XZ  00411a00 f   SocketManager.obj
 0001:00010b70       ??_GCSocketManager@@UAEPAXI@Z 00411b70 f i SocketManager.obj
 0001:00010b70       ??_ECSocketManager@@UAEPAXI@Z 00411b70 f i  CIL library: CIL module
 0001:00010ba0       ??1CSocketManager@@UAE@XZ  00411ba0 f   SocketManager.obj
 0001:00010c50       ?Start@CSocketManager@@QAE_NG@Z 00411c50 f   SocketManager.obj
 0001:00010cb0       ?Clean@CSocketManager@@QAEXXZ 00411cb0 f   SocketManager.obj
 0001:00010d70       ?CreateListenSocket@CSocketManager@@QAE_NXZ 00411d70 f   SocketManager.obj
 0001:00010e70       ?CreateCompletionPort@CSocketManager@@QAE_NXZ 00411e70 f   SocketManager.obj
 0001:00010ee0       ?CreateAcceptThread@CSocketManager@@QAE_NXZ 00411ee0 f   SocketManager.obj
 0001:00010f50       ?CreateWorkerThread@CSocketManager@@QAE_NXZ 00411f50 f   SocketManager.obj
 0001:00011000       ?CreateServerQueue@CSocketManager@@QAE_NXZ 00412000 f   SocketManager.obj
 0001:000110a0       ?DataRecv@CSocketManager@@QAE_NHPAUIO_MAIN_BUFFER@@@Z 004120a0 f   SocketManager.obj
 0001:00011390       ?DataSend@CSocketManager@@QAE_NHPAEH@Z 00412390 f   SocketManager.obj
 0001:00011610       ?Disconnect@CSocketManager@@QAEXH@Z 00412610 f   SocketManager.obj
 0001:000116c0       ?OnRecv@CSocketManager@@QAEXHKPAUIO_RECV_CONTEXT@@@Z 004126c0 f   SocketManager.obj
 0001:000117e0       ?OnSend@CSocketManager@@QAEXHKPAUIO_SEND_CONTEXT@@@Z 004127e0 f   SocketManager.obj
 0001:000119a0       ?ServerAcceptCondition@CSocketManager@@SGHPAU_WSABUF@@0PAU_QualityOfService@@100PAIPAV1@@Z 004129a0 f   SocketManager.obj
 0001:000119d0       ?ServerAcceptThread@CSocketManager@@SGKPAV1@@Z 004129d0 f   SocketManager.obj
 0001:00011b40       ?ServerWorkerThread@CSocketManager@@SGKPAV1@@Z 00412b40 f   SocketManager.obj
 0001:00011c30       ?ServerQueueThread@CSocketManager@@SGKPAV1@@Z 00412c30 f   SocketManager.obj
 0001:00011d60       ?copy_to_clipboard@@YAXV?$basic_string@DU?$char_traits@D@std@@V?$allocator@D@2@@std@@@Z 00412d60 f   Util.obj
 0001:00011dd0       ?CheckListBox@@YA_NPAUHWND__@@HPAD@Z 00412dd0 f   Util.obj
 0001:00011ec0       ?get_count_hwid_by_ip@@YAHPAD@Z 00412ec0 f   Util.obj
 0001:00011f30       ?split@@YA?AV?$vector@V?$basic_string@DU?$char_traits@D@std@@V?$allocator@D@2@@std@@V?$allocator@V?$basic_string@DU?$char_traits@D@std@@V?$allocator@D@2@@std@@@2@@std@@ABV?$basic_string@DU?$char_traits@D@std@@V?$allocator@D@2@@2@D@Z 00412f30 f   Util.obj
 0001:00012250       ?validateIP@@YA_NV?$basic_string@DU?$char_traits@D@std@@V?$allocator@D@2@@std@@@Z 00413250 f   Util.obj
 0001:000124d0       ?MsgBox@@YAXPADZZ          004134d0 f   Util.obj
 0001:00012540       ?ErrorMessageBox@@YAXPADZZ 00413540 f   Util.obj
 0001:000125c0       ?LogAdd@@YAXW4eLogColor@@PADZZ 004135c0 f   Util.obj
 0001:00012680       ?TimeoutProc@@YAXXZ        00413680 f   Util.obj
 0001:000126e0       ?GetUserCount@@YAHXZ       004136e0 f   Util.obj
 0001:000127e0       ?GetIpByIndex@@YAPADH@Z    004137e0 f   Util.obj
 0001:00012840       ?GetHwidByIndex@@YAPADH@Z  00413840 f   Util.obj
 0001:000128a0       ?GetFreeClientIndex@@YAHXZ 004138a0 f   Util.obj
 0001:00012930       ?SearchFreeClientIndex@@YAHPAHHHK@Z 00413930 f   Util.obj
 0001:000129b0       ?RemoveCharacter@@YAPADPADD@Z 004139b0 f   Util.obj
 0001:00012a10       ?push_back@?$vector@V?$basic_string@DU?$char_traits@D@std@@V?$allocator@D@2@@std@@V?$allocator@V?$basic_string@DU?$char_traits@D@std@@V?$allocator@D@2@@std@@@2@@std@@QAEX$$QAV?$basic_string@DU?$char_traits@D@std@@V?$allocator@D@2@@2@@Z 00413a10 f i Util.obj
 0001:00012ac0       ??1?$vector@V?$basic_string@DU?$char_traits@D@std@@V?$allocator@D@2@@std@@V?$allocator@V?$basic_string@DU?$char_traits@D@std@@V?$allocator@D@2@@std@@@2@@std@@QAE@XZ 00413ac0 f i Util.obj
 0001:00012b00       ?find@?$basic_string@DU?$char_traits@D@std@@V?$allocator@D@2@@std@@QBEIPBDII@Z 00413b00 f i Util.obj
 0001:00012ba0       ?find_first_not_of@?$basic_string@DU?$char_traits@D@std@@V?$allocator@D@2@@std@@QBEIPBDII@Z 00413ba0 f i Util.obj
 0001:00012c10       ?_Reserve@?$vector@V?$basic_string@DU?$char_traits@D@std@@V?$allocator@D@2@@std@@V?$allocator@V?$basic_string@DU?$char_traits@D@std@@V?$allocator@D@2@@std@@@2@@std@@IAEXI@Z 00413c10 f i Util.obj
 0001:00012c90       ?reserve@?$vector@V?$basic_string@DU?$char_traits@D@std@@V?$allocator@D@2@@std@@V?$allocator@V?$basic_string@DU?$char_traits@D@std@@V?$allocator@D@2@@std@@@2@@std@@QAEXI@Z 00413c90 f i Util.obj
 0001:00012da0       ?_Destroy@?$vector@V?$basic_string@DU?$char_traits@D@std@@V?$allocator@D@2@@std@@V?$allocator@V?$basic_string@DU?$char_traits@D@std@@V?$allocator@D@2@@std@@@2@@std@@IAEXPAV?$basic_string@DU?$char_traits@D@std@@V?$allocator@D@2@@2@0@Z 00413da0 f i Util.obj
 0001:00012de0       ?allocate@?$allocator@V?$basic_string@DU?$char_traits@D@std@@V?$allocator@D@2@@std@@@std@@QAEPAV?$basic_string@DU?$char_traits@D@std@@V?$allocator@D@2@@2@I@Z 00413de0 f i Util.obj
 0001:00012e40       ??$sprintf_s@$09@@YAHAAY09DPBDZZ 00413e40 f i Util.obj
 0001:00012e60       ??$_Uninit_move@PAV?$basic_string@DU?$char_traits@D@std@@V?$allocator@D@2@@std@@PAV12@V?$allocator@V?$basic_string@DU?$char_traits@D@std@@V?$allocator@D@2@@std@@@2@V12@@std@@YAPAV?$basic_string@DU?$char_traits@D@std@@V?$allocator@D@2@@0@PAV10@00AAV?$allocator@V?$basic_string@DU?$char_traits@D@std@@V?$allocator@D@2@@std@@@0@0U_Nonscalar_ptr_iterator_tag@0@@Z 00413e60 f i Util.obj
 0001:00012f20       ?stoi@std@@YAHABV?$basic_string@DU?$char_traits@D@std@@V?$allocator@D@2@@1@PAIH@Z 00413f20 f i Util.obj
 0001:00012f8a       ??1_Fac_node@std@@QAE@XZ   00413f8a f i msvcprt:locale0_implib.obj
 0001:00012fa0       ?_Facet_Register@facet@locale@std@@CAXPAV123@@Z 00413fa0 f   msvcprt:locale0_implib.obj
 0001:00012fcb       ??1_Fac_tidy_reg_t@std@@QAE@XZ 00413fcb f i msvcprt:locale0_implib.obj
 0001:0001301c       ?xsputn@?$basic_streambuf@DU?$char_traits@D@std@@@std@@MAE_JPBD_J@Z 0041401c f   msvcprt:MSVCP100.dll
 0001:00013022       ?showmanyc@?$basic_streambuf@DU?$char_traits@D@std@@@std@@MAE_JXZ 00414022 f   msvcprt:MSVCP100.dll
 0001:00013028       ?xsgetn@?$basic_streambuf@DU?$char_traits@D@std@@@std@@MAE_JPAD_J@Z 00414028 f   msvcprt:MSVCP100.dll
 0001:0001302e       ?sync@?$basic_streambuf@DU?$char_traits@D@std@@@std@@MAEHXZ 0041402e f   msvcprt:MSVCP100.dll
 0001:00013034       ?_Unlock@?$basic_streambuf@DU?$char_traits@D@std@@@std@@UAEXXZ 00414034 f   msvcprt:MSVCP100.dll
 0001:0001303a       ?_Lock@?$basic_streambuf@DU?$char_traits@D@std@@@std@@UAEXXZ 0041403a f   msvcprt:MSVCP100.dll
 0001:00013040       ?uflow@?$basic_streambuf@DU?$char_traits@D@std@@@std@@MAEHXZ 00414040 f   msvcprt:MSVCP100.dll
 0001:00013046       ?setbuf@?$basic_streambuf@DU?$char_traits@D@std@@@std@@MAEPAV12@PAD_J@Z 00414046 f   msvcprt:MSVCP100.dll
 0001:0001304c       ?imbue@?$basic_streambuf@DU?$char_traits@D@std@@@std@@MAEXABVlocale@2@@Z 0041404c f   msvcprt:MSVCP100.dll
 0001:00013052       ??_U@YAPAXI@Z              00414052 f   msvcprt:newaop_s.obj
 0001:0001305d       @__security_check_cookie@4 0041405d f   MSVCRT:secchk.obj
 0001:0001306c       ?what@exception@std@@UBEPBDXZ 0041406c f   MSVCRT:MSVCR100.dll
 0001:00013072       ??0exception@std@@QAE@ABV01@@Z 00414072 f   MSVCRT:MSVCR100.dll
 0001:00013078       _free                      00414078 f   MSVCRT:MSVCR100.dll
 0001:0001307e       ??3@YAXPAX@Z               0041407e f   MSVCRT:MSVCR100.dll
 0001:00013084       ??_Etype_info@@UAEPAXI@Z   00414084 f i MSVCRT:ti_inst.obj
 0001:000130d0       ??2@YAPAXI@Z               004140d0 f   MSVCRT:MSVCR100.dll
 0001:000130d6       __onexit                   004140d6 f   MSVCRT:atonexit.obj
 0001:00013177       _atexit                    00414177 f   MSVCRT:atonexit.obj
 0001:0001318e       ??0bad_cast@std@@QAE@ABV01@@Z 0041418e f   MSVCRT:MSVCR100.dll
 0001:00013194       ??1bad_cast@std@@UAE@XZ    00414194 f   MSVCRT:MSVCR100.dll
 0001:0001319a       ??_L@YGXPAXIHP6EX0@Z1@Z    0041419a f   MSVCRT:ehvecctr.obj
 0001:000131ff       ?__ArrayUnwind@@YGXPAXIHP6EX0@Z@Z 004141ff f   MSVCRT:ehvecdtr.obj
 0001:0001325d       ??_M@YGXPAXIHP6EX0@Z@Z     0041425d f   MSVCRT:ehvecdtr.obj
 0001:0001359e       _WinMainCRTStartup         0041459e f   MSVCRT:crtexew.obj
 0001:000135a8       ___CxxFrameHandler3        004145a8 f   MSVCRT:MSVCR100.dll
 0001:000135ae       __EH_prolog3               004145ae f   MSVCRT:ehprolg3.obj
 0001:000135e1       __EH_epilog3               004145e1 f   MSVCRT:ehprolg3.obj
 0001:000135f5       ___report_gsfailure        004145f5 f   MSVCRT:gs_report.obj
 0001:000136fc       __unlock                   004146fc f   MSVCRT:MSVCR100.dll
 0001:00013702       ___dllonexit               00414702 f   MSVCRT:MSVCR100.dll
 0001:00013708       __lock                     00414708 f   MSVCRT:MSVCR100.dll
 0001:00013710       __SEH_prolog4              00414710 f   MSVCRT:sehprolg4.obj
 0001:00013755       __SEH_epilog4              00414755 f   MSVCRT:sehprolg4.obj
 0001:00013769       __except_handler4          00414769 f   MSVCRT:chandler4gs.obj
 0001:0001378e       ?terminate@@YAXXZ          0041478e f   MSVCRT:MSVCR100.dll
 0001:00013794       ?__CxxUnhandledExceptionFilter@@YGJPAU_EXCEPTION_POINTERS@@@Z 00414794 f   MSVCRT:unhandld.obj
 0001:000137d6       ___CxxSetUnhandledExceptionFilter 004147d6 f   MSVCRT:unhandld.obj
 0001:000137e4       __amsg_exit                004147e4 f   MSVCRT:MSVCR100.dll
 0001:000137ea       __RTC_Initialize           004147ea f   MSVCRT:_initsect_.obj
 0001:00013810       __RTC_Terminate            00414810 f   MSVCRT:_initsect_.obj
 0001:00013836       __XcptFilter               00414836 f   MSVCRT:MSVCR100.dll
 0001:00013840       __ValidateImageBase        00414840 f   MSVCRT:pesect.obj
 0001:00013880       __FindPESection            00414880 f   MSVCRT:pesect.obj
 0001:000138d0       __IsNonwritableInCurrentImage 004148d0 f   MSVCRT:pesect.obj
 0001:0001398c       __initterm                 0041498c f   MSVCRT:MSVCR100.dll
 0001:00013992       __initterm_e               00414992 f   MSVCRT:MSVCR100.dll
 0001:00013998       __setdefaultprecision      00414998 f   MSVCRT:fp8.obj
 0001:000139c0       __matherr                  004149c0 f   MSVCRT:merr.obj
 0001:000139c0       __setargv                  004149c0 f   MSVCRT:dllargv.obj
 0001:000139c3       ___security_init_cookie    004149c3 f   MSVCRT:gs_support.obj
 0001:00013a5e       __crt_debugger_hook        00414a5e f   MSVCRT:MSVCR100.dll
 0001:00013a64       ??1type_info@@UAE@XZ       00414a64 f   MSVCRT:MSVCR100.dll
 0001:00013a64       ?_type_info_dtor_internal_method@type_info@@QAEXXZ 00414a64 f   MSVCRT:MSVCR100.dll
 0001:00013a6a       __except_handler4_common   00414a6a f   MSVCRT:MSVCR100.dll
 0001:00013a70       __invoke_watson            00414a70 f   MSVCRT:MSVCR100.dll
 0001:00013a76       __controlfp_s              00414a76 f   MSVCRT:MSVCR100.dll
 0001:00013a7c       ??0CInitGDIPlus@CImage@ATL@@QAE@XZ 00414a7c f i atls:atlimage2.obj
 0001:00013ab7       ??1CDCCache@CImage@ATL@@QAE@XZ 00414ab7 f i atls:atlimage.obj
 0001:00013ad6       ??1CWin32Heap@ATL@@UAE@XZ  00414ad6 f i atls:atlstr.obj
 0001:00013af1       ?Allocate@CWin32Heap@ATL@@UAEPAXI@Z 00414af1 f i atls:atlstr.obj
 0001:00013b08       ?Free@CWin32Heap@ATL@@UAEXPAX@Z 00414b08 f i atls:atlstr.obj
 0001:00013b25       ?Reallocate@CWin32Heap@ATL@@UAEPAXPAXI@Z 00414b25 f i atls:atlstr.obj
 0001:00013b5f       ?GetSize@CWin32Heap@ATL@@UAEIPAX@Z 00414b5f f i atls:atlstr.obj
 0001:00013b76       ??_GCWin32Heap@ATL@@UAEPAXI@Z 00414b76 f i atls:atlstr.obj
 0001:00013b76       ??_ECWin32Heap@ATL@@UAEPAXI@Z 00414b76 f i atls:atlstr.obj
 0001:00013b97       ??$AtlMultiply@I@ATL@@YAJPAIII@Z 00414b97 f i atls:atlstr.obj
 0001:00013b97       ??$AtlMultiply@K@ATL@@YAJPAKKK@Z 00414b97 f i atls:atlstr.obj
 0001:00013bbb       ?Free@CAtlStringMgr@ATL@@UAEXPAUCStringData@2@@Z 00414bbb f i atls:atlstr.obj
 0001:00013bc9       ?GetNilString@CAtlStringMgr@ATL@@UAEPAUCStringData@2@XZ 00414bc9 f i atls:atlstr.obj
 0001:00013bd7       ?Clone@CAtlStringMgr@ATL@@UAEPAUIAtlStringMgr@2@XZ 00414bd7 f i atls:atlstr.obj
 0001:00013bda       ??_ECAtlStringMgr@ATL@@UAEPAXI@Z 00414bda f i atls:atlstr.obj
 0001:00013bda       ??_GCAtlStringMgr@ATL@@UAEPAXI@Z 00414bda f i atls:atlstr.obj
 0001:00013bfc       ??$AtlAdd@I@ATL@@YAJPAIII@Z 00414bfc f i atls:atlstr.obj
 0001:00013c22       ?Allocate@CAtlStringMgr@ATL@@UAEPAUCStringData@2@HH@Z 00414c22 f i atls:atlstr.obj
 0001:00013c86       ?Reallocate@CAtlStringMgr@ATL@@UAEPAUCStringData@2@PAU32@HH@Z 00414c86 f i atls:atlstr.obj
 0001:00013ce1       ?RemoveAll@?$CSimpleArray@PAUHINSTANCE__@@V?$CSimpleArrayEqualHelper@PAUHINSTANCE__@@@ATL@@@ATL@@QAEXXZ 00414ce1 f i atls:atlbase.obj
 0001:00013d00       ?Init@CComCriticalSection@ATL@@QAEJXZ 00414d00 f i atls:atlbase.obj
 0001:00013d2b       ??0_ATL_BASE_MODULE70@ATL@@QAE@XZ 00414d2b f i atls:atlbase.obj
 0001:00013d50       ??1CAtlBaseModule@ATL@@QAE@XZ 00414d50 f   atls:atlbase.obj
 0001:00013d68       ?GetHInstanceAt@CAtlBaseModule@ATL@@QAEPAUHINSTANCE__@@H@Z 00414d68 f   atls:atlbase.obj
 0001:00013dc5       ??0CAtlBaseModule@ATL@@QAE@XZ 00414dc5 f   atls:atlbase.obj
 0001:00013e06       _memset                    00414e06 f   MSVCRT:MSVCR100.dll
 0001:00013e10       __alloca_probe             00414e10     MSVCRT:chkstk.obj
 0001:00013e10       __chkstk                   00414e10 f   MSVCRT:chkstk.obj
[...]
 0001:00014500       __unwindfunclet$??$_Uninit_move@PAV?$basic_string@DU?$char_traits@D@std@@V?$allocator@D@2@@std@@PAV12@V?$allocator@V?$basic_string@DU?$char_traits@D@std@@V?$allocator@D@2@@std@@@2@V12@@std@@YAPAV?$basic_string@DU?$char_traits@D@std@@V?$allocator@D@2@@0@PAV10@00AAV?$allocator@V?$basic_string@DU?$char_traits@D@std@@V?$allocator@D@2@@std@@@0@0U_Nonscalar_ptr_iterator_tag@0@@Z$2 00415500 f    CIL library: CIL module
 0001:00014505       __ehhandler$??$_Uninit_move@PAV?$basic_string@DU?$char_traits@D@std@@V?$allocator@D@2@@std@@PAV12@V?$allocator@V?$basic_string@DU?$char_traits@D@std@@V?$allocator@D@2@@std@@@2@V12@@std@@YAPAV?$basic_string@DU?$char_traits@D@std@@V?$allocator@D@2@@0@PAV10@00AAV?$allocator@V?$basic_string@DU?$char_traits@D@std@@V?$allocator@D@2@@std@@@0@0U_Nonscalar_ptr_iterator_tag@0@@Z 00415505 f    CIL library: CIL module
 0001:00014520       __ehhandler$?reserve@?$vector@V?$basic_string@DU?$char_traits@D@std@@V?$allocator@D@2@@std@@V?$allocator@V?$basic_string@DU?$char_traits@D@std@@V?$allocator@D@2@@std@@@2@@std@@QAEXI@Z 00415520 f    CIL library: CIL module
 0001:00014540       __unwindfunclet$?push_back@?$vector@V?$basic_string@DU?$char_traits@D@std@@V?$allocator@D@2@@std@@V?$allocator@V?$basic_string@DU?$char_traits@D@std@@V?$allocator@D@2@@std@@@2@@std@@QAEX$$QAV?$basic_string@DU?$char_traits@D@std@@V?$allocator@D@2@@2@@Z$0 00415540 f    CIL library: CIL module
 0001:00014545       __unwindfunclet$?push_back@?$vector@V?$basic_string@DU?$char_traits@D@std@@V?$allocator@D@2@@std@@V?$allocator@V?$basic_string@DU?$char_traits@D@std@@V?$allocator@D@2@@std@@@2@@std@@QAEX$$QAV?$basic_string@DU?$char_traits@D@std@@V?$allocator@D@2@@2@@Z$1 00415545 f    CIL library: CIL module
 0001:0001454a       __ehhandler$?push_back@?$vector@V?$basic_string@DU?$char_traits@D@std@@V?$allocator@D@2@@std@@V?$allocator@V?$basic_string@DU?$char_traits@D@std@@V?$allocator@D@2@@std@@@2@@std@@QAEX$$QAV?$basic_string@DU?$char_traits@D@std@@V?$allocator@D@2@@2@@Z 0041554a f    CIL library: CIL module
 0001:00014570       __unwindfunclet$??_GCIpManager@@UAEPAXI@Z$2 00415570 f    CIL library: CIL module
 0001:00014570       __unwindfunclet$??_GCProtection@@UAEPAXI@Z$2 00415570 f    CIL library: CIL module
 0001:00014578       __ehhandler$??_GCIpManager@@UAEPAXI@Z 00415578 f    CIL library: CIL module
 0001:00014578       __ehhandler$??_GCProtection@@UAEPAXI@Z 00415578 f    CIL library: CIL module
 0001:000145a0       __unwindfunclet$??_GCProcessManager@@UAEPAXI@Z$0 004155a0 f    CIL library: CIL module
 0001:000145ab       __unwindfunclet$??_GCProcessManager@@UAEPAXI@Z$3 004155ab f    CIL library: CIL module
 0001:000145b3       __ehhandler$??_GCProcessManager@@UAEPAXI@Z 004155b3 f    CIL library: CIL module
 0001:000145d0       __unwindfunclet$?InsertIpAddress@CIpManager@@QAEXPAD@Z$0 004155d0 f    CIL library: CIL module
 0001:000145d8       __unwindfunclet$?InsertIpAddress@CIpManager@@QAEXPAD@Z$1 004155d8 f    CIL library: CIL module
 0001:000145e3       __unwindfunclet$?InsertIpAddress@CIpManager@@QAEXPAD@Z$2 004155e3 f    CIL library: CIL module
 0001:000145eb       __ehhandler$?InsertIpAddress@CIpManager@@QAEXPAD@Z 004155eb f    CIL library: CIL module
 0001:00014620       __unwindfunclet$??A?$map@V?$basic_string@DU?$char_traits@D@std@@V?$allocator@D@2@@std@@HU?$less@V?$basic_string@DU?$char_traits@D@std@@V?$allocator@D@2@@std@@@2@V?$allocator@U?$pair@$$CBV?$basic_string@DU?$char_traits@D@std@@V?$allocator@D@2@@std@@H@std@@@2@@std@@QAEAAHABV?$basic_string@DU?$char_traits@D@std@@V?$allocator@D@2@@1@@Z$0 00415620 f    CIL library: CIL module
 0001:00014628       __ehhandler$??A?$map@V?$basic_string@DU?$char_traits@D@std@@V?$allocator@D@2@@std@@HU?$less@V?$basic_string@DU?$char_traits@D@std@@V?$allocator@D@2@@std@@@2@V?$allocator@U?$pair@$$CBV?$basic_string@DU?$char_traits@D@std@@V?$allocator@D@2@@std@@H@std@@@2@@std@@QAEAAHABV?$basic_string@DU?$char_traits@D@std@@V?$allocator@D@2@@1@@Z 00415628 f    CIL library: CIL module
 0001:00014650       __unwindfunclet$?IncrementHwidCount@CHidManager@@QAEXPAD@Z$0 00415650 f    CIL library: CIL module
 0001:00014658       __ehhandler$?IncrementHwidCount@CHidManager@@QAEXPAD@Z 00415658 f    CIL library: CIL module
 0001:00014680       __unwindfunclet$?CheckHwidConnectionLimit@CHidManager@@QAE_NPAD@Z$0 00415680 f    CIL library: CIL module
 0001:00014688       __ehhandler$?CheckHwidConnectionLimit@CHidManager@@QAE_NPAD@Z 00415688 f    CIL library: CIL module
 0001:000146b0       __unwindfunclet$??0CHidManager@@QAE@XZ$0 004156b0 f    CIL library: CIL module
 0001:000146bb       __ehhandler$??0CHidManager@@QAE@XZ 004156bb f    CIL library: CIL module
 0001:000146e0       __unwindfunclet$?str@?$basic_stringbuf@DU?$char_traits@D@std@@V?$allocator@D@2@@std@@QBE?AV?$basic_string@DU?$char_traits@D@std@@V?$allocator@D@2@@2@XZ$0 004156e0 f    CIL library: CIL module
 0001:000146e8       __unwindfunclet$?str@?$basic_stringbuf@DU?$char_traits@D@std@@V?$allocator@D@2@@std@@QBE?AV?$basic_string@DU?$char_traits@D@std@@V?$allocator@D@2@@2@XZ$2 004156e8 f    CIL library: CIL module
 0001:000146f0       __unwindfunclet$?str@?$basic_stringbuf@DU?$char_traits@D@std@@V?$allocator@D@2@@std@@QBE?AV?$basic_string@DU?$char_traits@D@std@@V?$allocator@D@2@@2@XZ$3 004156f0 f    CIL library: CIL module
 0001:000146f8       __ehhandler$?str@?$basic_stringbuf@DU?$char_traits@D@std@@V?$allocator@D@2@@std@@QBE?AV?$basic_string@DU?$char_traits@D@std@@V?$allocator@D@2@@2@XZ 004156f8 f    CIL library: CIL module
 0001:00014720       __unwindfunclet$?DecrementHwidCount@CHidManager@@QAEXPAD@Z$0 00415720 f    CIL library: CIL module
 0001:00014720       __unwindfunclet$?RemoveIpAddress@CIpManager@@QAEXPAD@Z$0 00415720 f    CIL library: CIL module
 0001:00014720       __unwindfunclet$?_Endwrite@?$basic_filebuf@DU?$char_traits@D@std@@@std@@IAE_NXZ$0 00415720 f    CIL library: CIL module
 0001:00014720       __unwindfunclet$?CheckIpAddress@CIpManager@@QAE_NPAD@Z$0 00415720 f    CIL library: CIL module
 0001:00014728       __ehhandler$?RemoveIpAddress@CIpManager@@QAEXPAD@Z 00415728 f    CIL library: CIL module
 0001:00014728       __ehhandler$?_Endwrite@?$basic_filebuf@DU?$char_traits@D@std@@@std@@IAE_NXZ 00415728 f    CIL library: CIL module
 0001:00014728       __ehhandler$?CheckIpAddress@CIpManager@@QAE_NPAD@Z 00415728 f    CIL library: CIL module
 0001:00014728       __ehhandler$?DecrementHwidCount@CHidManager@@QAEXPAD@Z 00415728 f    CIL library: CIL module
 0001:00014750       __unwindfunclet$?overflow@?$basic_filebuf@DU?$char_traits@D@std@@@std@@MAEHH@Z$0 00415750 f    CIL library: CIL module
 0001:00014750       __unwindfunclet$?uflow@?$basic_filebuf@DU?$char_traits@D@std@@@std@@MAEHXZ$0 00415750 f    CIL library: CIL module
 0001:00014758       __ehhandler$?overflow@?$basic_filebuf@DU?$char_traits@D@std@@@std@@MAEHH@Z 00415758 f    CIL library: CIL module
 0001:00014758       __ehhandler$?uflow@?$basic_filebuf@DU?$char_traits@D@std@@@std@@MAEHXZ 00415758 f    CIL library: CIL module
 0001:00014780       __unwindfunclet$??1?$basic_filebuf@DU?$char_traits@D@std@@@std@@UAE@XZ$0 00415780 f    CIL library: CIL module
 0001:00014789       __ehhandler$??1?$basic_filebuf@DU?$char_traits@D@std@@@std@@UAE@XZ 00415789 f    CIL library: CIL module
 0001:000147b0       __unwindfunclet$??0?$basic_ofstream@DU?$char_traits@D@std@@@std@@QAE@XZ$0 004157b0 f    CIL library: CIL module
 0001:000147cd       __unwindfunclet$??0?$basic_ofstream@DU?$char_traits@D@std@@@std@@QAE@XZ$1 004157cd f    CIL library: CIL module
 0001:000147d9       __unwindfunclet$??0?$basic_ofstream@DU?$char_traits@D@std@@@std@@QAE@XZ$3 004157d9 f    CIL library: CIL module
 0001:000147e2       __ehhandler$??0?$basic_ofstream@DU?$char_traits@D@std@@@std@@QAE@XZ 004157e2 f    CIL library: CIL module
 0001:00014800       __unwindfunclet$??_D?$basic_ofstream@DU?$char_traits@D@std@@@std@@QAEXXZ$0 00415800 f    CIL library: CIL module
 0001:0001480c       __ehhandler$??_D?$basic_ofstream@DU?$char_traits@D@std@@@std@@QAEXXZ 0041580c f    CIL library: CIL module
 0001:00014830       __unwindfunclet$?WriteNewBlackList@CBlackList@@QAEXPAD@Z$0 00415830 f    CIL library: CIL module
 0001:0001483b       __unwindfunclet$?WriteNewBlackList@CBlackList@@QAEXPAD@Z$1 0041583b f    CIL library: CIL module
 0001:0001484a       __unwindfunclet$?WriteNewBlackList@CBlackList@@QAEXPAD@Z$3 0041584a f    CIL library: CIL module
 0001:00014856       __ehhandler$?WriteNewBlackList@CBlackList@@QAEXPAD@Z 00415856 f    CIL library: CIL module
 0001:00014890       __unwindfunclet$?split@@YA?AV?$vector@V?$basic_string@DU?$char_traits@D@std@@V?$allocator@D@2@@std@@V?$allocator@V?$basic_string@DU?$char_traits@D@std@@V?$allocator@D@2@@std@@@2@@std@@ABV?$basic_string@DU?$char_traits@D@std@@V?$allocator@D@2@@2@D@Z$0 00415890 f    CIL library: CIL module
 0001:000148a9       __unwindfunclet$?split@@YA?AV?$vector@V?$basic_string@DU?$char_traits@D@std@@V?$allocator@D@2@@std@@V?$allocator@V?$basic_string@DU?$char_traits@D@std@@V?$allocator@D@2@@std@@@2@@std@@ABV?$basic_string@DU?$char_traits@D@std@@V?$allocator@D@2@@2@D@Z$2 004158a9 f    CIL library: CIL module
 0001:000148b1       __unwindfunclet$?split@@YA?AV?$vector@V?$basic_string@DU?$char_traits@D@std@@V?$allocator@D@2@@std@@V?$allocator@V?$basic_string@DU?$char_traits@D@std@@V?$allocator@D@2@@std@@@2@@std@@ABV?$basic_string@DU?$char_traits@D@std@@V?$allocator@D@2@@2@D@Z$1 004158b1 f    CIL library: CIL module
 0001:000148b9       __unwindfunclet$?split@@YA?AV?$vector@V?$basic_string@DU?$char_traits@D@std@@V?$allocator@D@2@@std@@V?$allocator@V?$basic_string@DU?$char_traits@D@std@@V?$allocator@D@2@@std@@@2@@std@@ABV?$basic_string@DU?$char_traits@D@std@@V?$allocator@D@2@@2@D@Z$3 004158b9 f    CIL library: CIL module
 0001:000148be       __unwindfunclet$?split@@YA?AV?$vector@V?$basic_string@DU?$char_traits@D@std@@V?$allocator@D@2@@std@@V?$allocator@V?$basic_string@DU?$char_traits@D@std@@V?$allocator@D@2@@std@@@2@@std@@ABV?$basic_string@DU?$char_traits@D@std@@V?$allocator@D@2@@2@D@Z$4 004158be f    CIL library: CIL module
 0001:000148c3       __ehhandler$?split@@YA?AV?$vector@V?$basic_string@DU?$char_traits@D@std@@V?$allocator@D@2@@std@@V?$allocator@V?$basic_string@DU?$char_traits@D@std@@V?$allocator@D@2@@std@@@2@@std@@ABV?$basic_string@DU?$char_traits@D@std@@V?$allocator@D@2@@2@D@Z 004158c3 f    CIL library: CIL module
 0001:000148f0       __unwindfunclet$??0?$basic_ofstream@DU?$char_traits@D@std@@@std@@QAE@PBDHH@Z$0 004158f0 f    CIL library: CIL module
 0001:0001490d       __unwindfunclet$??0?$basic_ofstream@DU?$char_traits@D@std@@@std@@QAE@PBDHH@Z$1 0041590d f    CIL library: CIL module
 0001:00014919       __unwindfunclet$??0?$basic_ofstream@DU?$char_traits@D@std@@@std@@QAE@PBDHH@Z$3 00415919 f    CIL library: CIL module
 0001:00014922       __unwindfunclet$??0?$basic_ofstream@DU?$char_traits@D@std@@@std@@QAE@PBDHH@Z$2 00415922 f    CIL library: CIL module
 0001:0001492d       __ehhandler$??0?$basic_ofstream@DU?$char_traits@D@std@@@std@@QAE@PBDHH@Z 0041592d f    CIL library: CIL module
 0001:00014950       __unwindfunclet$?RecvFile@CProcessListInfo@@QAEXPAUPMSG_FILE_RECV@@@Z$0 00415950 f    CIL library: CIL module
 0001:0001495b       __unwindfunclet$?RecvFile@CProcessListInfo@@QAEXPAUPMSG_FILE_RECV@@@Z$2 0041595b f    CIL library: CIL module
 0001:00014963       __unwindfunclet$?RecvFile@CProcessListInfo@@QAEXPAUPMSG_FILE_RECV@@@Z$3 00415963 f    CIL library: CIL module
 0001:0001496e       __unwindfunclet$?RecvFile@CProcessListInfo@@QAEXPAUPMSG_FILE_RECV@@@Z$4 0041596e f    CIL library: CIL module
 0001:0001497a       __unwindfunclet$?RecvFile@CProcessListInfo@@QAEXPAUPMSG_FILE_RECV@@@Z$6 0041597a f    CIL library: CIL module
 0001:00014986       __ehhandler$?RecvFile@CProcessListInfo@@QAEXPAUPMSG_FILE_RECV@@@Z 00415986 f    CIL library: CIL module
 0001:000149b0       __unwindfunclet$?RecvProcessClass@CProcessListInfo@@QAEXPAUPMSG_WINDOW_CLASS_SEND@@@Z$0 004159b0 f    CIL library: CIL module
 0001:000149bb       __unwindfunclet$?RecvProcessClass@CProcessListInfo@@QAEXPAUPMSG_WINDOW_CLASS_SEND@@@Z$1 004159bb f    CIL library: CIL module
 0001:000149c3       __unwindfunclet$?RecvProcessClass@CProcessListInfo@@QAEXPAUPMSG_WINDOW_CLASS_SEND@@@Z$3 004159c3 f    CIL library: CIL module
 0001:000149cf       __unwindfunclet$?RecvProcessClass@CProcessListInfo@@QAEXPAUPMSG_WINDOW_CLASS_SEND@@@Z$5 004159cf f    CIL library: CIL module
 0001:000149d8       __ehhandler$?RecvProcessClass@CProcessListInfo@@QAEXPAUPMSG_WINDOW_CLASS_SEND@@@Z 004159d8 f    CIL library: CIL module
 0001:00014a00       __unwindfunclet$??_GCHidManager@@UAEPAXI@Z$0 00415a00 f    CIL library: CIL module
 0001:00014a0b       __unwindfunclet$??_GCHidManager@@UAEPAXI@Z$3 00415a0b f    CIL library: CIL module
 0001:00014a13       __ehhandler$??_GCHidManager@@UAEPAXI@Z 00415a13 f    CIL library: CIL module
 0001:00014a30       __unwindfunclet$??_G?$basic_ofstream@DU?$char_traits@D@std@@@std@@UAEPAXI@Z$0 00415a30 f    CIL library: CIL module
 0001:00014a3c       __ehhandler$??_G?$basic_ofstream@DU?$char_traits@D@std@@@std@@UAEPAXI@Z 00415a3c f    CIL library: CIL module
 0001:00014a60       __unwindfunclet$?validateIP@@YA_NV?$basic_string@DU?$char_traits@D@std@@V?$allocator@D@2@@std@@@Z$0 00415a60 f    CIL library: CIL module
 0001:00014a68       __unwindfunclet$?validateIP@@YA_NV?$basic_string@DU?$char_traits@D@std@@V?$allocator@D@2@@std@@@Z$1 00415a68 f    CIL library: CIL module
 0001:00014a70       __ehhandler$?validateIP@@YA_NV?$basic_string@DU?$char_traits@D@std@@V?$allocator@D@2@@std@@@Z 00415a70 f    CIL library: CIL module
 0001:00014a90       __unwindfunclet$?DrawScreen@CScreenShow@@SAXPAUHWND__@@PAUHDC__@@@Z$0 00415a90 f    CIL library: CIL module
 0001:00014a9b       __ehhandler$?DrawScreen@CScreenShow@@SAXPAUHWND__@@PAUHDC__@@@Z 00415a9b f    CIL library: CIL module
 0001:00014ad0       __unwindfunclet$?FindCodecForExtension@CImage@ATL@@CA?AU_GUID@@PBDPBVImageCodecInfo@Gdiplus@@I@Z$0 00415ad0 f    CIL library: CIL module
 0001:00014adb       __unwindfunclet$?FindCodecForExtension@CImage@ATL@@CA?AU_GUID@@PBDPBVImageCodecInfo@Gdiplus@@I@Z$4 00415adb f    CIL library: CIL module
 0001:00014ae6       __unwindfunclet$?FindCodecForExtension@CImage@ATL@@CA?AU_GUID@@PBDPBVImageCodecInfo@Gdiplus@@I@Z$1 00415ae6 f    CIL library: CIL module
 0001:00014af1       __unwindfunclet$?FindCodecForExtension@CImage@ATL@@CA?AU_GUID@@PBDPBVImageCodecInfo@Gdiplus@@I@Z$2 00415af1 f    CIL library: CIL module
 0001:00014afc       __unwindfunclet$?FindCodecForExtension@CImage@ATL@@CA?AU_GUID@@PBDPBVImageCodecInfo@Gdiplus@@I@Z$5 00415afc f    CIL library: CIL module
 0001:00014b07       __unwindfunclet$?FindCodecForExtension@CImage@ATL@@CA?AU_GUID@@PBDPBVImageCodecInfo@Gdiplus@@I@Z$3 00415b07 f    CIL library: CIL module
 0001:00014b12       __ehhandler$?FindCodecForExtension@CImage@ATL@@CA?AU_GUID@@PBDPBVImageCodecInfo@Gdiplus@@I@Z 00415b12 f    CIL library: CIL module
 0001:00014b40       __unwindfunclet$?SaveScreen@CScreenShot@@QAEXPAD0H@Z$0 00415b40 f    CIL library: CIL module
 0001:00014b4b       __ehhandler$?SaveScreen@CScreenShot@@QAEXPAD0H@Z 00415b4b f    CIL library: CIL module
 0001:00014b80       __unwindfunclet$??__FgProtection@@YAXXZ$2 00415b80 f    CIL library: CIL module
 0001:00014b88       __ehhandler$??__FgProtection@@YAXXZ 00415b88 f    CIL library: CIL module
 0001:00014bb0       __unwindfunclet$??__FgProcessManager@@YAXXZ$0 00415bb0 f    CIL library: CIL module
 0001:00014bba       __unwindfunclet$??__FgProcessManager@@YAXXZ$3 00415bba f    CIL library: CIL module
 0001:00014bc2       __ehhandler$??__FgProcessManager@@YAXXZ 00415bc2 f    CIL library: CIL module
 0001:00014be0       __unwindfunclet$??__FgIpManager@@YAXXZ$2 00415be0 f    CIL library: CIL module
 0001:00014be8       __ehhandler$??__FgIpManager@@YAXXZ 00415be8 f    CIL library: CIL module
 0001:00014c10       __unwindfunclet$??__FgHidManager@@YAXXZ$0 00415c10 f    CIL library: CIL module
 0001:00014c1a       __unwindfunclet$??__FgHidManager@@YAXXZ$3 00415c1a f    CIL library: CIL module
 0001:00014c22       __ehhandler$??__FgHidManager@@YAXXZ 00415c22 f    CIL library: CIL module
 0001:00014c40       ??__EgAuthenticate@@YAXXZ  00415c40 f    CIL library: CIL module
 0001:00014c70       ??__EgBlackList@@YAXXZ     00415c70 f    CIL library: CIL module
 0001:00014c80       ??__EgClientManager@@YAXXZ 00415c80 f    CIL library: CIL module
 0001:00014cb0       ??__EgHidManager@@YAXXZ    00415cb0 f    CIL library: CIL module
 0001:00014cd0       ??__EgIpManager@@YAXXZ     00415cd0 f    CIL library: CIL module
 0001:00014d50       ??__EgLog@@YAXXZ           00415d50 f    CIL library: CIL module
 0001:00014d60       ??__EgProcessListInfo@@YAXXZ 00415d60 f    CIL library: CIL module
 0001:00014d90       ??__EgProcessManager@@YAXXZ 00415d90 f    CIL library: CIL module
 0001:00014db0       ??__EgProtection@@YAXXZ    00415db0 f    CIL library: CIL module
 0001:00014dd0       ??__EgReadFiles@@YAXXZ     00415dd0 f    CIL library: CIL module
 0001:00014de0       ??__EgScreenShot@@YAXXZ    00415de0 f    CIL library: CIL module
 0001:00014e00       ??__EgScreenShow@@YAXXZ    00415e00 f    CIL library: CIL module
 0001:00014e20       ??__EgServerDisplayer@@YAXXZ 00415e20 f    CIL library: CIL module
 0001:00014e40       ??__EgServerInfo@@YAXXZ    00415e40 f    CIL library: CIL module
 0001:00014e50       ??__EgSocketManager@@YAXXZ 00415e50 f    CIL library: CIL module
 0001:00014e61       ??__E_Fac_tidy_reg@std@@YAXXZ 00415e61 f   msvcprt:locale0_implib.obj
 0001:00014e6d       ??__E?s_initGDIPlus@CImage@ATL@@0VCInitGDIPlus@12@A@@YAXXZ 00415e6d f   atls:atlimage2.obj
 0001:00014e83       ??__E?s_cache@CImage@ATL@@0VCDCCache@12@A@@YAXXZ 00415e83 f   atls:atlimage.obj
 0001:00014e9e       ??__Eg_strheap@ATL@@YAXXZ  00415e9e f   atls:atlstr.obj
 0001:00014ec6       ??__Eg_strmgr@ATL@@YAXXZ   00415ec6 f   atls:atlstr.obj
 0001:00014ed2       ??__E_AtlBaseModule@ATL@@YAXXZ 00415ed2 f   atls:atlbase.obj
 0001:00014ef0       ??__FgAuthenticate@@YAXXZ  00415ef0 f    CIL library: CIL module
 0001:00014f30       ??__FgBlackList@@YAXXZ     00415f30 f    CIL library: CIL module
 0001:00014f90       ??__FgClientManager@@YAXXZ 00415f90 f    CIL library: CIL module
 0001:00014fe0       ??__FgHidManager@@YAXXZ    00415fe0 f    CIL library: CIL module
 0001:00015090       ??__FgIpManager@@YAXXZ     00416090 f    CIL library: CIL module
 0001:00015110       ??__FgLog@@YAXXZ           00416110 f    CIL library: CIL module
 0001:00015120       ??__FgProcessListInfo@@YAXXZ 00416120 f    CIL library: CIL module
 0001:00015170       ??__FgProcessManager@@YAXXZ 00416170 f    CIL library: CIL module
 0001:00015200       ??__FgProtection@@YAXXZ    00416200 f    CIL library: CIL module
 0001:00015280       ??__FgReadFiles@@YAXXZ     00416280 f    CIL library: CIL module
 0001:00015290       ??__FgScreenShot@@YAXXZ    00416290 f    CIL library: CIL module
 0001:000152e0       ??__FgScreenShow@@YAXXZ    004162e0 f    CIL library: CIL module
 0001:00015340       ??__FgServerDisplayer@@YAXXZ 00416340 f    CIL library: CIL module
 0001:00015380       ??__FgServerInfo@@YAXXZ    00416380 f    CIL library: CIL module
 0001:00015390       ??__FgSocketManager@@YAXXZ 00416390 f    CIL library: CIL module
 0001:0001539a       ??__F_Fac_tidy_reg@std@@YAXXZ 0041639a f   msvcprt:locale0_implib.obj
 0001:000153a4       ??__F?s_initGDIPlus@CImage@ATL@@0VCInitGDIPlus@12@A@@YAXXZ 004163a4 f   atls:atlimage2.obj
 0001:000153ba       ??__F?s_cache@CImage@ATL@@0VCDCCache@12@A@@YAXXZ 004163ba f   atls:atlimage.obj
 0001:000153c4       ??__Fg_strheap@ATL@@YAXXZ  004163c4 f   atls:atlstr.obj
 0001:000153ce       ??__Fg_strmgr@ATL@@YAXXZ   004163ce f   atls:atlstr.obj
 0001:000153d9       ??__F_AtlBaseModule@ATL@@YAXXZ 004163d9 f   atls:atlbase.obj
