 MHPServer

 Timestamp is 6803f444 (Sat Apr 19 21:06:44 2025)

 Preferred load address is 00400000

 Start         Length     Name                   Class
 0001:00000000 00012cccH .text                   CODE
 0001:00012cd0 00000bb3H .text$x                 CODE
 0001:00013890 00000298H .text$yc                CODE
 0001:00013b30 00000453H .text$yd                CODE
 0002:00000000 00000570H .idata$5                DATA
 0002:00000570 00000004H .CRT$XCA                DATA
 0002:00000574 00000004H .CRT$XCAA               DATA
 0002:00000578 00000018H .CRT$XCL                DATA
 0002:00000590 0000003cH .CRT$XCU                DATA
 0002:000005cc 00000004H .CRT$XCZ                DATA
 0002:000005d0 00000004H .CRT$XIA                DATA
 0002:000005d4 00000004H .CRT$XIAA               DATA
 0002:000005d8 00000004H .CRT$XIC                DATA
 0002:000005dc 00000004H .CRT$XIY                DATA
 0002:000005e0 00000004H .CRT$XIZ                DATA
 0002:000005f0 00001bc0H .rdata                  DATA
 0002:000021b0 00000064H .rdata$debug            DATA
 0002:00002214 00000ab0H .rdata$r                DATA
 0002:00002cd0 000000e4H .rdata$sxdata           DATA
 0002:00002db4 00000004H .rtc$IAA                DATA
 0002:00002db8 00000004H .rtc$IZZ                DATA
 0002:00002dbc 00000004H .rtc$TAA                DATA
 0002:00002dc0 00000004H .rtc$TZZ                DATA
 0002:00002dc8 00001010H .xdata$x                DATA
 0002:00003dd8 00000000H ATL$__a                 DATA
 0002:00003dd8 00000000H ATL$__z                 DATA
 0002:00003dd8 00000118H .idata$2                DATA
 0002:00003ef0 00000014H .idata$3                DATA
 0002:00003f04 00000570H .idata$4                DATA
 0002:00004474 00001e3aH .idata$6                DATA
 0002:000062ae 00000000H .edata                  DATA
 0003:00000000 00005490H .data                   DATA
 0003:00005490 00185154H .bss                    DATA
 0004:00000000 00000394H .rsrc$01                DATA
 0004:000003a0 00003730H .rsrc$02                DATA

  Address         Publics by Value              Rva+Base       Lib:Object

 0000:00000000       __except_list              00000000     <absolute>
 0000:00000039       ___safe_se_handler_count   00000039     <absolute>
 0000:00009876       __ldused                   00009876     <absolute>
 0000:00009876       __fltused                  00009876     <absolute>
 0000:00000000       ___ImageBase               00400000     <linker-defined>
 0001:00000000       ??1bad_alloc@std@@UAE@XZ   00401000 f i pugixml.obj
 0001:00000010       ??_Gbad_alloc@std@@UAEPAXI@Z 00401010 f i pugixml.obj
 0001:00000010       ??_Ebad_alloc@std@@UAEPAXI@Z 00401010 f i  CIL library: CIL module
 0001:00000040       ??3@YAXPAX0@Z              00401040 f i pugixml.obj
 0001:00000050       ?assign@?$basic_string@DU?$char_traits@D@std@@V?$allocator@D@2@@std@@QAEAAV12@$$QAV12@@Z 00401050 f i pugixml.obj
 0001:000000c0       ?assign@?$basic_string@DU?$char_traits@D@std@@V?$allocator@D@2@@std@@QAEAAV12@ABV12@II@Z 004010c0 f i pugixml.obj
 0001:00000160       ?assign@?$basic_string@DU?$char_traits@D@std@@V?$allocator@D@2@@std@@QAEAAV12@PBDI@Z 00401160 f i pugixml.obj
 0001:00000230       ?erase@?$basic_string@DU?$char_traits@D@std@@V?$allocator@D@2@@std@@QAEAAV12@II@Z 00401230 f i pugixml.obj
 0001:000002b0       ?_Grow@?$basic_string@DU?$char_traits@D@std@@V?$allocator@D@2@@std@@QAE_NI_N@Z 004012b0 f i pugixml.obj
 0001:00000300       ?_Copy@?$basic_string@DU?$char_traits@D@std@@V?$allocator@D@2@@std@@QAEXII@Z 00401300 f i pugixml.obj
 0001:00000470       ??0bad_alloc@std@@QAE@ABV01@@Z 00401470 f i pugixml.obj
 0001:00000490       ??_GCAuthenticate@@UAEPAXI@Z 00401490 f i Authenticate.obj
 0001:00000490       ??_ECAuthenticate@@UAEPAXI@Z 00401490 f i  CIL library: CIL module
 0001:000004e0       ??_GCBlackList@@UAEPAXI@Z  004014e0 f i BlackList.obj
 0001:000004e0       ??_ECBlackList@@UAEPAXI@Z  004014e0 f i  CIL library: CIL module
 0001:00000540       ?SetList@CBlackList@@QAEXPAD@Z 00401540 f   BlackList.obj
 0001:00000700       ?CheckIpAddress@CBlackList@@QAE_NPAD@Z 00401700 f   BlackList.obj
 0001:00000790       ?CheckHardwareId@CBlackList@@QAE_NPAD@Z 00401790 f   BlackList.obj
 0001:00000820       ?WriteNewBlackList@CBlackList@@QAEXPAD@Z 00401820 f   BlackList.obj
 0001:00000b80       ??_D?$basic_ofstream@DU?$char_traits@D@std@@@std@@QAEXXZ 00401b80 f i BlackList.obj
 0001:00000c00       ?push_back@?$vector@UBLACKLIST_IPADDR_INFO@@V?$allocator@UBLACKLIST_IPADDR_INFO@@@std@@@std@@QAEXABUBLACKLIST_IPADDR_INFO@@@Z 00401c00 f i BlackList.obj
 0001:00000ca0       ?clear@?$vector@UBLACKLIST_IPADDR_INFO@@V?$allocator@UBLACKLIST_IPADDR_INFO@@@std@@@std@@QAEXXZ 00401ca0 f i BlackList.obj
 0001:00000ce0       ?push_back@?$vector@UBLACKLIST_HARDID_INFO@@V?$allocator@UBLACKLIST_HARDID_INFO@@@std@@@std@@QAEXABUBLACKLIST_HARDID_INFO@@@Z 00401ce0 f i BlackList.obj
 0001:00000d40       ??0?$basic_ofstream@DU?$char_traits@D@std@@@std@@QAE@XZ 00401d40 f i BlackList.obj
 0001:00000e00       ??1?$basic_filebuf@DU?$char_traits@D@std@@@std@@UAE@XZ 00401e00 f i BlackList.obj
 0001:00000ec0       ?_Lock@?$basic_filebuf@DU?$char_traits@D@std@@@std@@UAEXXZ 00401ec0 f i BlackList.obj
 0001:00000ed0       ?_Unlock@?$basic_filebuf@DU?$char_traits@D@std@@@std@@UAEXXZ 00401ed0 f i BlackList.obj
 0001:00000ee0       ?overflow@?$basic_filebuf@DU?$char_traits@D@std@@@std@@MAEHH@Z 00401ee0 f i BlackList.obj
 0001:00001120       ?pbackfail@?$basic_filebuf@DU?$char_traits@D@std@@@std@@MAEHH@Z 00402120 f i BlackList.obj
 0001:000011b0       ?underflow@?$basic_filebuf@DU?$char_traits@D@std@@@std@@MAEHXZ 004021b0 f i BlackList.obj
 0001:00001200       ?uflow@?$basic_filebuf@DU?$char_traits@D@std@@@std@@MAEHXZ 00402200 f i BlackList.obj
 0001:000014a0       ?seekoff@?$basic_filebuf@DU?$char_traits@D@std@@@std@@MAE?AV?$fpos@H@2@_JHH@Z 004024a0 f i BlackList.obj
 0001:000015a0       ?seekpos@?$basic_filebuf@DU?$char_traits@D@std@@@std@@MAE?AV?$fpos@H@2@V32@H@Z 004025a0 f i BlackList.obj
 0001:00001690       ?setbuf@?$basic_filebuf@DU?$char_traits@D@std@@@std@@MAEPAV?$basic_streambuf@DU?$char_traits@D@std@@@2@PAD_J@Z 00402690 f i BlackList.obj
 0001:00001720       ?sync@?$basic_filebuf@DU?$char_traits@D@std@@@std@@MAEHXZ 00402720 f i BlackList.obj
 0001:00001760       ?imbue@?$basic_filebuf@DU?$char_traits@D@std@@@std@@MAEXABVlocale@2@@Z 00402760 f i BlackList.obj
 0001:000017a0       ??_E?$basic_ofstream@DU?$char_traits@D@std@@@std@@UAEPAXI@Z 004027a0 f i  CIL library: CIL module
 0001:000017a0       ??_G?$basic_ofstream@DU?$char_traits@D@std@@@std@@UAEPAXI@Z 004027a0 f i BlackList.obj
 0001:00001830       ??_G?$basic_filebuf@DU?$char_traits@D@std@@@std@@UAEPAXI@Z 00402830 f i BlackList.obj
 0001:00001830       ??_E?$basic_filebuf@DU?$char_traits@D@std@@@std@@UAEPAXI@Z 00402830 f i  CIL library: CIL module
 0001:00001860       ?_Reserve@?$vector@UBLACKLIST_IPADDR_INFO@@V?$allocator@UBLACKLIST_IPADDR_INFO@@@std@@@std@@IAEXI@Z 00402860 f i BlackList.obj
 0001:000018d0       ?_Reserve@?$vector@UBLACKLIST_HARDID_INFO@@V?$allocator@UBLACKLIST_HARDID_INFO@@@std@@@std@@IAEXI@Z 004028d0 f i BlackList.obj
 0001:00001940       ?open@?$basic_filebuf@DU?$char_traits@D@std@@@std@@QAEPAV12@PBDHH@Z 00402940 f i BlackList.obj
 0001:00001a40       ?_Endwrite@?$basic_filebuf@DU?$char_traits@D@std@@@std@@IAE_NXZ 00402a40 f i BlackList.obj
 0001:00001bd0       ?_Reset_back@?$basic_filebuf@DU?$char_traits@D@std@@@std@@AAEXXZ 00402bd0 f i BlackList.obj
 0001:00001c00       ?_Set_back@?$basic_filebuf@DU?$char_traits@D@std@@@std@@AAEXXZ 00402c00 f i BlackList.obj
 0001:00001c40       ?reserve@?$vector@UBLACKLIST_IPADDR_INFO@@V?$allocator@UBLACKLIST_IPADDR_INFO@@@std@@@std@@QAEXI@Z 00402c40 f i BlackList.obj
 0001:00001d30       ?reserve@?$vector@UBLACKLIST_HARDID_INFO@@V?$allocator@UBLACKLIST_HARDID_INFO@@@std@@@std@@QAEXI@Z 00402d30 f i BlackList.obj
 0001:00001e20       ?allocate@?$allocator@UBLACKLIST_IPADDR_INFO@@@std@@QAEPAUBLACKLIST_IPADDR_INFO@@I@Z 00402e20 f i BlackList.obj
 0001:00001e80       ?allocate@?$allocator@UBLACKLIST_HARDID_INFO@@@std@@QAEPAUBLACKLIST_HARDID_INFO@@I@Z 00402e80 f i BlackList.obj
 0001:00001ee0       ??$?6U?$char_traits@D@std@@@std@@YAAAV?$basic_ostream@DU?$char_traits@D@std@@@0@AAV10@PBD@Z 00402ee0 f i BlackList.obj
 0001:00002130       ??$use_facet@V?$codecvt@DDH@std@@@std@@YAABV?$codecvt@DDH@0@ABVlocale@0@@Z 00403130 f i BlackList.obj
 0001:00002230       ??$_Uninit_move@PAUBLACKLIST_IPADDR_INFO@@PAU1@V?$allocator@UBLACKLIST_IPADDR_INFO@@@std@@U1@@std@@YAPAUBLACKLIST_IPADDR_INFO@@PAU1@00AAV?$allocator@UBLACKLIST_IPADDR_INFO@@@0@0U_Nonscalar_ptr_iterator_tag@0@@Z 00403230 f i BlackList.obj
 0001:00002260       ??$_Uninit_move@PAUBLACKLIST_HARDID_INFO@@PAU1@V?$allocator@UBLACKLIST_HARDID_INFO@@@std@@U1@@std@@YAPAUBLACKLIST_HARDID_INFO@@PAU1@00AAV?$allocator@UBLACKLIST_HARDID_INFO@@@0@0U_Nonscalar_ptr_iterator_tag@0@@Z 00403260 f i BlackList.obj
 0001:00002290       ??0?$basic_string@DU?$char_traits@D@std@@V?$allocator@D@2@@std@@QAE@ID@Z 00403290 f i BlackList.obj
 0001:000022f0       ??1locale@std@@QAE@XZ      004032f0 f i BlackList.obj
 0001:00002310       ??1_Sentry_base@?$basic_ostream@DU?$char_traits@D@std@@@std@@QAE@XZ 00403310 f i BlackList.obj
 0001:00002330       ??1sentry@?$basic_ostream@DU?$char_traits@D@std@@@std@@QAE@XZ 00403330 f i BlackList.obj
 0001:000023a0       ?Initialize@CCRC32@@QAEXXZ 004033a0 f   CCRC32.obj
 0001:000024e0       ?FileCRC@CCRC32@@QAE_NPBDPAKK@Z 004034e0 f   CCRC32.obj
 0001:000025d0       ??0CClientManager@@QAE@XZ  004035d0 f   ClientManager.obj
 0001:00002610       ??_GCClientManager@@UAEPAXI@Z 00403610 f i ClientManager.obj
 0001:00002610       ??_ECClientManager@@UAEPAXI@Z 00403610 f i  CIL library: CIL module
 0001:00002640       ??1CClientManager@@UAE@XZ  00403640 f   ClientManager.obj
 0001:00002650       ?AddClient@CClientManager@@QAEXHPADI@Z 00403650 f   ClientManager.obj
 0001:000027a0       ?DelClient@CClientManager@@QAEXXZ 004037a0 f   ClientManager.obj
 0001:00002810       ?SetClientInfo@CClientManager@@QAEXPAD@Z 00403810 f   ClientManager.obj
 0001:00002840       ??_D?$basic_stringstream@DU?$char_traits@D@std@@V?$allocator@D@2@@std@@QAEXXZ 00403840 f i computerHash.obj
 0001:000028b0       ?substr@?$basic_string@DU?$char_traits@D@std@@V?$allocator@D@2@@std@@QBE?AV12@II@Z 004038b0 f i computerHash.obj
 0001:000028e0       ??0?$basic_stringstream@DU?$char_traits@D@std@@V?$allocator@D@2@@std@@QAE@H@Z 004038e0 f i computerHash.obj
 0001:00002980       ?str@?$basic_stringstream@DU?$char_traits@D@std@@V?$allocator@D@2@@std@@QBE?AV?$basic_string@DU?$char_traits@D@std@@V?$allocator@D@2@@2@XZ 00403980 f i computerHash.obj
 0001:000029a0       ??1?$basic_stringbuf@DU?$char_traits@D@std@@V?$allocator@D@2@@std@@UAE@XZ 004039a0 f i computerHash.obj
 0001:00002a10       ?overflow@?$basic_stringbuf@DU?$char_traits@D@std@@V?$allocator@D@2@@std@@MAEHH@Z 00403a10 f i computerHash.obj
 0001:00002be0       ?pbackfail@?$basic_stringbuf@DU?$char_traits@D@std@@V?$allocator@D@2@@std@@MAEHH@Z 00403be0 f i computerHash.obj
 0001:00002c30       ?underflow@?$basic_stringbuf@DU?$char_traits@D@std@@V?$allocator@D@2@@std@@MAEHXZ 00403c30 f i computerHash.obj
 0001:00002ca0       ?seekoff@?$basic_stringbuf@DU?$char_traits@D@std@@V?$allocator@D@2@@std@@MAE?AV?$fpos@H@2@_JHH@Z 00403ca0 f i computerHash.obj
 0001:00002e50       ?seekpos@?$basic_stringbuf@DU?$char_traits@D@std@@V?$allocator@D@2@@std@@MAE?AV?$fpos@H@2@V32@H@Z 00403e50 f i computerHash.obj
 0001:00002f80       ??_G?$basic_stringstream@DU?$char_traits@D@std@@V?$allocator@D@2@@std@@UAEPAXI@Z 00403f80 f i computerHash.obj
 0001:00002f80       ??_E?$basic_stringstream@DU?$char_traits@D@std@@V?$allocator@D@2@@std@@UAEPAXI@Z 00403f80 f i  CIL library: CIL module
 0001:00003010       ??_G?$basic_stringbuf@DU?$char_traits@D@std@@V?$allocator@D@2@@std@@UAEPAXI@Z 00404010 f i computerHash.obj
 0001:00003010       ??_E?$basic_stringbuf@DU?$char_traits@D@std@@V?$allocator@D@2@@std@@UAEPAXI@Z 00404010 f i  CIL library: CIL module
 0001:00003040       ?str@?$basic_stringbuf@DU?$char_traits@D@std@@V?$allocator@D@2@@std@@QBE?AV?$basic_string@DU?$char_traits@D@std@@V?$allocator@D@2@@2@XZ 00404040 f i computerHash.obj
 0001:00003170       ??_ECCriticalSection@@UAEPAXI@Z 00404170 f i  CIL library: CIL module
 0001:00003170       ??_GCCriticalSection@@UAEPAXI@Z 00404170 f i CriticalSection.obj
 0001:000031a0       ??1CCriticalSection@@UAE@XZ 004041a0 f   CriticalSection.obj
 0001:000031c0       ?httpGet@@YAHPADH0@Z       004041c0 f   FileDownloadHTTP.obj
 0001:00003400       ?recvLine@@YAHHPADH@Z      00404400 f   FileDownloadHTTP.obj
 0001:00003450       ??$sprintf_s@$0PPPP@@@YAHAAY0PPPP@DPBDZZ 00404450 f i FileDownloadHTTP.obj
 0001:00003470       ?breakUrl@@YAXPBDPAUURLPARTS_T@@@Z 00404470 f   FileDownloadURL.obj
 0001:000035d0       _WinMain@16                004045d0 f   HackServer.obj
 0001:00003800       ?MyRegisterClass@@YAGPAUHINSTANCE__@@@Z 00404800 f   HackServer.obj
 0001:00003880       ?InitInstance@@YAHPAUHINSTANCE__@@H@Z 00404880 f   HackServer.obj
 0001:000038f0       ?wnd_proc@@YGJPAUHWND__@@IIJ@Z 004048f0 f   HackServer.obj
 0001:00003b60       ?About@@YGJPAUHWND__@@IIJ@Z 00404b60 f   HackServer.obj
 0001:00003ba0       ?PlayersList@@YGJPAUHWND__@@IIJ@Z 00404ba0 f   HackServer.obj
 0001:00003d20       ?Banned@@YGJPAUHWND__@@IIJ@Z 00404d20 f   HackServer.obj
 0001:00003e10       ?Screen@@YGJPAUHWND__@@IIJ@Z 00404e10 f   HackServer.obj
 0001:00003ff0       ?SetListViewColumns@@YAHPAUHWND__@@HHPAPADPAH@Z 00404ff0 f   HackServer.obj
 0001:00004070       ?CreateListView@@YAPAUHWND__@@PAU1@I@Z 00405070 f   HackServer.obj
 0001:00004110       ?ProcessList@@YGJPAUHWND__@@IIJ@Z 00405110 f   HackServer.obj
 0001:00004330       ?HackServerProtocolCore@@YAXHEPAEH@Z 00405330 f   HackServerProtocol.obj
 0001:000044c0       ?CHClientInfoRecv@@YAXPAUSDHP_CLIENT_INFO_RECV@@H@Z 004054c0 f   HackServerProtocol.obj
 0001:00004790       ?CHConnectionStatusRecv@@YAXPAUSDHP_CONNECTION_STATUS_RECV@@H@Z 00405790 f   HackServerProtocol.obj
 0001:000047e0       ?CHClientDisconnectRecv@@YAXPAUSDHP_CLIENT_DISCONNECT_RECV@@H@Z 004057e0 f   HackServerProtocol.obj
 0001:00004a70       ?CGAccountInfoRecv@@YAXPAUSDHP_CLIENT_ACCOUNT_INFO_RECV@@H@Z 00405a70 f   HackServerProtocol.obj
 0001:00004ac0       ?HCDumpListSend@@YAXH@Z    00405ac0 f   HackServerProtocol.obj
 0001:00004c50       ?HCChecksumListSend@@YAXH@Z 00405c50 f   HackServerProtocol.obj
 0001:00004dc0       ?HCInternalListSend@@YAXH@Z 00405dc0 f   HackServerProtocol.obj
 0001:00004f30       ?HCWindowListSend@@YAXH@Z  00405f30 f   HackServerProtocol.obj
 0001:00005090       ?HCClientDisconnectSend@@YAXHH@Z 00406090 f   HackServerProtocol.obj
 0001:000050e0       ?init_dialog@CHelperPlayers@@QAEXQAUHWND__@@@Z 004060e0 f   HelperPlayers.obj
 0001:00005130       ?close_client@CHelperPlayers@@QAEXXZ 00406130 f   HelperPlayers.obj
 0001:000051d0       ?search_ip@CHelperPlayers@@QAEXXZ 004061d0 f   HelperPlayers.obj
 0001:00005440       ?ban_ip@CHelperPlayers@@QAEXXZ 00406440 f   HelperPlayers.obj
 0001:00005500       ?ban_hwid@CHelperPlayers@@QAEXXZ 00406500 f   HelperPlayers.obj
 0001:00005610       ?reset_pc@CHelperPlayers@@QAEXXZ 00406610 f   HelperPlayers.obj
 0001:000056b0       ?list_ip@CHelperPlayers@@QAEXI@Z 004066b0 f   HelperPlayers.obj
 0001:00005840       ?list_hwid@CHelperPlayers@@QAEXI@Z 00406840 f   HelperPlayers.obj
 0001:00005910       ?make_screen_shot@CHelperPlayers@@QAEXXZ 00406910 f   HelperPlayers.obj
 0001:000059a0       ?reload@CHelperPlayers@@QAEXXZ 004069a0 f   HelperPlayers.obj
 0001:00005ac0       ?process_list@CHelperPlayers@@QAEXXZ 00406ac0 f   HelperPlayers.obj
 0001:00005b60       ?screen_show@CHelperPlayers@@QAEXXZ 00406b60 f   HelperPlayers.obj
 0001:00005c90       ?set_account_info@CHelperPlayers@@QAEXH@Z 00406c90 f   HelperPlayers.obj
 0001:00005d50       ??_GCHidManager@@UAEPAXI@Z 00406d50 f i HidManager.obj
 0001:00005d50       ??_ECHidManager@@UAEPAXI@Z 00406d50 f i  CIL library: CIL module
 0001:00005da0       ?CheckHardwareId@CHidManager@@QAE_NQAD@Z 00406da0 f   HidManager.obj
 0001:00005e20       ?InsertHardwareId@CHidManager@@QAEXQAD@Z 00406e20 f   HidManager.obj
 0001:00005ef0       ?ClearHardwareId@CHidManager@@QAEXXZ 00406ef0 f   HidManager.obj
 0001:00005f60       ?DeleteAllHardwareId@CHidManager@@QAEXXZ 00406f60 f   HidManager.obj
 0001:00005fe0       ?_Reserve@?$vector@UHARDWARE_ID_INFO@@V?$allocator@UHARDWARE_ID_INFO@@@std@@@std@@IAEXI@Z 00406fe0 f i HidManager.obj
 0001:00006050       ?reserve@?$vector@UHARDWARE_ID_INFO@@V?$allocator@UHARDWARE_ID_INFO@@@std@@@std@@QAEXI@Z 00407050 f i HidManager.obj
 0001:00006140       ?allocate@?$allocator@UHARDWARE_ID_INFO@@@std@@QAEPAUHARDWARE_ID_INFO@@I@Z 00407140 f i HidManager.obj
 0001:000061a0       ??$_Uninit_move@PAUHARDWARE_ID_INFO@@PAU1@V?$allocator@UHARDWARE_ID_INFO@@@std@@U1@@std@@YAPAUHARDWARE_ID_INFO@@PAU1@00AAV?$allocator@UHARDWARE_ID_INFO@@@0@0U_Nonscalar_ptr_iterator_tag@0@@Z 004071a0 f i HidManager.obj
 0001:000061d0       ??_GCIpManager@@UAEPAXI@Z  004071d0 f i IpManager.obj
 0001:000061d0       ??_ECIpManager@@UAEPAXI@Z  004071d0 f i  CIL library: CIL module
 0001:00006250       ?CheckIpAddress@CIpManager@@QAE_NPAD@Z 00407250 f   IpManager.obj
 0001:00006320       ?InsertIpAddress@CIpManager@@QAEXPAD@Z 00407320 f   IpManager.obj
 0001:000064d0       ??1?$pair@V?$basic_string@DU?$char_traits@D@std@@V?$allocator@D@2@@std@@UIP_ADDRESS_INFO@@@std@@QAE@XZ 004074d0 f i IpManager.obj
 0001:000064d0       ??1?$basic_string@DU?$char_traits@D@std@@V?$allocator@D@2@@std@@QAE@XZ 004074d0 f i pugixml.obj
 0001:00006500       ?RemoveIpAddress@CIpManager@@QAEXPAD@Z 00407500 f   IpManager.obj
 0001:000065d0       ?erase@?$_Tree@V?$_Tmap_traits@V?$basic_string@DU?$char_traits@D@std@@V?$allocator@D@2@@std@@UIP_ADDRESS_INFO@@U?$less@V?$basic_string@DU?$char_traits@D@std@@V?$allocator@D@2@@std@@@2@V?$allocator@U?$pair@$$CBV?$basic_string@DU?$char_traits@D@std@@V?$allocator@D@2@@std@@UIP_ADDRESS_INFO@@@std@@@2@$0A@@std@@@std@@QAE?AV?$_Tree_iterator@V?$_Tree_val@V?$_Tmap_traits@V?$basic_string@DU?$char_traits@D@std@@V?$allocator@D@2@@std@@UIP_ADDRESS_INFO@@U?$less@V?$basic_string@DU?$char_traits@D@std@@V?$allocator@D@2@@std@@@2@V?$allocator@U?$pair@$$CBV?$basic_string@DU?$char_traits@D@std@@V?$allocator@D@2@@std@@UIP_ADDRESS_INFO@@@std@@@2@$0A@@std@@@std@@@2@V?$_Tree_const_iterator@V?$_Tree_val@V?$_Tmap_traits@V?$basic_string@DU?$char_traits@D@std@@V?$allocator@D@2@@std@@UIP_ADDRESS_INFO@@U?$less@V?$basic_string@DU?$char_traits@D@std@@V?$allocator@D@2@@std@@@2@V?$allocator@U?$pair@$$CBV?$basic_string@DU?$char_traits@D@std@@V?$allocator@D@2@@std@@UIP_ADDRESS_INFO@@@std@@@2@$0A@@std@@@std@@@2@@Z 004075d0 f i IpManager.obj
 0001:00006860       ?find@?$_Tree@V?$_Tmap_traits@V?$basic_string@DU?$char_traits@D@std@@V?$allocator@D@2@@std@@UIP_ADDRESS_INFO@@U?$less@V?$basic_string@DU?$char_traits@D@std@@V?$allocator@D@2@@std@@@2@V?$allocator@U?$pair@$$CBV?$basic_string@DU?$char_traits@D@std@@V?$allocator@D@2@@std@@UIP_ADDRESS_INFO@@@std@@@2@$0A@@std@@@std@@QAE?AV?$_Tree_iterator@V?$_Tree_val@V?$_Tmap_traits@V?$basic_string@DU?$char_traits@D@std@@V?$allocator@D@2@@std@@UIP_ADDRESS_INFO@@U?$less@V?$basic_string@DU?$char_traits@D@std@@V?$allocator@D@2@@std@@@2@V?$allocator@U?$pair@$$CBV?$basic_string@DU?$char_traits@D@std@@V?$allocator@D@2@@std@@UIP_ADDRESS_INFO@@@std@@@2@$0A@@std@@@std@@@2@ABV?$basic_string@DU?$char_traits@D@std@@V?$allocator@D@2@@2@@Z 00407860 f i IpManager.obj
 0001:000068f0       ?_Lrotate@?$_Tree@V?$_Tmap_traits@V?$basic_string@DU?$char_traits@D@std@@V?$allocator@D@2@@std@@UIP_ADDRESS_INFO@@U?$less@V?$basic_string@DU?$char_traits@D@std@@V?$allocator@D@2@@std@@@2@V?$allocator@U?$pair@$$CBV?$basic_string@DU?$char_traits@D@std@@V?$allocator@D@2@@std@@UIP_ADDRESS_INFO@@@std@@@2@$0A@@std@@@std@@IAEXPAU_Node@?$_Tree_nod@V?$_Tmap_traits@V?$basic_string@DU?$char_traits@D@std@@V?$allocator@D@2@@std@@UIP_ADDRESS_INFO@@U?$less@V?$basic_string@DU?$char_traits@D@std@@V?$allocator@D@2@@std@@@2@V?$allocator@U?$pair@$$CBV?$basic_string@DU?$char_traits@D@std@@V?$allocator@D@2@@std@@UIP_ADDRESS_INFO@@@std@@@2@$0A@@std@@@2@@Z 004078f0 f i IpManager.obj
 0001:00006950       ?_Rrotate@?$_Tree@V?$_Tmap_traits@V?$basic_string@DU?$char_traits@D@std@@V?$allocator@D@2@@std@@UIP_ADDRESS_INFO@@U?$less@V?$basic_string@DU?$char_traits@D@std@@V?$allocator@D@2@@std@@@2@V?$allocator@U?$pair@$$CBV?$basic_string@DU?$char_traits@D@std@@V?$allocator@D@2@@std@@UIP_ADDRESS_INFO@@@std@@@2@$0A@@std@@@std@@IAEXPAU_Node@?$_Tree_nod@V?$_Tmap_traits@V?$basic_string@DU?$char_traits@D@std@@V?$allocator@D@2@@std@@UIP_ADDRESS_INFO@@U?$less@V?$basic_string@DU?$char_traits@D@std@@V?$allocator@D@2@@std@@@2@V?$allocator@U?$pair@$$CBV?$basic_string@DU?$char_traits@D@std@@V?$allocator@D@2@@std@@UIP_ADDRESS_INFO@@@std@@@2@$0A@@std@@@2@@Z 00407950 f i IpManager.obj
 0001:000069b0       ?_Max@?$_Tree_val@V?$_Tmap_traits@V?$basic_string@DU?$char_traits@D@std@@V?$allocator@D@2@@std@@UIP_ADDRESS_INFO@@U?$less@V?$basic_string@DU?$char_traits@D@std@@V?$allocator@D@2@@std@@@2@V?$allocator@U?$pair@$$CBV?$basic_string@DU?$char_traits@D@std@@V?$allocator@D@2@@std@@UIP_ADDRESS_INFO@@@std@@@2@$0A@@std@@@std@@SAPAU_Node@?$_Tree_nod@V?$_Tmap_traits@V?$basic_string@DU?$char_traits@D@std@@V?$allocator@D@2@@std@@UIP_ADDRESS_INFO@@U?$less@V?$basic_string@DU?$char_traits@D@std@@V?$allocator@D@2@@std@@@2@V?$allocator@U?$pair@$$CBV?$basic_string@DU?$char_traits@D@std@@V?$allocator@D@2@@std@@UIP_ADDRESS_INFO@@@std@@@2@$0A@@std@@@2@PAU342@@Z 004079b0 f i IpManager.obj
 0001:000069d0       ?erase@?$_Tree@V?$_Tmap_traits@V?$basic_string@DU?$char_traits@D@std@@V?$allocator@D@2@@std@@UIP_ADDRESS_INFO@@U?$less@V?$basic_string@DU?$char_traits@D@std@@V?$allocator@D@2@@std@@@2@V?$allocator@U?$pair@$$CBV?$basic_string@DU?$char_traits@D@std@@V?$allocator@D@2@@std@@UIP_ADDRESS_INFO@@@std@@@2@$0A@@std@@@std@@QAE?AV?$_Tree_iterator@V?$_Tree_val@V?$_Tmap_traits@V?$basic_string@DU?$char_traits@D@std@@V?$allocator@D@2@@std@@UIP_ADDRESS_INFO@@U?$less@V?$basic_string@DU?$char_traits@D@std@@V?$allocator@D@2@@std@@@2@V?$allocator@U?$pair@$$CBV?$basic_string@DU?$char_traits@D@std@@V?$allocator@D@2@@std@@UIP_ADDRESS_INFO@@@std@@@2@$0A@@std@@@std@@@2@V?$_Tree_const_iterator@V?$_Tree_val@V?$_Tmap_traits@V?$basic_string@DU?$char_traits@D@std@@V?$allocator@D@2@@std@@UIP_ADDRESS_INFO@@U?$less@V?$basic_string@DU?$char_traits@D@std@@V?$allocator@D@2@@std@@@2@V?$allocator@U?$pair@$$CBV?$basic_string@DU?$char_traits@D@std@@V?$allocator@D@2@@std@@UIP_ADDRESS_INFO@@@std@@@2@$0A@@std@@@std@@@2@0@Z 004079d0 f i IpManager.obj
 0001:00006a90       ?_Lbound@?$_Tree@V?$_Tmap_traits@V?$basic_string@DU?$char_traits@D@std@@V?$allocator@D@2@@std@@UIP_ADDRESS_INFO@@U?$less@V?$basic_string@DU?$char_traits@D@std@@V?$allocator@D@2@@std@@@2@V?$allocator@U?$pair@$$CBV?$basic_string@DU?$char_traits@D@std@@V?$allocator@D@2@@std@@UIP_ADDRESS_INFO@@@std@@@2@$0A@@std@@@std@@IAEPAU_Node@?$_Tree_nod@V?$_Tmap_traits@V?$basic_string@DU?$char_traits@D@std@@V?$allocator@D@2@@std@@UIP_ADDRESS_INFO@@U?$less@V?$basic_string@DU?$char_traits@D@std@@V?$allocator@D@2@@std@@@2@V?$allocator@U?$pair@$$CBV?$basic_string@DU?$char_traits@D@std@@V?$allocator@D@2@@std@@UIP_ADDRESS_INFO@@@std@@@2@$0A@@std@@@2@ABV?$basic_string@DU?$char_traits@D@std@@V?$allocator@D@2@@2@@Z 00407a90 f i IpManager.obj
 0001:00006b10       ??E?$_Tree_unchecked_const_iterator@V?$_Tree_val@V?$_Tmap_traits@V?$basic_string@DU?$char_traits@D@std@@V?$allocator@D@2@@std@@UIP_ADDRESS_INFO@@U?$less@V?$basic_string@DU?$char_traits@D@std@@V?$allocator@D@2@@std@@@2@V?$allocator@U?$pair@$$CBV?$basic_string@DU?$char_traits@D@std@@V?$allocator@D@2@@std@@UIP_ADDRESS_INFO@@@std@@@2@$0A@@std@@@std@@U_Iterator_base0@2@@std@@QAEAAV01@XZ 00407b10 f i IpManager.obj
 0001:00006b60       ?_Erase@?$_Tree@V?$_Tmap_traits@V?$basic_string@DU?$char_traits@D@std@@V?$allocator@D@2@@std@@UIP_ADDRESS_INFO@@U?$less@V?$basic_string@DU?$char_traits@D@std@@V?$allocator@D@2@@std@@@2@V?$allocator@U?$pair@$$CBV?$basic_string@DU?$char_traits@D@std@@V?$allocator@D@2@@std@@UIP_ADDRESS_INFO@@@std@@@2@$0A@@std@@@std@@IAEXPAU_Node@?$_Tree_nod@V?$_Tmap_traits@V?$basic_string@DU?$char_traits@D@std@@V?$allocator@D@2@@std@@UIP_ADDRESS_INFO@@U?$less@V?$basic_string@DU?$char_traits@D@std@@V?$allocator@D@2@@std@@@2@V?$allocator@U?$pair@$$CBV?$basic_string@DU?$char_traits@D@std@@V?$allocator@D@2@@std@@UIP_ADDRESS_INFO@@@std@@@2@$0A@@std@@@2@@Z 00407b60 f i IpManager.obj
 0001:00006bd0       ?_Linsert@?$_Tree@V?$_Tmap_traits@V?$basic_string@DU?$char_traits@D@std@@V?$allocator@D@2@@std@@UIP_ADDRESS_INFO@@U?$less@V?$basic_string@DU?$char_traits@D@std@@V?$allocator@D@2@@std@@@2@V?$allocator@U?$pair@$$CBV?$basic_string@DU?$char_traits@D@std@@V?$allocator@D@2@@std@@UIP_ADDRESS_INFO@@@std@@@2@$0A@@std@@@std@@QAE?AU?$pair@V?$_Tree_iterator@V?$_Tree_val@V?$_Tmap_traits@V?$basic_string@DU?$char_traits@D@std@@V?$allocator@D@2@@std@@UIP_ADDRESS_INFO@@U?$less@V?$basic_string@DU?$char_traits@D@std@@V?$allocator@D@2@@std@@@2@V?$allocator@U?$pair@$$CBV?$basic_string@DU?$char_traits@D@std@@V?$allocator@D@2@@std@@UIP_ADDRESS_INFO@@@std@@@2@$0A@@std@@@std@@@std@@_N@2@PAU_Node@?$_Tree_nod@V?$_Tmap_traits@V?$basic_string@DU?$char_traits@D@std@@V?$allocator@D@2@@std@@UIP_ADDRESS_INFO@@U?$less@V?$basic_string@DU?$char_traits@D@std@@V?$allocator@D@2@@std@@@2@V?$allocator@U?$pair@$$CBV?$basic_string@DU?$char_traits@D@std@@V?$allocator@D@2@@std@@UIP_ADDRESS_INFO@@@std@@@2@$0A@@std@@@2@_N@Z 00407bd0 f i IpManager.obj
 0001:00006d70       ?_Insert@?$_Tree@V?$_Tmap_traits@V?$basic_string@DU?$char_traits@D@std@@V?$allocator@D@2@@std@@UIP_ADDRESS_INFO@@U?$less@V?$basic_string@DU?$char_traits@D@std@@V?$allocator@D@2@@std@@@2@V?$allocator@U?$pair@$$CBV?$basic_string@DU?$char_traits@D@std@@V?$allocator@D@2@@std@@UIP_ADDRESS_INFO@@@std@@@2@$0A@@std@@@std@@IAE?AV?$_Tree_iterator@V?$_Tree_val@V?$_Tmap_traits@V?$basic_string@DU?$char_traits@D@std@@V?$allocator@D@2@@std@@UIP_ADDRESS_INFO@@U?$less@V?$basic_string@DU?$char_traits@D@std@@V?$allocator@D@2@@std@@@2@V?$allocator@U?$pair@$$CBV?$basic_string@DU?$char_traits@D@std@@V?$allocator@D@2@@std@@UIP_ADDRESS_INFO@@@std@@@2@$0A@@std@@@std@@@2@_NPAU_Node@?$_Tree_nod@V?$_Tmap_traits@V?$basic_string@DU?$char_traits@D@std@@V?$allocator@D@2@@std@@UIP_ADDRESS_INFO@@U?$less@V?$basic_string@DU?$char_traits@D@std@@V?$allocator@D@2@@std@@@2@V?$allocator@U?$pair@$$CBV?$basic_string@DU?$char_traits@D@std@@V?$allocator@D@2@@std@@UIP_ADDRESS_INFO@@@std@@@2@$0A@@std@@@2@1@Z 00407d70 f i IpManager.obj
 0001:00006fa0       ??F?$_Tree_unchecked_const_iterator@V?$_Tree_val@V?$_Tmap_traits@V?$basic_string@DU?$char_traits@D@std@@V?$allocator@D@2@@std@@UIP_ADDRESS_INFO@@U?$less@V?$basic_string@DU?$char_traits@D@std@@V?$allocator@D@2@@std@@@2@V?$allocator@U?$pair@$$CBV?$basic_string@DU?$char_traits@D@std@@V?$allocator@D@2@@std@@UIP_ADDRESS_INFO@@@std@@@2@$0A@@std@@@std@@U_Iterator_base0@2@@std@@QAEAAV01@XZ 00407fa0 f i IpManager.obj
 0001:00007000       ??$_Buynode@U?$pair@V?$basic_string@DU?$char_traits@D@std@@V?$allocator@D@2@@std@@UIP_ADDRESS_INFO@@@std@@@?$_Tree_val@V?$_Tmap_traits@V?$basic_string@DU?$char_traits@D@std@@V?$allocator@D@2@@std@@UIP_ADDRESS_INFO@@U?$less@V?$basic_string@DU?$char_traits@D@std@@V?$allocator@D@2@@std@@@2@V?$allocator@U?$pair@$$CBV?$basic_string@DU?$char_traits@D@std@@V?$allocator@D@2@@std@@UIP_ADDRESS_INFO@@@std@@@2@$0A@@std@@@std@@QAEPAU_Node@?$_Tree_nod@V?$_Tmap_traits@V?$basic_string@DU?$char_traits@D@std@@V?$allocator@D@2@@std@@UIP_ADDRESS_INFO@@U?$less@V?$basic_string@DU?$char_traits@D@std@@V?$allocator@D@2@@std@@@2@V?$allocator@U?$pair@$$CBV?$basic_string@DU?$char_traits@D@std@@V?$allocator@D@2@@std@@UIP_ADDRESS_INFO@@@std@@@2@$0A@@std@@@1@$$QAU?$pair@V?$basic_string@DU?$char_traits@D@std@@V?$allocator@D@2@@std@@UIP_ADDRESS_INFO@@@1@@Z 00408000 f i IpManager.obj
 0001:000070f0       ?compare@?$char_traits@D@std@@SAHPBD0I@Z 004080f0 f i IpManager.obj
 0001:00007170       ??_GCLog@@UAEPAXI@Z        00408170 f i Log.obj
 0001:00007170       ??_ECLog@@UAEPAXI@Z        00408170 f i  CIL library: CIL module
 0001:000071a0       ??1CLog@@UAE@XZ            004081a0 f   Log.obj
 0001:000071f0       ?AddLog@CLog@@QAEXHPAD@Z   004081f0 f   Log.obj
 0001:00007310       ?Output@CLog@@QAAXW4eLogType@@PADZZ 00408310 f   Log.obj
 0001:00007520       ??_GCMemScript@@UAEPAXI@Z  00408520 f i MemScript.obj
 0001:00007520       ??_ECMemScript@@UAEPAXI@Z  00408520 f i  CIL library: CIL module
 0001:00007560       ?SetBuffer@CMemScript@@QAE_NPADH@Z 00408560 f   MemScript.obj
 0001:00007680       ?GetToken@CMemScript@@QAEHXZ 00408680 f   MemScript.obj
 0001:00007990       ??$sprintf_s@$0BAE@@@YAHAAY0BAE@DPBDZZ 00408990 f i MemScript.obj
 0001:000079b0       ?DumpExceptionFilter@@YGJPAU_EXCEPTION_POINTERS@@@Z 004089b0 f   MiniDump.obj
 0001:00007ac0       ?RecvProcessList@CProcessListInfo@@QAEXPAUPMSG_PROCESS_INFO_DATA_RECV@@H@Z 00408ac0 f   ProcessListInfo.obj
 0001:00007e60       ?SendRequest@CProcessListInfo@@QAEXHW4RequestType@@@Z 00408e60 f   ProcessListInfo.obj
 0001:00007f00       ?RecvProcessDumpRequest@CProcessListInfo@@QAEXPAUPMSG_GET_PROCESS_DUMP_RECV@@@Z 00408f00 f   ProcessListInfo.obj
 0001:00007f60       ?RecvProcessClass@CProcessListInfo@@QAEXPAUPMSG_WINDOW_CLASS_SEND@@@Z 00408f60 f   ProcessListInfo.obj
 0001:000081e0       ?RecvFile@CProcessListInfo@@QAEXPAUPMSG_FILE_RECV@@@Z 004091e0 f   ProcessListInfo.obj
 0001:00008430       ?SetInfoByIndex@CProcessListInfo@@QAEXH@Z 00409430 f   ProcessListInfo.obj
 0001:000084b0       ??0?$basic_ofstream@DU?$char_traits@D@std@@@std@@QAE@PBDHH@Z 004094b0 f i ProcessListInfo.obj
 0001:000085a0       ?close@?$basic_ofstream@DU?$char_traits@D@std@@@std@@QAEXXZ 004095a0 f i ProcessListInfo.obj
 0001:00008610       ?reserve@?$vector@UPROCESS_INFO_DATA@@V?$allocator@UPROCESS_INFO_DATA@@@std@@@std@@QAEXI@Z 00409610 f i ProcessListInfo.obj
 0001:00008710       ?allocate@?$allocator@UPROCESS_INFO_DATA@@@std@@QAEPAUPROCESS_INFO_DATA@@I@Z 00409710 f i ProcessListInfo.obj
 0001:00008770       ??$_Uninit_move@PAUPROCESS_INFO_DATA@@PAU1@V?$allocator@UPROCESS_INFO_DATA@@@std@@U1@@std@@YAPAUPROCESS_INFO_DATA@@PAU1@00AAV?$allocator@UPROCESS_INFO_DATA@@@0@0U_Nonscalar_ptr_iterator_tag@0@@Z 00409770 f i ProcessListInfo.obj
 0001:000087a0       ??0CProcessManager@@QAE@XZ 004097a0 f   ProcessManager.obj
 0001:00008880       ??_GCProcessManager@@UAEPAXI@Z 00409880 f i ProcessManager.obj
 0001:00008880       ??_ECProcessManager@@UAEPAXI@Z 00409880 f i  CIL library: CIL module
 0001:00008920       ?CheckProcess@CProcessManager@@QAE_NXZ 00409920 f   ProcessManager.obj
 0001:00008ae0       ?CheckProcessModule@CProcessManager@@QAE_NPAXPAD@Z 00409ae0 f   ProcessManager.obj
 0001:00008bc0       ?StartProcessModule@CProcessManager@@QAE_NPAXPADH@Z 00409bc0 f   ProcessManager.obj
 0001:00008d10       ?ClearProcessCache@CProcessManager@@QAEXXZ 00409d10 f   ProcessManager.obj
 0001:00008db0       ?InsertProcessCacheInfo@CProcessManager@@QAEXUPROCESS_CACHE_INFO@@@Z 00409db0 f   ProcessManager.obj
 0001:00008e40       ?AddProcessCache@CProcessManager@@QAE_NK@Z 00409e40 f   ProcessManager.obj
 0001:00008ea0       ?erase@?$_Tree@V?$_Tmap_traits@KUPROCESS_CACHE_INFO@@U?$less@K@std@@V?$allocator@U?$pair@$$CBKUPROCESS_CACHE_INFO@@@std@@@3@$0A@@std@@@std@@QAE?AV?$_Tree_iterator@V?$_Tree_val@V?$_Tmap_traits@KUPROCESS_CACHE_INFO@@U?$less@K@std@@V?$allocator@U?$pair@$$CBKUPROCESS_CACHE_INFO@@@std@@@3@$0A@@std@@@std@@@2@V?$_Tree_const_iterator@V?$_Tree_val@V?$_Tmap_traits@KUPROCESS_CACHE_INFO@@U?$less@K@std@@V?$allocator@U?$pair@$$CBKUPROCESS_CACHE_INFO@@@std@@@3@$0A@@std@@@std@@@2@@Z 00409ea0 f i ProcessManager.obj
 0001:00009100       ?find@?$_Tree@V?$_Tmap_traits@KUPROCESS_CACHE_INFO@@U?$less@K@std@@V?$allocator@U?$pair@$$CBKUPROCESS_CACHE_INFO@@@std@@@3@$0A@@std@@@std@@QAE?AV?$_Tree_iterator@V?$_Tree_val@V?$_Tmap_traits@KUPROCESS_CACHE_INFO@@U?$less@K@std@@V?$allocator@U?$pair@$$CBKUPROCESS_CACHE_INFO@@@std@@@3@$0A@@std@@@std@@@2@ABK@Z 0040a100 f i ProcessManager.obj
 0001:00009160       ?_Lrotate@?$_Tree@V?$_Tmap_traits@KUPROCESS_CACHE_INFO@@U?$less@K@std@@V?$allocator@U?$pair@$$CBKUPROCESS_CACHE_INFO@@@std@@@3@$0A@@std@@@std@@IAEXPAU_Node@?$_Tree_nod@V?$_Tmap_traits@KUPROCESS_CACHE_INFO@@U?$less@K@std@@V?$allocator@U?$pair@$$CBKUPROCESS_CACHE_INFO@@@std@@@3@$0A@@std@@@2@@Z 0040a160 f i ProcessManager.obj
 0001:000091c0       ?_Rrotate@?$_Tree@V?$_Tmap_traits@KUPROCESS_CACHE_INFO@@U?$less@K@std@@V?$allocator@U?$pair@$$CBKUPROCESS_CACHE_INFO@@@std@@@3@$0A@@std@@@std@@IAEXPAU_Node@?$_Tree_nod@V?$_Tmap_traits@KUPROCESS_CACHE_INFO@@U?$less@K@std@@V?$allocator@U?$pair@$$CBKUPROCESS_CACHE_INFO@@@std@@@3@$0A@@std@@@2@@Z 0040a1c0 f i ProcessManager.obj
 0001:00009220       ??1?$_Tree_val@V?$_Tmap_traits@V?$basic_string@DU?$char_traits@D@std@@V?$allocator@D@2@@std@@UIP_ADDRESS_INFO@@U?$less@V?$basic_string@DU?$char_traits@D@std@@V?$allocator@D@2@@std@@@2@V?$allocator@U?$pair@$$CBV?$basic_string@DU?$char_traits@D@std@@V?$allocator@D@2@@std@@UIP_ADDRESS_INFO@@@std@@@2@$0A@@std@@@std@@QAE@XZ 0040a220 f i IpManager.obj
 0001:00009220       ??1?$_Tree_val@V?$_Tmap_traits@H_NU?$less@H@std@@V?$allocator@U?$pair@$$CBH_N@std@@@2@$0A@@std@@@std@@QAE@XZ 0040a220 f i Protection.obj
 0001:00009220       ??1?$_Tree_val@V?$_Tmap_traits@KUPROCESS_CACHE_INFO@@U?$less@K@std@@V?$allocator@U?$pair@$$CBKUPROCESS_CACHE_INFO@@@std@@@3@$0A@@std@@@std@@QAE@XZ 0040a220 f i ProcessManager.obj
 0001:00009230       ?_Max@?$_Tree_val@V?$_Tmap_traits@KUPROCESS_CACHE_INFO@@U?$less@K@std@@V?$allocator@U?$pair@$$CBKUPROCESS_CACHE_INFO@@@std@@@3@$0A@@std@@@std@@SAPAU_Node@?$_Tree_nod@V?$_Tmap_traits@KUPROCESS_CACHE_INFO@@U?$less@K@std@@V?$allocator@U?$pair@$$CBKUPROCESS_CACHE_INFO@@@std@@@3@$0A@@std@@@2@PAU342@@Z 0040a230 f i ProcessManager.obj
 0001:00009250       ?erase@?$_Tree@V?$_Tmap_traits@KUPROCESS_CACHE_INFO@@U?$less@K@std@@V?$allocator@U?$pair@$$CBKUPROCESS_CACHE_INFO@@@std@@@3@$0A@@std@@@std@@QAE?AV?$_Tree_iterator@V?$_Tree_val@V?$_Tmap_traits@KUPROCESS_CACHE_INFO@@U?$less@K@std@@V?$allocator@U?$pair@$$CBKUPROCESS_CACHE_INFO@@@std@@@3@$0A@@std@@@std@@@2@V?$_Tree_const_iterator@V?$_Tree_val@V?$_Tmap_traits@KUPROCESS_CACHE_INFO@@U?$less@K@std@@V?$allocator@U?$pair@$$CBKUPROCESS_CACHE_INFO@@@std@@@3@$0A@@std@@@std@@@2@0@Z 0040a250 f i ProcessManager.obj
 0001:000092f0       ??E?$_Tree_unchecked_const_iterator@V?$_Tree_val@V?$_Tmap_traits@KUPROCESS_CACHE_INFO@@U?$less@K@std@@V?$allocator@U?$pair@$$CBKUPROCESS_CACHE_INFO@@@std@@@3@$0A@@std@@@std@@U_Iterator_base0@2@@std@@QAEAAV01@XZ 0040a2f0 f i ProcessManager.obj
 0001:00009340       ?clear@?$_Tree@V?$_Tmap_traits@KUPROCESS_CACHE_INFO@@U?$less@K@std@@V?$allocator@U?$pair@$$CBKUPROCESS_CACHE_INFO@@@std@@@3@$0A@@std@@@std@@QAEXXZ 0040a340 f i ProcessManager.obj
 0001:00009390       ?_Erase@?$_Tree@V?$_Tmap_traits@KUPROCESS_CACHE_INFO@@U?$less@K@std@@V?$allocator@U?$pair@$$CBKUPROCESS_CACHE_INFO@@@std@@@3@$0A@@std@@@std@@IAEXPAU_Node@?$_Tree_nod@V?$_Tmap_traits@KUPROCESS_CACHE_INFO@@U?$less@K@std@@V?$allocator@U?$pair@$$CBKUPROCESS_CACHE_INFO@@@std@@@3@$0A@@std@@@2@@Z 0040a390 f i ProcessManager.obj
 0001:000093d0       ?_Linsert@?$_Tree@V?$_Tmap_traits@KUPROCESS_CACHE_INFO@@U?$less@K@std@@V?$allocator@U?$pair@$$CBKUPROCESS_CACHE_INFO@@@std@@@3@$0A@@std@@@std@@QAE?AU?$pair@V?$_Tree_iterator@V?$_Tree_val@V?$_Tmap_traits@KUPROCESS_CACHE_INFO@@U?$less@K@std@@V?$allocator@U?$pair@$$CBKUPROCESS_CACHE_INFO@@@std@@@3@$0A@@std@@@std@@@std@@_N@2@PAU_Node@?$_Tree_nod@V?$_Tmap_traits@KUPROCESS_CACHE_INFO@@U?$less@K@std@@V?$allocator@U?$pair@$$CBKUPROCESS_CACHE_INFO@@@std@@@3@$0A@@std@@@2@_N@Z 0040a3d0 f i ProcessManager.obj
 0001:000094a0       ?_Insert@?$_Tree@V?$_Tmap_traits@KUPROCESS_CACHE_INFO@@U?$less@K@std@@V?$allocator@U?$pair@$$CBKUPROCESS_CACHE_INFO@@@std@@@3@$0A@@std@@@std@@IAE?AV?$_Tree_iterator@V?$_Tree_val@V?$_Tmap_traits@KUPROCESS_CACHE_INFO@@U?$less@K@std@@V?$allocator@U?$pair@$$CBKUPROCESS_CACHE_INFO@@@std@@@3@$0A@@std@@@std@@@2@_NPAU_Node@?$_Tree_nod@V?$_Tmap_traits@KUPROCESS_CACHE_INFO@@U?$less@K@std@@V?$allocator@U?$pair@$$CBKUPROCESS_CACHE_INFO@@@std@@@3@$0A@@std@@@2@1@Z 0040a4a0 f i ProcessManager.obj
 0001:000096c0       ??F?$_Tree_unchecked_const_iterator@V?$_Tree_val@V?$_Tmap_traits@KUPROCESS_CACHE_INFO@@U?$less@K@std@@V?$allocator@U?$pair@$$CBKUPROCESS_CACHE_INFO@@@std@@@3@$0A@@std@@@std@@U_Iterator_base0@2@@std@@QAEAAV01@XZ 0040a6c0 f i ProcessManager.obj
 0001:00009720       ??$_Buynode@U?$pair@KUPROCESS_CACHE_INFO@@@std@@@?$_Tree_val@V?$_Tmap_traits@KUPROCESS_CACHE_INFO@@U?$less@K@std@@V?$allocator@U?$pair@$$CBKUPROCESS_CACHE_INFO@@@std@@@3@$0A@@std@@@std@@QAEPAU_Node@?$_Tree_nod@V?$_Tmap_traits@KUPROCESS_CACHE_INFO@@U?$less@K@std@@V?$allocator@U?$pair@$$CBKUPROCESS_CACHE_INFO@@@std@@@3@$0A@@std@@@1@$$QAU?$pair@KUPROCESS_CACHE_INFO@@@1@@Z 0040a720 f i ProcessManager.obj
 0001:00009790       ??0CProtection@@QAE@XZ     0040a790 f   Protection.obj
 0001:00009950       ??_GCProtection@@UAEPAXI@Z 0040a950 f i Protection.obj
 0001:00009950       ??_ECProtection@@UAEPAXI@Z 0040a950 f i  CIL library: CIL module
 0001:000099e0       ??1?$map@H_NU?$less@H@std@@V?$allocator@U?$pair@$$CBH_N@std@@@2@@std@@QAE@XZ 0040a9e0 f i Protection.obj
 0001:00009a40       ?offline_activation@CProtection@@QAEXPAD@Z 0040aa40 f   Protection.obj
 0001:00009af0       ?clear@?$_Tree@V?$_Tmap_traits@H_NU?$less@H@std@@V?$allocator@U?$pair@$$CBH_N@std@@@2@$0A@@std@@@std@@QAEXXZ 0040aaf0 f i Protection.obj
 0001:00009b40       ?find@?$_Tree@V?$_Tmap_traits@H_NU?$less@H@std@@V?$allocator@U?$pair@$$CBH_N@std@@@2@$0A@@std@@@std@@QAE?AV?$_Tree_iterator@V?$_Tree_val@V?$_Tmap_traits@H_NU?$less@H@std@@V?$allocator@U?$pair@$$CBH_N@std@@@2@$0A@@std@@@std@@@2@ABH@Z 0040ab40 f i Protection.obj
 0001:00009ba0       ?_Erase@?$_Tree@V?$_Tmap_traits@H_NU?$less@H@std@@V?$allocator@U?$pair@$$CBH_N@std@@@2@$0A@@std@@@std@@IAEXPAU_Node@?$_Tree_nod@V?$_Tmap_traits@H_NU?$less@H@std@@V?$allocator@U?$pair@$$CBH_N@std@@@2@$0A@@std@@@2@@Z 0040aba0 f i Protection.obj
 0001:00009be0       ?erase@?$_Tree@V?$_Tmap_traits@H_NU?$less@H@std@@V?$allocator@U?$pair@$$CBH_N@std@@@2@$0A@@std@@@std@@QAE?AV?$_Tree_iterator@V?$_Tree_val@V?$_Tmap_traits@H_NU?$less@H@std@@V?$allocator@U?$pair@$$CBH_N@std@@@2@$0A@@std@@@std@@@2@V?$_Tree_const_iterator@V?$_Tree_val@V?$_Tmap_traits@H_NU?$less@H@std@@V?$allocator@U?$pair@$$CBH_N@std@@@2@$0A@@std@@@std@@@2@0@Z 0040abe0 f i Protection.obj
 0001:00009c80       ?erase@?$_Tree@V?$_Tmap_traits@H_NU?$less@H@std@@V?$allocator@U?$pair@$$CBH_N@std@@@2@$0A@@std@@@std@@QAE?AV?$_Tree_iterator@V?$_Tree_val@V?$_Tmap_traits@H_NU?$less@H@std@@V?$allocator@U?$pair@$$CBH_N@std@@@2@$0A@@std@@@std@@@2@V?$_Tree_const_iterator@V?$_Tree_val@V?$_Tmap_traits@H_NU?$less@H@std@@V?$allocator@U?$pair@$$CBH_N@std@@@2@$0A@@std@@@std@@@2@@Z 0040ac80 f i Protection.obj
 0001:00009ee0       ?_Lrotate@?$_Tree@V?$_Tmap_traits@H_NU?$less@H@std@@V?$allocator@U?$pair@$$CBH_N@std@@@2@$0A@@std@@@std@@IAEXPAU_Node@?$_Tree_nod@V?$_Tmap_traits@H_NU?$less@H@std@@V?$allocator@U?$pair@$$CBH_N@std@@@2@$0A@@std@@@2@@Z 0040aee0 f i Protection.obj
 0001:00009f40       ?_Rrotate@?$_Tree@V?$_Tmap_traits@H_NU?$less@H@std@@V?$allocator@U?$pair@$$CBH_N@std@@@2@$0A@@std@@@std@@IAEXPAU_Node@?$_Tree_nod@V?$_Tmap_traits@H_NU?$less@H@std@@V?$allocator@U?$pair@$$CBH_N@std@@@2@$0A@@std@@@2@@Z 0040af40 f i Protection.obj
 0001:00009fa0       ?_Max@?$_Tree_val@V?$_Tmap_traits@H_NU?$less@H@std@@V?$allocator@U?$pair@$$CBH_N@std@@@2@$0A@@std@@@std@@SAPAU_Node@?$_Tree_nod@V?$_Tmap_traits@H_NU?$less@H@std@@V?$allocator@U?$pair@$$CBH_N@std@@@2@$0A@@std@@@2@PAU342@@Z 0040afa0 f i Protection.obj
 0001:00009fc0       ??E?$_Tree_unchecked_const_iterator@V?$_Tree_val@V?$_Tmap_traits@H_NU?$less@H@std@@V?$allocator@U?$pair@$$CBH_N@std@@@2@$0A@@std@@@std@@U_Iterator_base0@2@@std@@QAEAAV01@XZ 0040afc0 f i Protection.obj
 0001:0000a010       ?_Linsert@?$_Tree@V?$_Tmap_traits@H_NU?$less@H@std@@V?$allocator@U?$pair@$$CBH_N@std@@@2@$0A@@std@@@std@@QAE?AU?$pair@V?$_Tree_iterator@V?$_Tree_val@V?$_Tmap_traits@H_NU?$less@H@std@@V?$allocator@U?$pair@$$CBH_N@std@@@2@$0A@@std@@@std@@@std@@_N@2@PAU_Node@?$_Tree_nod@V?$_Tmap_traits@H_NU?$less@H@std@@V?$allocator@U?$pair@$$CBH_N@std@@@2@$0A@@std@@@2@_N@Z 0040b010 f i Protection.obj
 0001:0000a0e0       ?_Insert@?$_Tree@V?$_Tmap_traits@H_NU?$less@H@std@@V?$allocator@U?$pair@$$CBH_N@std@@@2@$0A@@std@@@std@@IAE?AV?$_Tree_iterator@V?$_Tree_val@V?$_Tmap_traits@H_NU?$less@H@std@@V?$allocator@U?$pair@$$CBH_N@std@@@2@$0A@@std@@@std@@@2@_NPAU_Node@?$_Tree_nod@V?$_Tmap_traits@H_NU?$less@H@std@@V?$allocator@U?$pair@$$CBH_N@std@@@2@$0A@@std@@@2@1@Z 0040b0e0 f i Protection.obj
 0001:0000a300       ??F?$_Tree_unchecked_const_iterator@V?$_Tree_val@V?$_Tmap_traits@H_NU?$less@H@std@@V?$allocator@U?$pair@$$CBH_N@std@@@2@$0A@@std@@@std@@U_Iterator_base0@2@@std@@QAEAAV01@XZ 0040b300 f i Protection.obj
 0001:0000a360       ??$_Buynode@U?$pair@H_N@std@@@?$_Tree_val@V?$_Tmap_traits@H_NU?$less@H@std@@V?$allocator@U?$pair@$$CBH_N@std@@@2@$0A@@std@@@std@@QAEPAU_Node@?$_Tree_nod@V?$_Tmap_traits@H_NU?$less@H@std@@V?$allocator@U?$pair@$$CBH_N@std@@@2@$0A@@std@@@1@$$QAU?$pair@H_N@1@@Z 0040b360 f i Protection.obj
 0001:0000a3d0       ??_ECQueue@@UAEPAXI@Z      0040b3d0 f i  CIL library: CIL module
 0001:0000a3d0       ??_GCQueue@@UAEPAXI@Z      0040b3d0 f i Queue.obj
 0001:0000a460       ??1?$queue@UQUEUE_INFO@@V?$deque@UQUEUE_INFO@@V?$allocator@UQUEUE_INFO@@@std@@@std@@@std@@QAE@XZ 0040b460 f i Queue.obj
 0001:0000a480       ??1CQueue@@UAE@XZ          0040b480 f   Queue.obj
 0001:0000a500       ?ClearQueue@CQueue@@QAEXXZ 0040b500 f   Queue.obj
 0001:0000a610       ?_Tidy@?$deque@UQUEUE_INFO@@V?$allocator@UQUEUE_INFO@@@std@@@std@@IAEXXZ 0040b610 f i Queue.obj
 0001:0000a680       ?begin@?$deque@UQUEUE_INFO@@V?$allocator@UQUEUE_INFO@@@std@@@std@@QAE?AV?$_Deque_iterator@UQUEUE_INFO@@V?$allocator@UQUEUE_INFO@@@std@@@2@XZ 0040b680 f i Queue.obj
 0001:0000a6a0       ?_Growmap@?$deque@UQUEUE_INFO@@V?$allocator@UQUEUE_INFO@@@std@@@std@@IAEXI@Z 0040b6a0 f i Queue.obj
 0001:0000a830       ??_ECReadFiles@@UAEPAXI@Z  0040b830 f i  CIL library: CIL module
 0001:0000a830       ??_GCReadFiles@@UAEPAXI@Z  0040b830 f i ReadFiles.obj
 0001:0000a860       ??1CReadFiles@@UAE@XZ      0040b860 f   ReadFiles.obj
 0001:0000a8d0       ?DumpList@CReadFiles@@QAEXPAD@Z 0040b8d0 f   ReadFiles.obj
 0001:0000ab80       ?ChecksumList@CReadFiles@@QAEXPAD@Z 0040bb80 f   ReadFiles.obj
 0001:0000acf0       ?InternalList@CReadFiles@@QAEXPAD@Z 0040bcf0 f   ReadFiles.obj
 0001:0000af10       ?WindowList@CReadFiles@@QAEXPAD@Z 0040bf10 f   ReadFiles.obj
 0001:0000b060       ?UpdateInternalList@CReadFiles@@QAEXXZ 0040c060 f   ReadFiles.obj
 0001:0000b320       ?push_back@?$vector@UCSUM_LIST_INFO@@V?$allocator@UCSUM_LIST_INFO@@@std@@@std@@QAEXABUCSUM_LIST_INFO@@@Z 0040c320 f i ReadFiles.obj
 0001:0000b380       ?clear@?$vector@UCSUM_LIST_INFO@@V?$allocator@UCSUM_LIST_INFO@@@std@@@std@@QAEXXZ 0040c380 f i ReadFiles.obj
 0001:0000b3d0       ?clear@?$vector@UITRN_LIST_INFO@@V?$allocator@UITRN_LIST_INFO@@@std@@@std@@QAEXXZ 0040c3d0 f i ReadFiles.obj
 0001:0000b420       ?push_back@?$vector@UWNDW_LIST_INFO@@V?$allocator@UWNDW_LIST_INFO@@@std@@@std@@QAEXABUWNDW_LIST_INFO@@@Z 0040c420 f i ReadFiles.obj
 0001:0000b480       ?clear@?$vector@UWNDW_LIST_INFO@@V?$allocator@UWNDW_LIST_INFO@@@std@@@std@@QAEXXZ 0040c480 f i ReadFiles.obj
 0001:0000b4d0       ?_Reserve@?$vector@UDUMP_LIST_INFO@@V?$allocator@UDUMP_LIST_INFO@@@std@@@std@@IAEXI@Z 0040c4d0 f i ReadFiles.obj
 0001:0000b540       ?_Reserve@?$vector@UCSUM_LIST_INFO@@V?$allocator@UCSUM_LIST_INFO@@@std@@@std@@IAEXI@Z 0040c540 f i ReadFiles.obj
 0001:0000b5b0       ?_Reserve@?$vector@UITRN_LIST_INFO@@V?$allocator@UITRN_LIST_INFO@@@std@@@std@@IAEXI@Z 0040c5b0 f i ReadFiles.obj
 0001:0000b620       ?_Reserve@?$vector@UWNDW_LIST_INFO@@V?$allocator@UWNDW_LIST_INFO@@@std@@@std@@IAEXI@Z 0040c620 f i ReadFiles.obj
 0001:0000b690       ?reserve@?$vector@UDUMP_LIST_INFO@@V?$allocator@UDUMP_LIST_INFO@@@std@@@std@@QAEXI@Z 0040c690 f i ReadFiles.obj
 0001:0000b780       ?reserve@?$vector@UCSUM_LIST_INFO@@V?$allocator@UCSUM_LIST_INFO@@@std@@@std@@QAEXI@Z 0040c780 f i ReadFiles.obj
 0001:0000b870       ?reserve@?$vector@UITRN_LIST_INFO@@V?$allocator@UITRN_LIST_INFO@@@std@@@std@@QAEXI@Z 0040c870 f i ReadFiles.obj
 0001:0000b960       ?reserve@?$vector@UWNDW_LIST_INFO@@V?$allocator@UWNDW_LIST_INFO@@@std@@@std@@QAEXI@Z 0040c960 f i ReadFiles.obj
 0001:0000ba50       ?allocate@?$allocator@UDUMP_LIST_INFO@@@std@@QAEPAUDUMP_LIST_INFO@@I@Z 0040ca50 f i ReadFiles.obj
 0001:0000bab0       ?allocate@?$allocator@UCSUM_LIST_INFO@@@std@@QAEPAUCSUM_LIST_INFO@@I@Z 0040cab0 f i ReadFiles.obj
 0001:0000bb10       ?allocate@?$allocator@UITRN_LIST_INFO@@@std@@QAEPAUITRN_LIST_INFO@@I@Z 0040cb10 f i ReadFiles.obj
 0001:0000bb70       ?allocate@?$allocator@UWNDW_LIST_INFO@@@std@@QAEPAUWNDW_LIST_INFO@@I@Z 0040cb70 f i ReadFiles.obj
 0001:0000bbd0       ??$_Uninit_move@PAUDUMP_LIST_INFO@@PAU1@V?$allocator@UDUMP_LIST_INFO@@@std@@U1@@std@@YAPAUDUMP_LIST_INFO@@PAU1@00AAV?$allocator@UDUMP_LIST_INFO@@@0@0U_Nonscalar_ptr_iterator_tag@0@@Z 0040cbd0 f i ReadFiles.obj
 0001:0000bc00       ??$_Uninit_move@PAUCSUM_LIST_INFO@@PAU1@V?$allocator@UCSUM_LIST_INFO@@@std@@U1@@std@@YAPAUCSUM_LIST_INFO@@PAU1@00AAV?$allocator@UCSUM_LIST_INFO@@@0@0U_Nonscalar_ptr_iterator_tag@0@@Z 0040cc00 f i ReadFiles.obj
 0001:0000bc30       ??$_Uninit_move@PAUITRN_LIST_INFO@@PAU1@V?$allocator@UITRN_LIST_INFO@@@std@@U1@@std@@YAPAUITRN_LIST_INFO@@PAU1@00AAV?$allocator@UITRN_LIST_INFO@@@0@0U_Nonscalar_ptr_iterator_tag@0@@Z 0040cc30 f i ReadFiles.obj
 0001:0000bc60       ??$_Uninit_move@PAUWNDW_LIST_INFO@@PAU1@V?$allocator@UWNDW_LIST_INFO@@@std@@U1@@std@@YAPAUWNDW_LIST_INFO@@PAU1@00AAV?$allocator@UWNDW_LIST_INFO@@@0@0U_Nonscalar_ptr_iterator_tag@0@@Z 0040cc60 f i ReadFiles.obj
 0001:0000bc90       ?Init@CScreenShot@@QAEXXZ  0040cc90 f   ScreenShot.obj
 0001:0000bd00       ?RecvInfo@CScreenShot@@QAEXPAUPMSG_SCREEN_SHOT_SEND@@H@Z 0040cd00 f   ScreenShot.obj
 0001:0000beb0       ?SaveScreen@CScreenShot@@QAEXPAD0H@Z 0040ceb0 f   ScreenShot.obj
 0001:0000c290       ??4?$vector@EV?$allocator@E@std@@@std@@QAEAAV01@ABV01@@Z 0040d290 f i ScreenShot.obj
 0001:0000c390       ?_Buy@?$vector@EV?$allocator@E@std@@@std@@IAE_NI@Z 0040d390 f i ScreenShot.obj
 0001:0000c3d0       ?reserve@?$vector@EV?$allocator@E@std@@@std@@QAEXI@Z 0040d3d0 f i ScreenShot.obj
 0001:0000c440       ?allocate@?$allocator@D@std@@QAEPADI@Z 0040d440 f i pugixml.obj
 0001:0000c440       ?allocate@?$allocator@E@std@@QAEPAEI@Z 0040d440 f i ScreenShot.obj
 0001:0000c490       ??$AtlConvAllocMemory@_W@ATL@@YAXPAPA_WHPA_WH@Z 0040d490 f i ScreenShot.obj
 0001:0000c520       ?AtlThrowLastWin32@ATL@@YGXXZ 0040d520 f i ScreenShot.obj
 0001:0000c540       ?Init@?$CA2WEX@$0IA@@ATL@@AAEXPBDI@Z 0040d540 f i ScreenShot.obj
 0001:0000c600       ??1?$CA2WEX@$0IA@@ATL@@QAE@XZ 0040d600 f i ScreenShot.obj
 0001:0000c620       ?AtlFindStringResourceInstance@ATL@@YAPAUHINSTANCE__@@IG@Z 0040d620 f i ScreenShot.obj
 0001:0000c6a0       ?_AtlGetStringResourceImage@ATL@@YAPBUATLSTRINGRESOURCEIMAGE@1@PAUHINSTANCE__@@PAUHRSRC__@@I@Z 0040d6a0 f i ScreenShot.obj
 0001:0000c700       ?ConvertToBaseType@?$ChTraitsCRT@_W@ATL@@SAXPA_WHPB_WH@Z 0040d700 f i ScreenShot.obj
 0001:0000c7d0       ?LoadStringA@?$CStringT@_WV?$StrTraitATL@_WV?$ChTraitsCRT@_W@ATL@@@ATL@@@ATL@@QAEHPAUHINSTANCE__@@I@Z 0040d7d0 f i ScreenShot.obj
 0001:0000c870       ?Empty@?$CSimpleStringT@_W$0A@@ATL@@QAEXXZ 0040d870 f i ScreenShot.obj
 0001:0000c8d0       ?Fork@?$CSimpleStringT@_W$0A@@ATL@@AAEXH@Z 0040d8d0 f i ScreenShot.obj
 0001:0000c960       ?Reallocate@?$CSimpleStringT@_W$0A@@ATL@@AAEXH@Z 0040d960 f i ScreenShot.obj
 0001:0000c990       ?PrepareWrite2@?$CSimpleStringT@_W$0A@@ATL@@AAEXH@Z 0040d990 f i ScreenShot.obj
 0001:0000c9f0       ?SetString@?$CSimpleStringT@_W$0A@@ATL@@QAEXPB_WH@Z 0040d9f0 f i ScreenShot.obj
 0001:0000caa0       ?CloneData@?$CSimpleStringT@_W$0A@@ATL@@CAPAUCStringData@2@PAU32@@Z 0040daa0 f i ScreenShot.obj
 0001:0000cb10       ?ThrowMemoryException@?$CSimpleStringT@_W$0A@@ATL@@KAXXZ 0040db10 f i ScreenShot.obj
 0001:0000cb20       ??0?$CSimpleStringT@_W$0A@@ATL@@QAE@PB_WHPAUIAtlStringMgr@1@@Z 0040db20 f i ScreenShot.obj
 0001:0000cb80       ?Mid@?$CStringT@_WV?$StrTraitATL@_WV?$ChTraitsCRT@_W@ATL@@@ATL@@@ATL@@QBE?AV12@HH@Z 0040db80 f i ScreenShot.obj
 0001:0000cc30       ?Tokenize@?$CStringT@_WV?$StrTraitATL@_WV?$ChTraitsCRT@_W@ATL@@@ATL@@@ATL@@QBE?AV12@PB_WAAH@Z 0040dc30 f i ScreenShot.obj
 0001:0000cd00       ??1?$CSimpleStringT@_W$0A@@ATL@@QAE@XZ 0040dd00 f i ScreenShot.obj
 0001:0000cd00       ??1?$CStringT@_WV?$StrTraitATL@_WV?$ChTraitsCRT@_W@ATL@@@ATL@@@ATL@@QAE@XZ 0040dd00 f i ScreenShot.obj
 0001:0000cd20       ?FindCodecForExtension@CImage@ATL@@CA?AU_GUID@@PBDPBVImageCodecInfo@Gdiplus@@I@Z 0040dd20 f i ScreenShot.obj
 0001:0000d080       ?FindCodecForFileType@CImage@ATL@@CA?AU_GUID@@ABU3@PBVImageCodecInfo@Gdiplus@@I@Z 0040e080 f i ScreenShot.obj
 0001:0000d160       _IsEqualGUID               0040e160 f i ScreenShot.obj
 0001:0000d1d0       ?Save@CImage@ATL@@QBEJPBDABU_GUID@@@Z 0040e1d0 f i ScreenShot.obj
 0001:0000d460       ?DrawString@Graphics@Gdiplus@@QAE?AW4Status@2@PB_WHPBVFont@2@ABVPointF@2@PBVBrush@2@@Z 0040e460 f i ScreenShot.obj
 0001:0000d4c0       ??_GSolidBrush@Gdiplus@@UAEPAXI@Z 0040e4c0 f i ScreenShot.obj
 0001:0000d4c0       ??_GBrush@Gdiplus@@UAEPAXI@Z 0040e4c0 f i ScreenShot.obj
 0001:0000d4c0       ??_EBrush@Gdiplus@@UAEPAXI@Z 0040e4c0 f i  CIL library: CIL module
 0001:0000d4c0       ??_ESolidBrush@Gdiplus@@UAEPAXI@Z 0040e4c0 f i  CIL library: CIL module
 0001:0000d4f0       ?Clone@Brush@Gdiplus@@UBEPAV12@XZ 0040e4f0 f i ScreenShot.obj
 0001:0000d550       ??0SolidBrush@Gdiplus@@QAE@ABVColor@1@@Z 0040e550 f i ScreenShot.obj
 0001:0000d590       ??0Font@Gdiplus@@QAE@PBVFontFamily@1@MHW4Unit@1@@Z 0040e590 f i ScreenShot.obj
 0001:0000d5d0       ?swprintf@@YAHPA_WPB_WZZ   0040e5d0 f i ScreenShot.obj
 0001:0000d5f0       ?Init@CInitGDIPlus@CImage@ATL@@QAE_NXZ 0040e5f0 f i ScreenShot.obj
 0001:0000d670       ?UpdateBitmapInfo@CImage@ATL@@AAEXW4DIBOrientation@12@@Z 0040e670 f i ScreenShot.obj
 0001:0000d750       ?CreateEx@CImage@ATL@@QAEHHHHKPBKK@Z 0040e750 f i ScreenShot.obj
 0001:0000d870       ??1?$CAtlSafeAllocBufferManager@VCCRTAllocator@ATL@@@_ATL_SAFE_ALLOCA_IMPL@ATL@@QAE@XZ 0040e870 f i ScreenShot.obj
 0001:0000d8a0       ?_AtlVerifyStackAvailable@_ATL_SAFE_ALLOCA_IMPL@ATL@@YA_NK@Z 0040e8a0 f i ScreenShot.obj
 0001:0000d960       ??$AtlAdd@K@ATL@@YAJPAKKK@Z 0040e960 f i ScreenShot.obj
 0001:0000d990       ?Allocate@?$CAtlSafeAllocBufferManager@VCCRTAllocator@ATL@@@_ATL_SAFE_ALLOCA_IMPL@ATL@@QAEPAXK@Z 0040e990 f i ScreenShot.obj
 0001:0000d9c0       ?GetDC@CImage@ATL@@QBEPAUHDC__@@XZ 0040e9c0 f i ScreenShot.obj
 0001:0000da10       ?ReleaseDC@CImage@ATL@@QBEXXZ 0040ea10 f i ScreenShot.obj
 0001:0000da60       ?AtlThrowImpl@ATL@@YGXJ@Z  0040ea60 f i ScreenShot.obj
 0001:0000da80       ??0Bitmap@Gdiplus@@QAE@HHHHPAE@Z 0040ea80 f i ScreenShot.obj
 0001:0000dac0       ??_EBitmap@Gdiplus@@UAEPAXI@Z 0040eac0 f i  CIL library: CIL module
 0001:0000dac0       ??_GBitmap@Gdiplus@@UAEPAXI@Z 0040eac0 f i ScreenShot.obj
 0001:0000dac0       ??_EImage@Gdiplus@@UAEPAXI@Z 0040eac0 f i  CIL library: CIL module
 0001:0000dac0       ??_GImage@Gdiplus@@UAEPAXI@Z 0040eac0 f i ScreenShot.obj
 0001:0000daf0       ?Clone@Image@Gdiplus@@UAEPAV12@XZ 0040eaf0 f i ScreenShot.obj
 0001:0000db40       ?CreateFromGdiplusBitmap@CImage@ATL@@AAEJAAVBitmap@Gdiplus@@@Z 0040eb40 f i ScreenShot.obj
 0001:0000dfd0       ?Load@CImage@ATL@@QAEJPAUIStream@@@Z 0040efd0 f i ScreenShot.obj
 0001:0000e040       ?Destroy@CImage@ATL@@QAEXXZ 0040f040 f i ScreenShot.obj
 0001:0000e080       ?ReleaseGDIPlus@CInitGDIPlus@CImage@ATL@@QAEXXZ 0040f080 f i ScreenShot.obj
 0001:0000e0b0       ??1CImage@ATL@@UAE@XZ      0040f0b0 f i ScreenShot.obj
 0001:0000e140       ??_GCImage@ATL@@UAEPAXI@Z  0040f140 f i ScreenShot.obj
 0001:0000e140       ??_ECImage@ATL@@UAEPAXI@Z  0040f140 f i  CIL library: CIL module
 0001:0000e170       ??0CImage@ATL@@QAE@XZ      0040f170 f i ScreenShot.obj
 0001:0000e1c0       ??0CScreenShow@@QAE@XZ     0040f1c0 f   ScreenShow.obj
 0001:0000e2d0       ??_ECScreenShow@@UAEPAXI@Z 0040f2d0 f i  CIL library: CIL module
 0001:0000e2d0       ??_GCScreenShow@@UAEPAXI@Z 0040f2d0 f i ScreenShow.obj
 0001:0000e330       ?RecvInfo@CScreenShow@@QAEXPAUPMSG_SCREEN_RECV@@H@Z 0040f330 f   ScreenShow.obj
 0001:0000e550       ?DrawScreen@CScreenShow@@SAXPAUHWND__@@PAUHDC__@@@Z 0040f550 f   ScreenShow.obj
 0001:0000e820       ?SendScreenState@CScreenShow@@QAEXHH@Z 0040f820 f   ScreenShow.obj
 0001:0000e8c0       ?RecvScreenData@CScreenShow@@QAEXPAUPMSG_SCREENDATA_RECV@@H@Z 0040f8c0 f   ScreenShow.obj
 0001:0000ea00       ?StretchBlt@CImage@ATL@@QBEHPAUHDC__@@HHHHK@Z 0040fa00 f i ScreenShow.obj
 0001:0000ea70       ?Draw@CImage@ATL@@QBEHPAUHDC__@@HHHHHHHH@Z 0040fa70 f i ScreenShow.obj
 0001:0000eb70       ?Load@CImage@ATL@@QAEJPBD@Z 0040fb70 f i ScreenShow.obj
 0001:0000ec70       ??0CServerDisplayer@@QAE@XZ 0040fc70 f   ServerDisplayer.obj
 0001:0000ed20       ??_GCServerDisplayer@@UAEPAXI@Z 0040fd20 f i ServerDisplayer.obj
 0001:0000ed20       ??_ECServerDisplayer@@UAEPAXI@Z 0040fd20 f i  CIL library: CIL module
 0001:0000ed70       ?Init@CServerDisplayer@@QAEXPAUHWND__@@@Z 0040fd70 f   ServerDisplayer.obj
 0001:0000ee00       ?Run@CServerDisplayer@@QAEXXZ 0040fe00 f   ServerDisplayer.obj
 0001:0000eee0       ?PaintAllInfo@CServerDisplayer@@QAEXXZ 0040fee0 f   ServerDisplayer.obj
 0001:0000f040       ?LogTextPaint@CServerDisplayer@@QAEXXZ 00410040 f   ServerDisplayer.obj
 0001:0000f190       ?LogAddText@CServerDisplayer@@QAEXW4eLogColor@@PADH@Z 00410190 f   ServerDisplayer.obj
 0001:0000f220       ??_ECServerInfo@@UAEPAXI@Z 00410220 f i  CIL library: CIL module
 0001:0000f220       ??_GCServerInfo@@UAEPAXI@Z 00410220 f i ServerInfo.obj
 0001:0000f250       ?ReadInit@CServerInfo@@QAEXXZ 00410250 f   ServerInfo.obj
 0001:0000f320       ?ReadDumpList@CServerInfo@@QAEXXZ 00410320 f   ServerInfo.obj
 0001:0000f340       ?ReadWindowList@CServerInfo@@QAEXXZ 00410340 f   ServerInfo.obj
 0001:0000f360       ?ReadBlackList@CServerInfo@@QAEXXZ 00410360 f   ServerInfo.obj
 0001:0000f380       ?ReadStartupInfo@CServerInfo@@QAEXPAD0@Z 00410380 f   ServerInfo.obj
 0001:0000f440       ?ReadConfig@CServerInfo@@QAEXPAD0@Z 00410440 f   ServerInfo.obj
 0001:0000f790       ??0CSocketManager@@QAE@XZ  00410790 f   SocketManager.obj
 0001:0000f900       ??_GCSocketManager@@UAEPAXI@Z 00410900 f i SocketManager.obj
 0001:0000f900       ??_ECSocketManager@@UAEPAXI@Z 00410900 f i  CIL library: CIL module
 0001:0000f930       ??1CSocketManager@@UAE@XZ  00410930 f   SocketManager.obj
 0001:0000f9e0       ?Start@CSocketManager@@QAE_NG@Z 004109e0 f   SocketManager.obj
 0001:0000fa40       ?Clean@CSocketManager@@QAEXXZ 00410a40 f   SocketManager.obj
 0001:0000fb00       ?CreateListenSocket@CSocketManager@@QAE_NXZ 00410b00 f   SocketManager.obj
 0001:0000fc00       ?CreateCompletionPort@CSocketManager@@QAE_NXZ 00410c00 f   SocketManager.obj
 0001:0000fc70       ?CreateAcceptThread@CSocketManager@@QAE_NXZ 00410c70 f   SocketManager.obj
 0001:0000fce0       ?CreateWorkerThread@CSocketManager@@QAE_NXZ 00410ce0 f   SocketManager.obj
 0001:0000fd90       ?CreateServerQueue@CSocketManager@@QAE_NXZ 00410d90 f   SocketManager.obj
 0001:0000fe30       ?DataRecv@CSocketManager@@QAE_NHPAUIO_MAIN_BUFFER@@@Z 00410e30 f   SocketManager.obj
 0001:00010120       ?DataSend@CSocketManager@@QAE_NHPAEH@Z 00411120 f   SocketManager.obj
 0001:000103a0       ?Disconnect@CSocketManager@@QAEXH@Z 004113a0 f   SocketManager.obj
 0001:00010450       ?OnRecv@CSocketManager@@QAEXHKPAUIO_RECV_CONTEXT@@@Z 00411450 f   SocketManager.obj
 0001:00010570       ?OnSend@CSocketManager@@QAEXHKPAUIO_SEND_CONTEXT@@@Z 00411570 f   SocketManager.obj
 0001:00010730       ?ServerAcceptCondition@CSocketManager@@SGHPAU_WSABUF@@0PAU_QualityOfService@@100PAIPAV1@@Z 00411730 f   SocketManager.obj
 0001:00010760       ?ServerAcceptThread@CSocketManager@@SGKPAV1@@Z 00411760 f   SocketManager.obj
 0001:000108d0       ?ServerWorkerThread@CSocketManager@@SGKPAV1@@Z 004118d0 f   SocketManager.obj
 0001:000109c0       ?ServerQueueThread@CSocketManager@@SGKPAV1@@Z 004119c0 f   SocketManager.obj
 0001:00010af0       ?copy_to_clipboard@@YAXV?$basic_string@DU?$char_traits@D@std@@V?$allocator@D@2@@std@@@Z 00411af0 f   Util.obj
 0001:00010b60       ?CheckListBox@@YA_NPAUHWND__@@HPAD@Z 00411b60 f   Util.obj
 0001:00010c50       ?get_count_hwid_by_ip@@YAHPAD@Z 00411c50 f   Util.obj
 0001:00010cc0       ?split@@YA?AV?$vector@V?$basic_string@DU?$char_traits@D@std@@V?$allocator@D@2@@std@@V?$allocator@V?$basic_string@DU?$char_traits@D@std@@V?$allocator@D@2@@std@@@2@@std@@ABV?$basic_string@DU?$char_traits@D@std@@V?$allocator@D@2@@2@D@Z 00411cc0 f   Util.obj
 0001:00010fe0       ?validateIP@@YA_NV?$basic_string@DU?$char_traits@D@std@@V?$allocator@D@2@@std@@@Z 00411fe0 f   Util.obj
 0001:00011260       ?MsgBox@@YAXPADZZ          00412260 f   Util.obj
 0001:000112d0       ?ErrorMessageBox@@YAXPADZZ 004122d0 f   Util.obj
 0001:00011350       ?LogAdd@@YAXW4eLogColor@@PADZZ 00412350 f   Util.obj
 0001:00011410       ?TimeoutProc@@YAXXZ        00412410 f   Util.obj
 0001:00011470       ?GetUserCount@@YAHXZ       00412470 f   Util.obj
 0001:00011570       ?GetIpByIndex@@YAPADH@Z    00412570 f   Util.obj
 0001:000115d0       ?GetHwidByIndex@@YAPADH@Z  004125d0 f   Util.obj
 0001:00011630       ?GetFreeClientIndex@@YAHXZ 00412630 f   Util.obj
 0001:000116c0       ?SearchFreeClientIndex@@YAHPAHHHK@Z 004126c0 f   Util.obj
 0001:00011740       ?RemoveCharacter@@YAPADPADD@Z 00412740 f   Util.obj
 0001:000117a0       ?push_back@?$vector@V?$basic_string@DU?$char_traits@D@std@@V?$allocator@D@2@@std@@V?$allocator@V?$basic_string@DU?$char_traits@D@std@@V?$allocator@D@2@@std@@@2@@std@@QAEX$$QAV?$basic_string@DU?$char_traits@D@std@@V?$allocator@D@2@@2@@Z 004127a0 f i Util.obj
 0001:00011850       ??1?$vector@V?$basic_string@DU?$char_traits@D@std@@V?$allocator@D@2@@std@@V?$allocator@V?$basic_string@DU?$char_traits@D@std@@V?$allocator@D@2@@std@@@2@@std@@QAE@XZ 00412850 f i Util.obj
 0001:00011890       ?find@?$basic_string@DU?$char_traits@D@std@@V?$allocator@D@2@@std@@QBEIPBDII@Z 00412890 f i Util.obj
 0001:00011930       ?find_first_not_of@?$basic_string@DU?$char_traits@D@std@@V?$allocator@D@2@@std@@QBEIPBDII@Z 00412930 f i Util.obj
 0001:000119a0       ?_Reserve@?$vector@V?$basic_string@DU?$char_traits@D@std@@V?$allocator@D@2@@std@@V?$allocator@V?$basic_string@DU?$char_traits@D@std@@V?$allocator@D@2@@std@@@2@@std@@IAEXI@Z 004129a0 f i Util.obj
 0001:00011a20       ?reserve@?$vector@V?$basic_string@DU?$char_traits@D@std@@V?$allocator@D@2@@std@@V?$allocator@V?$basic_string@DU?$char_traits@D@std@@V?$allocator@D@2@@std@@@2@@std@@QAEXI@Z 00412a20 f i Util.obj
 0001:00011b30       ?_Destroy@?$vector@V?$basic_string@DU?$char_traits@D@std@@V?$allocator@D@2@@std@@V?$allocator@V?$basic_string@DU?$char_traits@D@std@@V?$allocator@D@2@@std@@@2@@std@@IAEXPAV?$basic_string@DU?$char_traits@D@std@@V?$allocator@D@2@@2@0@Z 00412b30 f i Util.obj
 0001:00011b70       ?allocate@?$allocator@V?$basic_string@DU?$char_traits@D@std@@V?$allocator@D@2@@std@@@std@@QAEPAV?$basic_string@DU?$char_traits@D@std@@V?$allocator@D@2@@2@I@Z 00412b70 f i Util.obj
 0001:00011bd0       ??$sprintf_s@$09@@YAHAAY09DPBDZZ 00412bd0 f i Util.obj
 0001:00011bf0       ??$_Uninit_move@PAV?$basic_string@DU?$char_traits@D@std@@V?$allocator@D@2@@std@@PAV12@V?$allocator@V?$basic_string@DU?$char_traits@D@std@@V?$allocator@D@2@@std@@@2@V12@@std@@YAPAV?$basic_string@DU?$char_traits@D@std@@V?$allocator@D@2@@0@PAV10@00AAV?$allocator@V?$basic_string@DU?$char_traits@D@std@@V?$allocator@D@2@@std@@@0@0U_Nonscalar_ptr_iterator_tag@0@@Z 00412bf0 f i Util.obj
 0001:00011cb0       ?stoi@std@@YAHABV?$basic_string@DU?$char_traits@D@std@@V?$allocator@D@2@@1@PAIH@Z 00412cb0 f i Util.obj
 0001:00011d1a       ??1_Fac_node@std@@QAE@XZ   00412d1a f i msvcprt:locale0_implib.obj
 0001:00011d30       ?_Facet_Register@facet@locale@std@@CAXPAV123@@Z 00412d30 f   msvcprt:locale0_implib.obj
 0001:00011d5a       ??1_Fac_tidy_reg_t@std@@QAE@XZ 00412d5a f i msvcprt:locale0_implib.obj
 0001:00011daa       ?xsputn@?$basic_streambuf@DU?$char_traits@D@std@@@std@@MAE_JPBD_J@Z 00412daa f   msvcprt:MSVCP100.dll
 0001:00011db0       ?showmanyc@?$basic_streambuf@DU?$char_traits@D@std@@@std@@MAE_JXZ 00412db0 f   msvcprt:MSVCP100.dll
 0001:00011db6       ?xsgetn@?$basic_streambuf@DU?$char_traits@D@std@@@std@@MAE_JPAD_J@Z 00412db6 f   msvcprt:MSVCP100.dll
 0001:00011dbc       ?sync@?$basic_streambuf@DU?$char_traits@D@std@@@std@@MAEHXZ 00412dbc f   msvcprt:MSVCP100.dll
 0001:00011dc2       ?_Unlock@?$basic_streambuf@DU?$char_traits@D@std@@@std@@UAEXXZ 00412dc2 f   msvcprt:MSVCP100.dll
 0001:00011dc8       ?_Lock@?$basic_streambuf@DU?$char_traits@D@std@@@std@@UAEXXZ 00412dc8 f   msvcprt:MSVCP100.dll
 0001:00011dce       ?uflow@?$basic_streambuf@DU?$char_traits@D@std@@@std@@MAEHXZ 00412dce f   msvcprt:MSVCP100.dll
 0001:00011dd4       ?setbuf@?$basic_streambuf@DU?$char_traits@D@std@@@std@@MAEPAV12@PAD_J@Z 00412dd4 f   msvcprt:MSVCP100.dll
 0001:00011dda       ?imbue@?$basic_streambuf@DU?$char_traits@D@std@@@std@@MAEXABVlocale@2@@Z 00412dda f   msvcprt:MSVCP100.dll
 0001:00011de0       ??_U@YAPAXI@Z              00412de0 f   msvcprt:newaop_s.obj
 0001:00011deb       @__security_check_cookie@4 00412deb f   MSVCRT:secchk.obj
 0001:00011dfa       ?what@exception@std@@UBEPBDXZ 00412dfa f   MSVCRT:MSVCR100.dll
 0001:00011e00       ??0exception@std@@QAE@ABV01@@Z 00412e00 f   MSVCRT:MSVCR100.dll
 0001:00011e06       _free                      00412e06 f   MSVCRT:MSVCR100.dll
 0001:00011e0c       ??3@YAXPAX@Z               00412e0c f   MSVCRT:MSVCR100.dll
 0001:00011e12       ??_Etype_info@@UAEPAXI@Z   00412e12 f i MSVCRT:ti_inst.obj
 0001:00011e5e       ??2@YAPAXI@Z               00412e5e f   MSVCRT:MSVCR100.dll
 0001:00011e64       __onexit                   00412e64 f   MSVCRT:atonexit.obj
 0001:00011f05       _atexit                    00412f05 f   MSVCRT:atonexit.obj
 0001:00011f1c       ??0bad_cast@std@@QAE@ABV01@@Z 00412f1c f   MSVCRT:MSVCR100.dll
 0001:00011f22       ??1bad_cast@std@@UAE@XZ    00412f22 f   MSVCRT:MSVCR100.dll
 0001:00011f28       ??_L@YGXPAXIHP6EX0@Z1@Z    00412f28 f   MSVCRT:ehvecctr.obj
 0001:00011f8d       ?__ArrayUnwind@@YGXPAXIHP6EX0@Z@Z 00412f8d f   MSVCRT:ehvecdtr.obj
 0001:00011feb       ??_M@YGXPAXIHP6EX0@Z@Z     00412feb f   MSVCRT:ehvecdtr.obj
 0001:0001232c       _WinMainCRTStartup         0041332c f   MSVCRT:crtexew.obj
 0001:00012336       ___CxxFrameHandler3        00413336 f   MSVCRT:MSVCR100.dll
 0001:0001233c       __EH_prolog3               0041333c f   MSVCRT:ehprolg3.obj
 0001:0001236f       __EH_epilog3               0041336f f   MSVCRT:ehprolg3.obj
 0001:00012383       ___report_gsfailure        00413383 f   MSVCRT:gs_report.obj
 0001:0001248a       __unlock                   0041348a f   MSVCRT:MSVCR100.dll
 0001:00012490       ___dllonexit               00413490 f   MSVCRT:MSVCR100.dll
 0001:00012496       __lock                     00413496 f   MSVCRT:MSVCR100.dll
 0001:000124a0       __SEH_prolog4              004134a0 f   MSVCRT:sehprolg4.obj
 0001:000124e5       __SEH_epilog4              004134e5 f   MSVCRT:sehprolg4.obj
 0001:000124f9       __except_handler4          004134f9 f   MSVCRT:chandler4gs.obj
 0001:0001251e       ?terminate@@YAXXZ          0041351e f   MSVCRT:MSVCR100.dll
 0001:00012524       ?__CxxUnhandledExceptionFilter@@YGJPAU_EXCEPTION_POINTERS@@@Z 00413524 f   MSVCRT:unhandld.obj
 0001:00012566       ___CxxSetUnhandledExceptionFilter 00413566 f   MSVCRT:unhandld.obj
 0001:00012574       __amsg_exit                00413574 f   MSVCRT:MSVCR100.dll
 0001:0001257a       __RTC_Initialize           0041357a f   MSVCRT:_initsect_.obj
 0001:000125a0       __RTC_Terminate            004135a0 f   MSVCRT:_initsect_.obj
 0001:000125c6       __XcptFilter               004135c6 f   MSVCRT:MSVCR100.dll
 0001:000125d0       __ValidateImageBase        004135d0 f   MSVCRT:pesect.obj
 0001:00012610       __FindPESection            00413610 f   MSVCRT:pesect.obj
 0001:00012660       __IsNonwritableInCurrentImage 00413660 f   MSVCRT:pesect.obj
 0001:0001271c       __initterm                 0041371c f   MSVCRT:MSVCR100.dll
 0001:00012722       __initterm_e               00413722 f   MSVCRT:MSVCR100.dll
 0001:00012728       __setdefaultprecision      00413728 f   MSVCRT:fp8.obj
 0001:00012750       __matherr                  00413750 f   MSVCRT:merr.obj
 0001:00012750       __setargv                  00413750 f   MSVCRT:dllargv.obj
 0001:00012753       ___security_init_cookie    00413753 f   MSVCRT:gs_support.obj
 0001:000127ee       __crt_debugger_hook        004137ee f   MSVCRT:MSVCR100.dll
 0001:000127f4       ?_type_info_dtor_internal_method@type_info@@QAEXXZ 004137f4 f   MSVCRT:MSVCR100.dll
 0001:000127f4       ??1type_info@@UAE@XZ       004137f4 f   MSVCRT:MSVCR100.dll
 0001:000127fa       __except_handler4_common   004137fa f   MSVCRT:MSVCR100.dll
 0001:00012800       __invoke_watson            00413800 f   MSVCRT:MSVCR100.dll
 0001:00012806       __controlfp_s              00413806 f   MSVCRT:MSVCR100.dll
 0001:0001280c       ??0CInitGDIPlus@CImage@ATL@@QAE@XZ 0041380c f i atls:atlimage2.obj
 0001:00012847       ??1CDCCache@CImage@ATL@@QAE@XZ 00413847 f i atls:atlimage.obj
 0001:00012866       ??1CWin32Heap@ATL@@UAE@XZ  00413866 f i atls:atlstr.obj
 0001:00012881       ?Allocate@CWin32Heap@ATL@@UAEPAXI@Z 00413881 f i atls:atlstr.obj
 0001:00012898       ?Free@CWin32Heap@ATL@@UAEXPAX@Z 00413898 f i atls:atlstr.obj
 0001:000128b5       ?Reallocate@CWin32Heap@ATL@@UAEPAXPAXI@Z 004138b5 f i atls:atlstr.obj
 0001:000128ef       ?GetSize@CWin32Heap@ATL@@UAEIPAX@Z 004138ef f i atls:atlstr.obj
 0001:00012906       ??_GCWin32Heap@ATL@@UAEPAXI@Z 00413906 f i atls:atlstr.obj
 0001:00012906       ??_ECWin32Heap@ATL@@UAEPAXI@Z 00413906 f i atls:atlstr.obj
 0001:00012927       ??$AtlMultiply@K@ATL@@YAJPAKKK@Z 00413927 f i atls:atlstr.obj
 0001:00012927       ??$AtlMultiply@I@ATL@@YAJPAIII@Z 00413927 f i atls:atlstr.obj
 0001:0001294b       ?Free@CAtlStringMgr@ATL@@UAEXPAUCStringData@2@@Z 0041394b f i atls:atlstr.obj
 0001:00012959       ?GetNilString@CAtlStringMgr@ATL@@UAEPAUCStringData@2@XZ 00413959 f i atls:atlstr.obj
 0001:00012967       ?Clone@CAtlStringMgr@ATL@@UAEPAUIAtlStringMgr@2@XZ 00413967 f i atls:atlstr.obj
 0001:0001296a       ??_GCAtlStringMgr@ATL@@UAEPAXI@Z 0041396a f i atls:atlstr.obj
 0001:0001296a       ??_ECAtlStringMgr@ATL@@UAEPAXI@Z 0041396a f i atls:atlstr.obj
 0001:0001298c       ??$AtlAdd@I@ATL@@YAJPAIII@Z 0041398c f i atls:atlstr.obj
 0001:000129b2       ?Allocate@CAtlStringMgr@ATL@@UAEPAUCStringData@2@HH@Z 004139b2 f i atls:atlstr.obj
 0001:00012a16       ?Reallocate@CAtlStringMgr@ATL@@UAEPAUCStringData@2@PAU32@HH@Z 00413a16 f i atls:atlstr.obj
 0001:00012a71       ?RemoveAll@?$CSimpleArray@PAUHINSTANCE__@@V?$CSimpleArrayEqualHelper@PAUHINSTANCE__@@@ATL@@@ATL@@QAEXXZ 00413a71 f i atls:atlbase.obj
 0001:00012a90       ?Init@CComCriticalSection@ATL@@QAEJXZ 00413a90 f i atls:atlbase.obj
 0001:00012abb       ??0_ATL_BASE_MODULE70@ATL@@QAE@XZ 00413abb f i atls:atlbase.obj
 0001:00012ae0       ??1CAtlBaseModule@ATL@@QAE@XZ 00413ae0 f   atls:atlbase.obj
 0001:00012af8       ?GetHInstanceAt@CAtlBaseModule@ATL@@QAEPAUHINSTANCE__@@H@Z 00413af8 f   atls:atlbase.obj
 0001:00012b55       ??0CAtlBaseModule@ATL@@QAE@XZ 00413b55 f   atls:atlbase.obj
 0001:00012b96       _memset                    00413b96 f   MSVCRT:MSVCR100.dll
 0001:00012ba0       __chkstk                   00413ba0 f   MSVCRT:chkstk.obj
 0001:00012ba0       __alloca_probe             00413ba0     MSVCRT:chkstk.obj
 0001:00012bd0       __ftol2_sse                00413bd0 f   MSVCRT:ftol2.obj
 0001:00012bd9       __ftol2_pentium4           00413bd9 f   MSVCRT:ftol2.obj
 0001:00012bec       __ftol2_sse_excpt          00413bec f   MSVCRT:ftol2.obj
 0001:00012c06       __ftol2                    00413c06 f   MSVCRT:ftol2.obj
 0001:00012c7c       __CxxThrowException@8      00413c7c f   MSVCRT:MSVCR100.dll
 0001:00012c82       _memcpy                    00413c82 f   MSVCRT:MSVCR100.dll
 0001:00012c90       __alloca_probe_16          00413c90 f   MSVCRT:alloca16.obj
 0001:00012ca6       __alloca_probe_8           00413ca6     MSVCRT:alloca16.obj
 0001:00012cbc       ___sse2_available_init     00413cbc f   MSVCRT:cpu_disp.obj
 0002:00000000       __imp__InitCommonControlsEx@4 00415000     comctl32:COMCTL32.dll
 0002:00000004       \177COMCTL32_NULL_THUNK_DATA 00415004     comctl32:COMCTL32.dll
 0002:00000008       __imp__SetDIBColorTable@16 00415008     gdi32:GDI32.dll
 0002:0000000c       __imp__CreateCompatibleDC@4 0041500c     gdi32:GDI32.dll
 0002:00000010       __imp__GetObjectA@12       00415010     gdi32:GDI32.dll
 0002:00000014       __imp__CreateDIBSection@24 00415014     gdi32:GDI32.dll
 0002:00000018       __imp__GetDeviceCaps@8     00415018     gdi32:GDI32.dll
 0002:0000001c       __imp__StretchBlt@44       0041501c     gdi32:GDI32.dll
 0002:00000020       __imp__SelectObject@8      00415020     gdi32:GDI32.dll
 0002:00000024       __imp__CreateFontA@56      00415024     gdi32:GDI32.dll
 0002:00000028       __imp__CreateSolidBrush@4  00415028     gdi32:GDI32.dll
 0002:0000002c       __imp__SetBkMode@8         0041502c     gdi32:GDI32.dll
 0002:00000030       __imp__SetTextColor@8      00415030     gdi32:GDI32.dll
 0002:00000034       __imp__TextOutA@20         00415034     gdi32:GDI32.dll
 0002:00000038       __imp__SetBkColor@8        00415038     gdi32:GDI32.dll
 0002:0000003c       __imp__GetDIBColorTable@16 0041503c     gdi32:GDI32.dll
 0002:00000040       __imp__DeleteObject@4      00415040     gdi32:GDI32.dll
 0002:00000044       __imp__DeleteDC@4          00415044     gdi32:GDI32.dll
 0002:00000048       \177GDI32_NULL_THUNK_DATA  00415048     gdi32:GDI32.dll
 0002:0000004c       __imp__GetCurrentProcess@0 0041504c     kernel32:KERNEL32.dll
 0002:00000050       __imp__SetErrorMode@4      00415050     kernel32:KERNEL32.dll
 0002:00000054       __imp__SetUnhandledExceptionFilter@4 00415054     kernel32:KERNEL32.dll
 0002:00000058       __imp__DeleteFileA@4       00415058     kernel32:KERNEL32.dll
 0002:0000005c       __imp__GetFullPathNameA@16 0041505c     kernel32:KERNEL32.dll
 0002:00000060       __imp__OpenProcess@12      00415060     kernel32:KERNEL32.dll
 0002:00000064       __imp__VirtualAllocEx@20   00415064     kernel32:KERNEL32.dll
 0002:00000068       __imp__WriteProcessMemory@20 00415068     kernel32:KERNEL32.dll
 0002:0000006c       __imp__VirtualFreeEx@16    0041506c     kernel32:KERNEL32.dll
 0002:00000070       __imp__GetProcAddress@8    00415070     kernel32:KERNEL32.dll
 0002:00000074       __imp__GetProcessId@4      00415074     kernel32:KERNEL32.dll
 0002:00000078       __imp__CreateMutexA@12     00415078     kernel32:KERNEL32.dll
 0002:0000007c       __imp__CreateRemoteThread@28 0041507c     kernel32:KERNEL32.dll
 0002:00000080       __imp__WaitForSingleObject@8 00415080     kernel32:KERNEL32.dll
 0002:00000084       __imp__GlobalAlloc@8       00415084     kernel32:KERNEL32.dll
 0002:00000088       __imp__GlobalLock@4        00415088     kernel32:KERNEL32.dll
 0002:0000008c       __imp__InterlockedExchange@8 0041508c     kernel32:KERNEL32.dll
 0002:00000090       __imp__GlobalUnlock@4      00415090     kernel32:KERNEL32.dll
 0002:00000094       __imp__GlobalFree@4        00415094     kernel32:KERNEL32.dll
 0002:00000098       __imp__MultiByteToWideChar@24 00415098     kernel32:KERNEL32.dll
 0002:0000009c       __imp__lstrlenA@4          0041509c     kernel32:KERNEL32.dll
 0002:000000a0       __imp__SizeofResource@8    004150a0     kernel32:KERNEL32.dll
 0002:000000a4       __imp__LockResource@4      004150a4     kernel32:KERNEL32.dll
 0002:000000a8       __imp__LoadResource@8      004150a8     kernel32:KERNEL32.dll
 0002:000000ac       __imp__FindResourceW@12    004150ac     kernel32:KERNEL32.dll
 0002:000000b0       __imp__FindResourceExW@16  004150b0     kernel32:KERNEL32.dll
 0002:000000b4       __imp__GetLastError@0      004150b4     kernel32:KERNEL32.dll
 0002:000000b8       __imp__GetCurrentProcessId@0 004150b8     kernel32:KERNEL32.dll
 0002:000000bc       __imp__ReadFile@20         004150bc     kernel32:KERNEL32.dll
 0002:000000c0       __imp__GetPrivateProfileStringA@24 004150c0     kernel32:KERNEL32.dll
 0002:000000c4       __imp__GetPrivateProfileIntA@16 004150c4     kernel32:KERNEL32.dll
 0002:000000c8       __imp__TerminateThread@8   004150c8     kernel32:KERNEL32.dll
 0002:000000cc       __imp__CreateIoCompletionPort@16 004150cc     kernel32:KERNEL32.dll
 0002:000000d0       __imp__GetSystemInfo@4     004150d0     kernel32:KERNEL32.dll
 0002:000000d4       __imp__CreateSemaphoreA@16 004150d4     kernel32:KERNEL32.dll
 0002:000000d8       __imp__ReleaseSemaphore@12 004150d8     kernel32:KERNEL32.dll
 0002:000000dc       __imp__GetQueuedCompletionStatus@20 004150dc     kernel32:KERNEL32.dll
 0002:000000e0       __imp__TerminateProcess@8  004150e0     kernel32:KERNEL32.dll
 0002:000000e4       __imp__RaiseException@16   004150e4     kernel32:KERNEL32.dll
 0002:000000e8       __imp__GetProcessHeap@0    004150e8     kernel32:KERNEL32.dll
 0002:000000ec       __imp__HeapSize@12         004150ec     kernel32:KERNEL32.dll
 0002:000000f0       __imp__HeapReAlloc@16      004150f0     kernel32:KERNEL32.dll
 0002:000000f4       __imp__HeapFree@12         004150f4     kernel32:KERNEL32.dll
 0002:000000f8       __imp__HeapAlloc@12        004150f8     kernel32:KERNEL32.dll
 0002:000000fc       __imp__HeapDestroy@4       004150fc     kernel32:KERNEL32.dll
 0002:00000100       __imp__InitializeCriticalSectionAndSpinCount@8 00415100     kernel32:KERNEL32.dll
 0002:00000104       __imp__GetSystemTimeAsFileTime@4 00415104     kernel32:KERNEL32.dll
 0002:00000108       __imp__QueryPerformanceCounter@4 00415108     kernel32:KERNEL32.dll
 0002:0000010c       __imp__IsDebuggerPresent@0 0041510c     kernel32:KERNEL32.dll
 0002:00000110       __imp__UnhandledExceptionFilter@4 00415110     kernel32:KERNEL32.dll
 0002:00000114       __imp__GetStartupInfoW@4   00415114     kernel32:KERNEL32.dll
 0002:00000118       __imp__HeapSetInformation@16 00415118     kernel32:KERNEL32.dll
 0002:0000011c       __imp__InterlockedCompareExchange@12 0041511c     kernel32:KERNEL32.dll
 0002:00000120       __imp__DecodePointer@4     00415120     kernel32:KERNEL32.dll
 0002:00000124       __imp__EncodePointer@4     00415124     kernel32:KERNEL32.dll
 0002:00000128       __imp__SetThreadPriority@8 00415128     kernel32:KERNEL32.dll
 0002:0000012c       __imp__GetCurrentThreadId@0 0041512c     kernel32:KERNEL32.dll
 0002:00000130       __imp__GetFileSize@8       00415130     kernel32:KERNEL32.dll
 0002:00000134       __imp__WriteFile@20        00415134     kernel32:KERNEL32.dll
 0002:00000138       __imp__IsProcessorFeaturePresent@4 00415138     kernel32:KERNEL32.dll
 0002:0000013c       __imp__SetFilePointer@16   0041513c     kernel32:KERNEL32.dll
 0002:00000140       __imp__CreateFileA@28      00415140     kernel32:KERNEL32.dll
 0002:00000144       __imp__GetLocalTime@4      00415144     kernel32:KERNEL32.dll
 0002:00000148       __imp__CreateDirectoryA@8  00415148     kernel32:KERNEL32.dll
 0002:0000014c       __imp__CloseHandle@4       0041514c     kernel32:KERNEL32.dll
 0002:00000150       __imp__GetModuleHandleA@4  00415150     kernel32:KERNEL32.dll
 0002:00000154       __imp__LeaveCriticalSection@4 00415154     kernel32:KERNEL32.dll
 0002:00000158       __imp__EnterCriticalSection@4 00415158     kernel32:KERNEL32.dll
 0002:0000015c       __imp__DeleteCriticalSection@4 0041515c     kernel32:KERNEL32.dll
 0002:00000160       __imp__InitializeCriticalSection@4 00415160     kernel32:KERNEL32.dll
 0002:00000164       __imp__GetTickCount@0      00415164     kernel32:KERNEL32.dll
 0002:00000168       __imp__MoveFileA@8         00415168     kernel32:KERNEL32.dll
 0002:0000016c       __imp__Sleep@4             0041516c     kernel32:KERNEL32.dll
 0002:00000170       __imp__CreateThread@24     00415170     kernel32:KERNEL32.dll
 0002:00000174       \177KERNEL32_NULL_THUNK_DATA 00415174     kernel32:KERNEL32.dll
 0002:00000178       __imp__TransparentBlt@44   00415178     msimg32:MSIMG32.dll
 0002:0000017c       __imp__AlphaBlend@44       0041517c     msimg32:MSIMG32.dll
 0002:00000180       \177MSIMG32_NULL_THUNK_DATA 00415180     msimg32:MSIMG32.dll
 0002:00000184       __imp_?_Xinvalid_argument@std@@YAXPBD@Z 00415184     msvcprt:MSVCP100.dll
 0002:00000188       __imp___Stolx              00415188     msvcprt:MSVCP100.dll
 0002:0000018c       __imp_?_Swap_all@_Container_base12@std@@QAEXAAU12@@Z 0041518c     msvcprt:MSVCP100.dll
 0002:00000190       __imp_??1_Container_base12@std@@QAE@XZ 00415190     msvcprt:MSVCP100.dll
 0002:00000194       __imp_??6?$basic_ostream@DU?$char_traits@D@std@@@std@@QAEAAV01@H@Z 00415194     msvcprt:MSVCP100.dll
 0002:00000198       __imp_??0?$basic_iostream@DU?$char_traits@D@std@@@std@@QAE@PAV?$basic_streambuf@DU?$char_traits@D@std@@@1@@Z 00415198     msvcprt:MSVCP100.dll
 0002:0000019c       __imp_?imbue@?$basic_streambuf@DU?$char_traits@D@std@@@std@@MAEXABVlocale@2@@Z 0041519c     msvcprt:MSVCP100.dll
 0002:000001a0       __imp_?setbuf@?$basic_streambuf@DU?$char_traits@D@std@@@std@@MAEPAV12@PAD_J@Z 004151a0     msvcprt:MSVCP100.dll
 0002:000001a4       __imp_?uflow@?$basic_streambuf@DU?$char_traits@D@std@@@std@@MAEHXZ 004151a4     msvcprt:MSVCP100.dll
 0002:000001a8       __imp_?_Xout_of_range@std@@YAXPBD@Z 004151a8     msvcprt:MSVCP100.dll
 0002:000001ac       __imp_?_Xlength_error@std@@YAXPBD@Z 004151ac     msvcprt:MSVCP100.dll
 0002:000001b0       __imp_?write@?$basic_ostream@DU?$char_traits@D@std@@@std@@QAEAAV12@PBD_J@Z 004151b0     msvcprt:MSVCP100.dll
 0002:000001b4       __imp_?endl@std@@YAAAV?$basic_ostream@DU?$char_traits@D@std@@@1@AAV21@@Z 004151b4     msvcprt:MSVCP100.dll
 0002:000001b8       __imp_?flush@?$basic_ostream@DU?$char_traits@D@std@@@std@@QAEAAV12@XZ 004151b8     msvcprt:MSVCP100.dll
 0002:000001bc       __imp_?setstate@?$basic_ios@DU?$char_traits@D@std@@@std@@QAEXH_N@Z 004151bc     msvcprt:MSVCP100.dll
 0002:000001c0       __imp_?clear@?$basic_ios@DU?$char_traits@D@std@@@std@@QAEXH_N@Z 004151c0     msvcprt:MSVCP100.dll
 0002:000001c4       __imp_?sputc@?$basic_streambuf@DU?$char_traits@D@std@@@std@@QAEHD@Z 004151c4     msvcprt:MSVCP100.dll
 0002:000001c8       __imp_?_Pninc@?$basic_streambuf@DU?$char_traits@D@std@@@std@@IAEPADXZ 004151c8     msvcprt:MSVCP100.dll
 0002:000001cc       __imp_?_Osfx@?$basic_ostream@DU?$char_traits@D@std@@@std@@QAEXXZ 004151cc     msvcprt:MSVCP100.dll
 0002:000001d0       __imp_?uncaught_exception@std@@YA_NXZ 004151d0     msvcprt:MSVCP100.dll
 0002:000001d4       __imp_??1?$basic_ios@DU?$char_traits@D@std@@@std@@UAE@XZ 004151d4     msvcprt:MSVCP100.dll
 0002:000001d8       __imp_??1?$basic_ostream@DU?$char_traits@D@std@@@std@@UAE@XZ 004151d8     msvcprt:MSVCP100.dll
 0002:000001dc       __imp_??_7?$basic_ostream@DU?$char_traits@D@std@@@std@@6B@ 004151dc     msvcprt:MSVCP100.dll
 0002:000001e0       __imp_??1?$basic_streambuf@DU?$char_traits@D@std@@@std@@UAE@XZ 004151e0     msvcprt:MSVCP100.dll
 0002:000001e4       __imp_?_Decref@facet@locale@std@@QAEPAV123@XZ 004151e4     msvcprt:MSVCP100.dll
 0002:000001e8       __imp_??1_Lockit@std@@QAE@XZ 004151e8     msvcprt:MSVCP100.dll
 0002:000001ec       __imp_??0_Lockit@std@@QAE@H@Z 004151ec     msvcprt:MSVCP100.dll
 0002:000001f0       __imp_?_BADOFF@std@@3_JB   004151f0     msvcprt:MSVCP100.dll
[...]
 0001:000131c8       __ehhandler$??1?$map@H_NU?$less@H@std@@V?$allocator@U?$pair@$$CBH_N@std@@@2@@std@@QAE@XZ 004141c8 f    CIL library: CIL module
 0001:000131f0       __unwindfunclet$??0CProtection@@QAE@XZ$0 004141f0 f    CIL library: CIL module
 0001:000131ff       __ehhandler$??0CProtection@@QAE@XZ 004141ff f    CIL library: CIL module
 0001:00013220       __unwindfunclet$??0CProcessManager@@QAE@XZ$0 00414220 f    CIL library: CIL module
 0001:0001322b       __ehhandler$??0CProcessManager@@QAE@XZ 0041422b f    CIL library: CIL module
 0001:00013250       __unwindfunclet$??$_Buynode@U?$pair@V?$basic_string@DU?$char_traits@D@std@@V?$allocator@D@2@@std@@UIP_ADDRESS_INFO@@@std@@@?$_Tree_val@V?$_Tmap_traits@V?$basic_string@DU?$char_traits@D@std@@V?$allocator@D@2@@std@@UIP_ADDRESS_INFO@@U?$less@V?$basic_string@DU?$char_traits@D@std@@V?$allocator@D@2@@std@@@2@V?$allocator@U?$pair@$$CBV?$basic_string@DU?$char_traits@D@std@@V?$allocator@D@2@@std@@UIP_ADDRESS_INFO@@@std@@@2@$0A@@std@@@std@@QAEPAU_Node@?$_Tree_nod@V?$_Tmap_traits@V?$basic_string@DU?$char_traits@D@std@@V?$allocator@D@2@@std@@UIP_ADDRESS_INFO@@U?$less@V?$basic_string@DU?$char_traits@D@std@@V?$allocator@D@2@@std@@@2@V?$allocator@U?$pair@$$CBV?$basic_string@DU?$char_traits@D@std@@V?$allocator@D@2@@std@@UIP_ADDRESS_INFO@@@std@@@2@$0A@@std@@@1@$$QAU?$pair@V?$basic_string@DU?$char_traits@D@std@@V?$allocator@D@2@@std@@UIP_ADDRESS_INFO@@@1@@Z$2 00414250 f    CIL library: CIL module
 0001:00013255       __ehhandler$??$_Buynode@U?$pair@V?$basic_string@DU?$char_traits@D@std@@V?$allocator@D@2@@std@@UIP_ADDRESS_INFO@@@std@@@?$_Tree_val@V?$_Tmap_traits@V?$basic_string@DU?$char_traits@D@std@@V?$allocator@D@2@@std@@UIP_ADDRESS_INFO@@U?$less@V?$basic_string@DU?$char_traits@D@std@@V?$allocator@D@2@@std@@@2@V?$allocator@U?$pair@$$CBV?$basic_string@DU?$char_traits@D@std@@V?$allocator@D@2@@std@@UIP_ADDRESS_INFO@@@std@@@2@$0A@@std@@@std@@QAEPAU_Node@?$_Tree_nod@V?$_Tmap_traits@V?$basic_string@DU?$char_traits@D@std@@V?$allocator@D@2@@std@@UIP_ADDRESS_INFO@@U?$less@V?$basic_string@DU?$char_traits@D@std@@V?$allocator@D@2@@std@@@2@V?$allocator@U?$pair@$$CBV?$basic_string@DU?$char_traits@D@std@@V?$allocator@D@2@@std@@UIP_ADDRESS_INFO@@@std@@@2@$0A@@std@@@1@$$QAU?$pair@V?$basic_string@DU?$char_traits@D@std@@V?$allocator@D@2@@std@@UIP_ADDRESS_INFO@@@1@@Z 00414255 f    CIL library: CIL module
 0001:00013270       __unwindfunclet$??$_Uninit_move@PAV?$basic_string@DU?$char_traits@D@std@@V?$allocator@D@2@@std@@PAV12@V?$allocator@V?$basic_string@DU?$char_traits@D@std@@V?$allocator@D@2@@std@@@2@V12@@std@@YAPAV?$basic_string@DU?$char_traits@D@std@@V?$allocator@D@2@@0@PAV10@00AAV?$allocator@V?$basic_string@DU?$char_traits@D@std@@V?$allocator@D@2@@std@@@0@0U_Nonscalar_ptr_iterator_tag@0@@Z$2 00414270 f    CIL library: CIL module
 0001:00013275       __ehhandler$??$_Uninit_move@PAV?$basic_string@DU?$char_traits@D@std@@V?$allocator@D@2@@std@@PAV12@V?$allocator@V?$basic_string@DU?$char_traits@D@std@@V?$allocator@D@2@@std@@@2@V12@@std@@YAPAV?$basic_string@DU?$char_traits@D@std@@V?$allocator@D@2@@0@PAV10@00AAV?$allocator@V?$basic_string@DU?$char_traits@D@std@@V?$allocator@D@2@@std@@@0@0U_Nonscalar_ptr_iterator_tag@0@@Z 00414275 f    CIL library: CIL module
 0001:00013290       __ehhandler$?reserve@?$vector@V?$basic_string@DU?$char_traits@D@std@@V?$allocator@D@2@@std@@V?$allocator@V?$basic_string@DU?$char_traits@D@std@@V?$allocator@D@2@@std@@@2@@std@@QAEXI@Z 00414290 f    CIL library: CIL module
 0001:000132b0       __unwindfunclet$?push_back@?$vector@V?$basic_string@DU?$char_traits@D@std@@V?$allocator@D@2@@std@@V?$allocator@V?$basic_string@DU?$char_traits@D@std@@V?$allocator@D@2@@std@@@2@@std@@QAEX$$QAV?$basic_string@DU?$char_traits@D@std@@V?$allocator@D@2@@2@@Z$0 004142b0 f    CIL library: CIL module
 0001:000132b5       __unwindfunclet$?push_back@?$vector@V?$basic_string@DU?$char_traits@D@std@@V?$allocator@D@2@@std@@V?$allocator@V?$basic_string@DU?$char_traits@D@std@@V?$allocator@D@2@@std@@@2@@std@@QAEX$$QAV?$basic_string@DU?$char_traits@D@std@@V?$allocator@D@2@@2@@Z$1 004142b5 f    CIL library: CIL module
 0001:000132ba       __ehhandler$?push_back@?$vector@V?$basic_string@DU?$char_traits@D@std@@V?$allocator@D@2@@std@@V?$allocator@V?$basic_string@DU?$char_traits@D@std@@V?$allocator@D@2@@std@@@2@@std@@QAEX$$QAV?$basic_string@DU?$char_traits@D@std@@V?$allocator@D@2@@2@@Z 004142ba f    CIL library: CIL module
 0001:000132e0       __unwindfunclet$??_GCProcessManager@@UAEPAXI@Z$0 004142e0 f    CIL library: CIL module
 0001:000132eb       __unwindfunclet$??_GCProcessManager@@UAEPAXI@Z$3 004142eb f    CIL library: CIL module
 0001:000132f3       __ehhandler$??_GCProcessManager@@UAEPAXI@Z 004142f3 f    CIL library: CIL module
 0001:00013310       __unwindfunclet$?RemoveIpAddress@CIpManager@@QAEXPAD@Z$0 00414310 f    CIL library: CIL module
 0001:00013310       __unwindfunclet$?CheckIpAddress@CIpManager@@QAE_NPAD@Z$0 00414310 f    CIL library: CIL module
 0001:00013310       __unwindfunclet$?_Endwrite@?$basic_filebuf@DU?$char_traits@D@std@@@std@@IAE_NXZ$0 00414310 f    CIL library: CIL module
 0001:00013318       __ehhandler$?CheckIpAddress@CIpManager@@QAE_NPAD@Z 00414318 f    CIL library: CIL module
 0001:00013318       __ehhandler$?_Endwrite@?$basic_filebuf@DU?$char_traits@D@std@@@std@@IAE_NXZ 00414318 f    CIL library: CIL module
 0001:00013318       __ehhandler$?RemoveIpAddress@CIpManager@@QAEXPAD@Z 00414318 f    CIL library: CIL module
 0001:00013340       __unwindfunclet$?InsertIpAddress@CIpManager@@QAEXPAD@Z$0 00414340 f    CIL library: CIL module
 0001:00013348       __unwindfunclet$?InsertIpAddress@CIpManager@@QAEXPAD@Z$1 00414348 f    CIL library: CIL module
 0001:00013353       __unwindfunclet$?InsertIpAddress@CIpManager@@QAEXPAD@Z$2 00414353 f    CIL library: CIL module
 0001:0001335b       __ehhandler$?InsertIpAddress@CIpManager@@QAEXPAD@Z 0041435b f    CIL library: CIL module
 0001:00013390       __unwindfunclet$??_GCIpManager@@UAEPAXI@Z$2 00414390 f    CIL library: CIL module
 0001:00013390       __unwindfunclet$??_GCProtection@@UAEPAXI@Z$2 00414390 f    CIL library: CIL module
 0001:00013398       __ehhandler$??_GCIpManager@@UAEPAXI@Z 00414398 f    CIL library: CIL module
 0001:00013398       __ehhandler$??_GCProtection@@UAEPAXI@Z 00414398 f    CIL library: CIL module
 0001:000133c0       __unwindfunclet$?str@?$basic_stringbuf@DU?$char_traits@D@std@@V?$allocator@D@2@@std@@QBE?AV?$basic_string@DU?$char_traits@D@std@@V?$allocator@D@2@@2@XZ$0 004143c0 f    CIL library: CIL module
 0001:000133c8       __unwindfunclet$?str@?$basic_stringbuf@DU?$char_traits@D@std@@V?$allocator@D@2@@std@@QBE?AV?$basic_string@DU?$char_traits@D@std@@V?$allocator@D@2@@2@XZ$2 004143c8 f    CIL library: CIL module
 0001:000133d0       __unwindfunclet$?str@?$basic_stringbuf@DU?$char_traits@D@std@@V?$allocator@D@2@@std@@QBE?AV?$basic_string@DU?$char_traits@D@std@@V?$allocator@D@2@@2@XZ$3 004143d0 f    CIL library: CIL module
 0001:000133d8       __ehhandler$?str@?$basic_stringbuf@DU?$char_traits@D@std@@V?$allocator@D@2@@std@@QBE?AV?$basic_string@DU?$char_traits@D@std@@V?$allocator@D@2@@2@XZ 004143d8 f    CIL library: CIL module
 0001:00013400       __unwindfunclet$?overflow@?$basic_filebuf@DU?$char_traits@D@std@@@std@@MAEHH@Z$0 00414400 f    CIL library: CIL module
 0001:00013400       __unwindfunclet$?uflow@?$basic_filebuf@DU?$char_traits@D@std@@@std@@MAEHXZ$0 00414400 f    CIL library: CIL module
 0001:00013408       __ehhandler$?overflow@?$basic_filebuf@DU?$char_traits@D@std@@@std@@MAEHH@Z 00414408 f    CIL library: CIL module
 0001:00013408       __ehhandler$?uflow@?$basic_filebuf@DU?$char_traits@D@std@@@std@@MAEHXZ 00414408 f    CIL library: CIL module
 0001:00013430       __unwindfunclet$??1?$basic_filebuf@DU?$char_traits@D@std@@@std@@UAE@XZ$0 00414430 f    CIL library: CIL module
 0001:00013439       __ehhandler$??1?$basic_filebuf@DU?$char_traits@D@std@@@std@@UAE@XZ 00414439 f    CIL library: CIL module
 0001:00013460       __unwindfunclet$??0?$basic_ofstream@DU?$char_traits@D@std@@@std@@QAE@XZ$0 00414460 f    CIL library: CIL module
 0001:0001347d       __unwindfunclet$??0?$basic_ofstream@DU?$char_traits@D@std@@@std@@QAE@XZ$1 0041447d f    CIL library: CIL module
 0001:00013489       __unwindfunclet$??0?$basic_ofstream@DU?$char_traits@D@std@@@std@@QAE@XZ$3 00414489 f    CIL library: CIL module
 0001:00013492       __ehhandler$??0?$basic_ofstream@DU?$char_traits@D@std@@@std@@QAE@XZ 00414492 f    CIL library: CIL module
 0001:000134b0       __unwindfunclet$??_D?$basic_ofstream@DU?$char_traits@D@std@@@std@@QAEXXZ$0 004144b0 f    CIL library: CIL module
 0001:000134bc       __ehhandler$??_D?$basic_ofstream@DU?$char_traits@D@std@@@std@@QAEXXZ 004144bc f    CIL library: CIL module
 0001:000134e0       __unwindfunclet$?WriteNewBlackList@CBlackList@@QAEXPAD@Z$0 004144e0 f    CIL library: CIL module
 0001:000134eb       __unwindfunclet$?WriteNewBlackList@CBlackList@@QAEXPAD@Z$1 004144eb f    CIL library: CIL module
 0001:000134fa       __unwindfunclet$?WriteNewBlackList@CBlackList@@QAEXPAD@Z$3 004144fa f    CIL library: CIL module
 0001:00013506       __ehhandler$?WriteNewBlackList@CBlackList@@QAEXPAD@Z 00414506 f    CIL library: CIL module
 0001:00013540       __unwindfunclet$?split@@YA?AV?$vector@V?$basic_string@DU?$char_traits@D@std@@V?$allocator@D@2@@std@@V?$allocator@V?$basic_string@DU?$char_traits@D@std@@V?$allocator@D@2@@std@@@2@@std@@ABV?$basic_string@DU?$char_traits@D@std@@V?$allocator@D@2@@2@D@Z$0 00414540 f    CIL library: CIL module
 0001:00013559       __unwindfunclet$?split@@YA?AV?$vector@V?$basic_string@DU?$char_traits@D@std@@V?$allocator@D@2@@std@@V?$allocator@V?$basic_string@DU?$char_traits@D@std@@V?$allocator@D@2@@std@@@2@@std@@ABV?$basic_string@DU?$char_traits@D@std@@V?$allocator@D@2@@2@D@Z$2 00414559 f    CIL library: CIL module
 0001:00013561       __unwindfunclet$?split@@YA?AV?$vector@V?$basic_string@DU?$char_traits@D@std@@V?$allocator@D@2@@std@@V?$allocator@V?$basic_string@DU?$char_traits@D@std@@V?$allocator@D@2@@std@@@2@@std@@ABV?$basic_string@DU?$char_traits@D@std@@V?$allocator@D@2@@2@D@Z$1 00414561 f    CIL library: CIL module
 0001:00013569       __unwindfunclet$?split@@YA?AV?$vector@V?$basic_string@DU?$char_traits@D@std@@V?$allocator@D@2@@std@@V?$allocator@V?$basic_string@DU?$char_traits@D@std@@V?$allocator@D@2@@std@@@2@@std@@ABV?$basic_string@DU?$char_traits@D@std@@V?$allocator@D@2@@2@D@Z$3 00414569 f    CIL library: CIL module
 0001:0001356e       __unwindfunclet$?split@@YA?AV?$vector@V?$basic_string@DU?$char_traits@D@std@@V?$allocator@D@2@@std@@V?$allocator@V?$basic_string@DU?$char_traits@D@std@@V?$allocator@D@2@@std@@@2@@std@@ABV?$basic_string@DU?$char_traits@D@std@@V?$allocator@D@2@@2@D@Z$4 0041456e f    CIL library: CIL module
 0001:00013573       __ehhandler$?split@@YA?AV?$vector@V?$basic_string@DU?$char_traits@D@std@@V?$allocator@D@2@@std@@V?$allocator@V?$basic_string@DU?$char_traits@D@std@@V?$allocator@D@2@@std@@@2@@std@@ABV?$basic_string@DU?$char_traits@D@std@@V?$allocator@D@2@@2@D@Z 00414573 f    CIL library: CIL module
 0001:000135a0       __unwindfunclet$??0?$basic_ofstream@DU?$char_traits@D@std@@@std@@QAE@PBDHH@Z$0 004145a0 f    CIL library: CIL module
 0001:000135bd       __unwindfunclet$??0?$basic_ofstream@DU?$char_traits@D@std@@@std@@QAE@PBDHH@Z$1 004145bd f    CIL library: CIL module
 0001:000135c9       __unwindfunclet$??0?$basic_ofstream@DU?$char_traits@D@std@@@std@@QAE@PBDHH@Z$3 004145c9 f    CIL library: CIL module
 0001:000135d2       __unwindfunclet$??0?$basic_ofstream@DU?$char_traits@D@std@@@std@@QAE@PBDHH@Z$2 004145d2 f    CIL library: CIL module
 0001:000135dd       __ehhandler$??0?$basic_ofstream@DU?$char_traits@D@std@@@std@@QAE@PBDHH@Z 004145dd f    CIL library: CIL module
 0001:00013600       __unwindfunclet$?RecvFile@CProcessListInfo@@QAEXPAUPMSG_FILE_RECV@@@Z$0 00414600 f    CIL library: CIL module
 0001:0001360b       __unwindfunclet$?RecvFile@CProcessListInfo@@QAEXPAUPMSG_FILE_RECV@@@Z$2 0041460b f    CIL library: CIL module
 0001:00013613       __unwindfunclet$?RecvFile@CProcessListInfo@@QAEXPAUPMSG_FILE_RECV@@@Z$3 00414613 f    CIL library: CIL module
 0001:0001361e       __unwindfunclet$?RecvFile@CProcessListInfo@@QAEXPAUPMSG_FILE_RECV@@@Z$4 0041461e f    CIL library: CIL module
 0001:0001362a       __unwindfunclet$?RecvFile@CProcessListInfo@@QAEXPAUPMSG_FILE_RECV@@@Z$6 0041462a f    CIL library: CIL module
 0001:00013636       __ehhandler$?RecvFile@CProcessListInfo@@QAEXPAUPMSG_FILE_RECV@@@Z 00414636 f    CIL library: CIL module
 0001:00013660       __unwindfunclet$?RecvProcessClass@CProcessListInfo@@QAEXPAUPMSG_WINDOW_CLASS_SEND@@@Z$0 00414660 f    CIL library: CIL module
 0001:0001366b       __unwindfunclet$?RecvProcessClass@CProcessListInfo@@QAEXPAUPMSG_WINDOW_CLASS_SEND@@@Z$1 0041466b f    CIL library: CIL module
 0001:00013673       __unwindfunclet$?RecvProcessClass@CProcessListInfo@@QAEXPAUPMSG_WINDOW_CLASS_SEND@@@Z$3 00414673 f    CIL library: CIL module
 0001:0001367f       __unwindfunclet$?RecvProcessClass@CProcessListInfo@@QAEXPAUPMSG_WINDOW_CLASS_SEND@@@Z$5 0041467f f    CIL library: CIL module
 0001:00013688       __ehhandler$?RecvProcessClass@CProcessListInfo@@QAEXPAUPMSG_WINDOW_CLASS_SEND@@@Z 00414688 f    CIL library: CIL module
 0001:000136b0       __unwindfunclet$??_G?$basic_ofstream@DU?$char_traits@D@std@@@std@@UAEPAXI@Z$0 004146b0 f    CIL library: CIL module
 0001:000136bc       __ehhandler$??_G?$basic_ofstream@DU?$char_traits@D@std@@@std@@UAEPAXI@Z 004146bc f    CIL library: CIL module
 0001:000136e0       __unwindfunclet$?validateIP@@YA_NV?$basic_string@DU?$char_traits@D@std@@V?$allocator@D@2@@std@@@Z$0 004146e0 f    CIL library: CIL module
 0001:000136e8       __unwindfunclet$?validateIP@@YA_NV?$basic_string@DU?$char_traits@D@std@@V?$allocator@D@2@@std@@@Z$1 004146e8 f    CIL library: CIL module
 0001:000136f0       __ehhandler$?validateIP@@YA_NV?$basic_string@DU?$char_traits@D@std@@V?$allocator@D@2@@std@@@Z 004146f0 f    CIL library: CIL module
 0001:00013710       __unwindfunclet$?DrawScreen@CScreenShow@@SAXPAUHWND__@@PAUHDC__@@@Z$0 00414710 f    CIL library: CIL module
 0001:0001371b       __ehhandler$?DrawScreen@CScreenShow@@SAXPAUHWND__@@PAUHDC__@@@Z 0041471b f    CIL library: CIL module
 0001:00013750       __unwindfunclet$?FindCodecForExtension@CImage@ATL@@CA?AU_GUID@@PBDPBVImageCodecInfo@Gdiplus@@I@Z$0 00414750 f    CIL library: CIL module
 0001:0001375b       __unwindfunclet$?FindCodecForExtension@CImage@ATL@@CA?AU_GUID@@PBDPBVImageCodecInfo@Gdiplus@@I@Z$4 0041475b f    CIL library: CIL module
 0001:00013766       __unwindfunclet$?FindCodecForExtension@CImage@ATL@@CA?AU_GUID@@PBDPBVImageCodecInfo@Gdiplus@@I@Z$1 00414766 f    CIL library: CIL module
 0001:00013771       __unwindfunclet$?FindCodecForExtension@CImage@ATL@@CA?AU_GUID@@PBDPBVImageCodecInfo@Gdiplus@@I@Z$2 00414771 f    CIL library: CIL module
 0001:0001377c       __unwindfunclet$?FindCodecForExtension@CImage@ATL@@CA?AU_GUID@@PBDPBVImageCodecInfo@Gdiplus@@I@Z$5 0041477c f    CIL library: CIL module
 0001:00013787       __unwindfunclet$?FindCodecForExtension@CImage@ATL@@CA?AU_GUID@@PBDPBVImageCodecInfo@Gdiplus@@I@Z$3 00414787 f    CIL library: CIL module
 0001:00013792       __ehhandler$?FindCodecForExtension@CImage@ATL@@CA?AU_GUID@@PBDPBVImageCodecInfo@Gdiplus@@I@Z 00414792 f    CIL library: CIL module
 0001:000137c0       __unwindfunclet$?SaveScreen@CScreenShot@@QAEXPAD0H@Z$0 004147c0 f    CIL library: CIL module
 0001:000137cb       __ehhandler$?SaveScreen@CScreenShot@@QAEXPAD0H@Z 004147cb f    CIL library: CIL module
 0001:00013800       __unwindfunclet$??__FgProtection@@YAXXZ$2 00414800 f    CIL library: CIL module
 0001:00013808       __ehhandler$??__FgProtection@@YAXXZ 00414808 f    CIL library: CIL module
 0001:00013830       __unwindfunclet$??__FgProcessManager@@YAXXZ$0 00414830 f    CIL library: CIL module
 0001:0001383a       __unwindfunclet$??__FgProcessManager@@YAXXZ$3 0041483a f    CIL library: CIL module
 0001:00013842       __ehhandler$??__FgProcessManager@@YAXXZ 00414842 f    CIL library: CIL module
 0001:00013860       __unwindfunclet$??__FgIpManager@@YAXXZ$2 00414860 f    CIL library: CIL module
 0001:00013868       __ehhandler$??__FgIpManager@@YAXXZ 00414868 f    CIL library: CIL module
 0001:00013890       ??__EgAuthenticate@@YAXXZ  00414890 f    CIL library: CIL module
 0001:000138c0       ??__EgBlackList@@YAXXZ     004148c0 f    CIL library: CIL module
 0001:000138d0       ??__EgClientManager@@YAXXZ 004148d0 f    CIL library: CIL module
 0001:00013900       ??__EgHidManager@@YAXXZ    00414900 f    CIL library: CIL module
 0001:00013910       ??__EgIpManager@@YAXXZ     00414910 f    CIL library: CIL module
 0001:00013990       ??__EgLog@@YAXXZ           00414990 f    CIL library: CIL module
 0001:000139a0       ??__EgProcessListInfo@@YAXXZ 004149a0 f    CIL library: CIL module
 0001:000139d0       ??__EgProcessManager@@YAXXZ 004149d0 f    CIL library: CIL module
 0001:000139f0       ??__EgProtection@@YAXXZ    004149f0 f    CIL library: CIL module
 0001:00013a10       ??__EgReadFiles@@YAXXZ     00414a10 f    CIL library: CIL module
 0001:00013a20       ??__EgScreenShot@@YAXXZ    00414a20 f    CIL library: CIL module
 0001:00013a40       ??__EgScreenShow@@YAXXZ    00414a40 f    CIL library: CIL module
 0001:00013a60       ??__EgServerDisplayer@@YAXXZ 00414a60 f    CIL library: CIL module
 0001:00013a80       ??__EgServerInfo@@YAXXZ    00414a80 f    CIL library: CIL module
 0001:00013a90       ??__EgSocketManager@@YAXXZ 00414a90 f    CIL library: CIL module
 0001:00013aa1       ??__E_Fac_tidy_reg@std@@YAXXZ 00414aa1 f   msvcprt:locale0_implib.obj
 0001:00013aad       ??__E?s_initGDIPlus@CImage@ATL@@0VCInitGDIPlus@12@A@@YAXXZ 00414aad f   atls:atlimage2.obj
 0001:00013ac3       ??__E?s_cache@CImage@ATL@@0VCDCCache@12@A@@YAXXZ 00414ac3 f   atls:atlimage.obj
 0001:00013ade       ??__Eg_strheap@ATL@@YAXXZ  00414ade f   atls:atlstr.obj
 0001:00013b06       ??__Eg_strmgr@ATL@@YAXXZ   00414b06 f   atls:atlstr.obj
 0001:00013b12       ??__E_AtlBaseModule@ATL@@YAXXZ 00414b12 f   atls:atlbase.obj
 0001:00013b30       ??__FgAuthenticate@@YAXXZ  00414b30 f    CIL library: CIL module
 0001:00013b70       ??__FgBlackList@@YAXXZ     00414b70 f    CIL library: CIL module
 0001:00013bd0       ??__FgClientManager@@YAXXZ 00414bd0 f    CIL library: CIL module
 0001:00013bf0       ??__FgHidManager@@YAXXZ    00414bf0 f    CIL library: CIL module
 0001:00013c30       ??__FgIpManager@@YAXXZ     00414c30 f    CIL library: CIL module
 0001:00013cb0       ??__FgLog@@YAXXZ           00414cb0 f    CIL library: CIL module
 0001:00013cc0       ??__FgProcessListInfo@@YAXXZ 00414cc0 f    CIL library: CIL module
 0001:00013d10       ??__FgProcessManager@@YAXXZ 00414d10 f    CIL library: CIL module
 0001:00013da0       ??__FgProtection@@YAXXZ    00414da0 f    CIL library: CIL module
 0001:00013e20       ??__FgReadFiles@@YAXXZ     00414e20 f    CIL library: CIL module
 0001:00013e30       ??__FgScreenShot@@YAXXZ    00414e30 f    CIL library: CIL module
 0001:00013e80       ??__FgScreenShow@@YAXXZ    00414e80 f    CIL library: CIL module
 0001:00013ee0       ??__FgServerDisplayer@@YAXXZ 00414ee0 f    CIL library: CIL module
 0001:00013f20       ??__FgServerInfo@@YAXXZ    00414f20 f    CIL library: CIL module
 0001:00013f30       ??__FgSocketManager@@YAXXZ 00414f30 f    CIL library: CIL module
 0001:00013f3a       ??__F_Fac_tidy_reg@std@@YAXXZ 00414f3a f   msvcprt:locale0_implib.obj
 0001:00013f44       ??__F?s_initGDIPlus@CImage@ATL@@0VCInitGDIPlus@12@A@@YAXXZ 00414f44 f   atls:atlimage2.obj
 0001:00013f5a       ??__F?s_cache@CImage@ATL@@0VCDCCache@12@A@@YAXXZ 00414f5a f   atls:atlimage.obj
 0001:00013f64       ??__Fg_strheap@ATL@@YAXXZ  00414f64 f   atls:atlstr.obj
 0001:00013f6e       ??__Fg_strmgr@ATL@@YAXXZ   00414f6e f   atls:atlstr.obj
 0001:00013f79       ??__F_AtlBaseModule@ATL@@YAXXZ 00414f79 f   atls:atlbase.obj
